******************************************************************************
                  TI ARM Linker PC v16.9.6                     
******************************************************************************
>> Linked Sat Mar 23 22:27:22 2019

OUTPUT FILE NAME:   <combinedPWMSensor.out>
ENTRY POINT SYMBOL: "_c_int00"  address: 00000cd1


MEMORY CONFIGURATION

         name            origin    length      used     unused   attr    fill
----------------------  --------  ---------  --------  --------  ----  --------
  FLASH                 00000000   00040000  000011bc  0003ee44  R  X
  SRAM                  20000000   00008000  0000023c  00007dc4  RW X


SEGMENT ALLOCATION MAP

run origin  load origin   length   init length attrs members
----------  ----------- ---------- ----------- ----- -------
00000000    00000000    000011bc   000011bc    r-x
  00000000    00000000    0000026c   0000026c    r-- .intvecs
  0000026c    0000026c    00000da8   00000da8    r-x .text
  00001014    00001014    0000016c   0000016c    r-- .const
  00001180    00001180    0000003c   0000003c    r-- .cinit
20000000    20000000    0000023c   00000000    rw-
  20000000    20000000    00000200   00000000    rw- .stack
  20000200    20000200    0000003c   00000000    rw- .data


SECTION ALLOCATION MAP

 output                                  attributes/
section   page    origin      length       input sections
--------  ----  ----------  ----------   ----------------
.intvecs   0    00000000    0000026c     
                  00000000    0000026c     tm4c123gh6pm_startup_ccs.obj (.intvecs)

.text      0    0000026c    00000da8     
                  0000026c    00000498     main.obj (.text)
                  00000704    00000132     driverlib.lib : gpio.obj (.text:GPIOPadConfigSet)
                  00000836    00000002     rtsv7M4_T_le_v4SPD16_eabi.lib : mpu_init.obj (.text)
                  00000838    00000110     driverlib.lib : sysctl.obj (.text:SysCtlClockGet)
                  00000948    000000f4                   : sysctl.obj (.text:SysCtlClockSet)
                  00000a3c    0000009c     rtsv7M4_T_le_v4SPD16_eabi.lib : memcpy_t2.obj (.text)
                  00000ad8    00000070                                   : autoinit.obj (.text)
                  00000b48    00000068     driverlib.lib : interrupt.obj (.text:IntEnable)
                  00000bb0    00000068     rtsv7M4_T_le_v4SPD16_eabi.lib : copy_decompress_lzss.obj (.text:decompress:lzss)
                  00000c18    00000060     driverlib.lib : timer.obj (.text:TimerConfigure)
                  00000c78    00000056                   : gpio.obj (.text:GPIOIntTypeSet)
                  00000cce    00000002     rtsv7M4_T_le_v4SPD16_eabi.lib : startup.obj (.text)
                  00000cd0    00000054                                   : boot.obj (.text)
                  00000d24    00000054                                   : exit.obj (.text)
                  00000d78    0000004c                                   : cpy_tbl.obj (.text)
                  00000dc4    00000048     driverlib.lib : gpio.obj (.text:GPIOPinConfigure)
                  00000e0c    00000046                   : uart.obj (.text:UARTConfigSetExpClk)
                  00000e52    00000002     --HOLE-- [fill = 0]
                  00000e54    00000034                   : sysctl.obj (.text:SysCtlPeripheralEnable)
                  00000e88    0000002a                   : gpio.obj (.text:GPIODirModeSet)
                  00000eb2    00000002     --HOLE-- [fill = 0]
                  00000eb4    00000020                   : uart.obj (.text:UARTDisable)
                  00000ed4    00000018                   : gpio.obj (.text:GPIOPinTypeGPIOOutput)
                  00000eec    00000018                   : timer.obj (.text:TimerDisable)
                  00000f04    00000018     rtsv7M4_T_le_v4SPD16_eabi.lib : args_main.obj (.text)
                  00000f1c    00000014     driverlib.lib : uart.obj (.text:UARTEnable)
                  00000f30    00000014     rtsv7M4_T_le_v4SPD16_eabi.lib : _lock.obj (.text)
                  00000f44    00000012     driverlib.lib : gpio.obj (.text:GPIOPinTypeGPIOInput)
                  00000f56    00000012                   : gpio.obj (.text:GPIOPinTypeUART)
                  00000f68    00000012                   : timer.obj (.text:TimerLoadSet)
                  00000f7a    00000010                   : interrupt.obj (.text:IntMasterEnable)
                  00000f8a    0000000e                   : timer.obj (.text:TimerEnable)
                  00000f98    0000000e                   : uart.obj (.text:UARTCharPutNonBlocking)
                  00000fa6    0000000e     rtsv7M4_T_le_v4SPD16_eabi.lib : copy_decompress_none.obj (.text:decompress:none)
                  00000fb4    0000000c     driverlib.lib : cpu.obj (.text:CPUcpsie)
                  00000fc0    0000000c                   : gpio.obj (.text:GPIOIntEnable)
                  00000fcc    0000000c     tm4c123gh6pm_startup_ccs.obj (.text)
                  00000fd8    0000000a     driverlib.lib : timer.obj (.text:TimerValueGet)
                  00000fe2    0000000a                   : uart.obj (.text:UARTCharPut)
                  00000fec    00000008                   : timer.obj (.text:TimerIntEnable)
                  00000ff4    00000006                   : gpio.obj (.text:GPIOIntClear)
                  00000ffa    00000006                   : gpio.obj (.text:GPIOPinRead)
                  00001000    00000006                   : gpio.obj (.text:GPIOPinWrite)
                  00001006    00000006                   : sysctl.obj (.text:SysCtlDelay)
                  0000100c    00000004                   : timer.obj (.text:TimerIntClear)
                  00001010    00000004     rtsv7M4_T_le_v4SPD16_eabi.lib : pre_init.obj (.text)

.const     0    00001014    0000016c     
                  00001014    00000090     driverlib.lib : gpio.obj (.const:g_pui32GPIOBaseAddrs)
                  000010a4    00000070                   : interrupt.obj (.const)
                  00001114    0000006c                   : sysctl.obj (.const:g_pui32Xtals)

.cinit     0    00001180    0000003c     
                  00001180    0000002b     (.cinit..data.load) [load image, compression = lzss]
                  000011ab    00000001     --HOLE-- [fill = 0]
                  000011ac    00000008     (__TI_handler_table)
                  000011b4    00000008     (__TI_cinit_table)

.init_array 
*          0    00000000    00000000     UNINITIALIZED

.stack     0    20000000    00000200     UNINITIALIZED
                  20000000    00000200     --HOLE--

.data      0    20000200    0000003c     UNINITIALIZED
                  20000200    00000014     main.obj (.data)
                  20000214    0000000d     main.obj (.data:ui8WelcomeText)
                  20000221    00000003     --HOLE--
                  20000224    0000000c     rtsv7M4_T_le_v4SPD16_eabi.lib : exit.obj (.data:$O1$$)
                  20000230    00000008                                   : _lock.obj (.data:$O1$$)
                  20000238    00000004                                   : stkdepth_vars.obj (.data)

MODULE SUMMARY

       Module                         code   ro data   rw data
       ------                         ----   -------   -------
    .\
       main.obj                       1176   0         33     
       tm4c123gh6pm_startup_ccs.obj   12     620       0      
    +--+------------------------------+------+---------+---------+
       Total:                         1188   620       33     
                                                              
    C:/Users/brent/Desktop/Adaptive_Cruise_Control/TIVAWARE/TivaWare_C_Series-2.1.4.178/driverlib/ccs/Debug/driverlib.lib
       gpio.obj                       596    144       0      
       sysctl.obj                     574    108       0      
       interrupt.obj                  120    112       0      
       timer.obj                      174    0         0      
       uart.obj                       146    0         0      
       cpu.obj                        12     0         0      
    +--+------------------------------+------+---------+---------+
       Total:                         1622   364       0      
                                                              
    C:\ti\ccsv7\tools\compiler\ti-cgt-arm_16.9.6.LTS\lib\rtsv7M4_T_le_v4SPD16_eabi.lib
       memcpy_t2.obj                  156    0         0      
       autoinit.obj                   112    0         0      
       copy_decompress_lzss.obj       104    0         0      
       exit.obj                       84     0         12     
       boot.obj                       84     0         0      
       cpy_tbl.obj                    76     0         0      
       _lock.obj                      20     0         8      
       args_main.obj                  24     0         0      
       copy_decompress_none.obj       14     0         0      
       pre_init.obj                   4      0         0      
       stkdepth_vars.obj              0      0         4      
       mpu_init.obj                   2      0         0      
       startup.obj                    2      0         0      
    +--+------------------------------+------+---------+---------+
       Total:                         682    0         24     
                                                              
       Stack:                         0      0         512    
       Linker Generated:              0      59        0      
    +--+------------------------------+------+---------+---------+
       Grand Total:                   3492   1043      569    


LINKER GENERATED COPY TABLES

__TI_cinit_table @ 000011b4 records: 1, size/record: 8, table size: 8
	.data: load addr=00001180, load size=0000002b bytes, run addr=20000200, run size=0000003c bytes, compression=lzss


LINKER GENERATED HANDLER TABLE

__TI_handler_table @ 000011ac records: 2, size/record: 4, table size: 8
	index: 0, handler: __TI_decompress_lzss
	index: 1, handler: __TI_decompress_none


GLOBAL SYMBOLS: SORTED ALPHABETICALLY BY Name 

address   name                           
-------   ----                           
00000d25  C$$EXIT                        
00000fb5  CPUcpsie                       
2000020c  ComparatorValue                
00000e89  GPIODirModeSet                 
00000ff5  GPIOIntClear                   
00000fc1  GPIOIntEnable                  
00000c79  GPIOIntTypeSet                 
00000705  GPIOPadConfigSet               
00000dc5  GPIOPinConfigure               
00000ffb  GPIOPinRead                    
00000f45  GPIOPinTypeGPIOInput           
00000ed5  GPIOPinTypeGPIOOutput          
00000f57  GPIOPinTypeUART                
00001001  GPIOPinWrite                   
00000b49  IntEnable                      
00000f7b  IntMasterEnable                
00000581  PF4_Handler                    
00000429  PF4_Init                       
000004c1  PWM_Init                       
000003bf  PortAIntHandler                
00000fcd  ResetISR                       
UNDEFED   SHT$$INIT_ARRAY$$Base          
UNDEFED   SHT$$INIT_ARRAY$$Limit         
00000839  SysCtlClockGet                 
00000949  SysCtlClockSet                 
00001007  SysCtlDelay                    
00000e55  SysCtlPeripheralEnable         
000005e5  SysTick_Init                   
00000609  SysTick_Wait                   
00000631  SysTick_Wait10ms               
0000039f  Timer0IntHandler               
00000c19  TimerConfigure                 
00000eed  TimerDisable                   
00000f8b  TimerEnable                    
0000100d  TimerIntClear                  
00000fed  TimerIntEnable                 
00000f69  TimerLoadSet                   
00000fd9  TimerValueGet                  
00000fe3  UARTCharPut                    
00000f99  UARTCharPutNonBlocking         
00000e0d  UARTConfigSetExpClk            
00000eb5  UARTDisable                    
00000f1d  UARTEnable                     
20000200  __STACK_END                    
00000200  __STACK_SIZE                   
20000200  __STACK_TOP                    
000011b4  __TI_CINIT_Base                
000011bc  __TI_CINIT_Limit               
000011ac  __TI_Handler_Table_Base        
000011b4  __TI_Handler_Table_Limit       
00000ad9  __TI_auto_init                 
20000224  __TI_cleanup_ptr               
00000bb1  __TI_decompress_lzss           
00000fa7  __TI_decompress_none           
20000228  __TI_dtors_ptr                 
2000022c  __TI_enable_exit_profile_output
ffffffff  __TI_pprof_out_hndl            
ffffffff  __TI_prof_data_size            
ffffffff  __TI_prof_data_start           
00000000  __TI_static_base__             
00000a3d  __aeabi_memcpy                 
00000a3d  __aeabi_memcpy4                
00000a3d  __aeabi_memcpy8                
ffffffff  __binit__                      
ffffffff  __c_args__                     
00000837  __mpu_init                     
20000000  __stack                        
00000f05  _args_main                     
00000cd1  _c_int00                       
20000230  _lock                          
00000f3f  _nop                           
00000f37  _register_lock                 
00000f31  _register_unlock               
00000ccf  _system_post_cinit             
00001011  _system_pre_init               
20000234  _unlock                        
20000210  a                              
00000d29  abort                          
ffffffff  binit                          
20000200  boolTrigCondition              
00000d79  copy_in                        
0000056f  disable_interrupts             
00000575  enable_interrupts              
00000d31  exit                           
00000000  g_pfnVectors                   
0000026d  main                           
20000238  main_func_sp                   
00000a3d  memcpy                         
20000204  ui32EchoDuration               
20000208  ui32ObstacleDist               
20000214  ui8WelcomeText                 
0000057b  wait_for_interrupts            


GLOBAL SYMBOLS: SORTED BY Symbol Address 

address   name                           
-------   ----                           
00000000  __TI_static_base__             
00000000  g_pfnVectors                   
00000200  __STACK_SIZE                   
0000026d  main                           
0000039f  Timer0IntHandler               
000003bf  PortAIntHandler                
00000429  PF4_Init                       
000004c1  PWM_Init                       
0000056f  disable_interrupts             
00000575  enable_interrupts              
0000057b  wait_for_interrupts            
00000581  PF4_Handler                    
000005e5  SysTick_Init                   
00000609  SysTick_Wait                   
00000631  SysTick_Wait10ms               
00000705  GPIOPadConfigSet               
00000837  __mpu_init                     
00000839  SysCtlClockGet                 
00000949  SysCtlClockSet                 
00000a3d  __aeabi_memcpy                 
00000a3d  __aeabi_memcpy4                
00000a3d  __aeabi_memcpy8                
00000a3d  memcpy                         
00000ad9  __TI_auto_init                 
00000b49  IntEnable                      
00000bb1  __TI_decompress_lzss           
00000c19  TimerConfigure                 
00000c79  GPIOIntTypeSet                 
00000ccf  _system_post_cinit             
00000cd1  _c_int00                       
00000d25  C$$EXIT                        
00000d29  abort                          
00000d31  exit                           
00000d79  copy_in                        
00000dc5  GPIOPinConfigure               
00000e0d  UARTConfigSetExpClk            
00000e55  SysCtlPeripheralEnable         
00000e89  GPIODirModeSet                 
00000eb5  UARTDisable                    
00000ed5  GPIOPinTypeGPIOOutput          
00000eed  TimerDisable                   
00000f05  _args_main                     
00000f1d  UARTEnable                     
00000f31  _register_unlock               
00000f37  _register_lock                 
00000f3f  _nop                           
00000f45  GPIOPinTypeGPIOInput           
00000f57  GPIOPinTypeUART                
00000f69  TimerLoadSet                   
00000f7b  IntMasterEnable                
00000f8b  TimerEnable                    
00000f99  UARTCharPutNonBlocking         
00000fa7  __TI_decompress_none           
00000fb5  CPUcpsie                       
00000fc1  GPIOIntEnable                  
00000fcd  ResetISR                       
00000fd9  TimerValueGet                  
00000fe3  UARTCharPut                    
00000fed  TimerIntEnable                 
00000ff5  GPIOIntClear                   
00000ffb  GPIOPinRead                    
00001001  GPIOPinWrite                   
00001007  SysCtlDelay                    
0000100d  TimerIntClear                  
00001011  _system_pre_init               
000011ac  __TI_Handler_Table_Base        
000011b4  __TI_CINIT_Base                
000011b4  __TI_Handler_Table_Limit       
000011bc  __TI_CINIT_Limit               
20000000  __stack                        
20000200  __STACK_END                    
20000200  __STACK_TOP                    
20000200  boolTrigCondition              
20000204  ui32EchoDuration               
20000208  ui32ObstacleDist               
2000020c  ComparatorValue                
20000210  a                              
20000214  ui8WelcomeText                 
20000224  __TI_cleanup_ptr               
20000228  __TI_dtors_ptr                 
2000022c  __TI_enable_exit_profile_output
20000230  _lock                          
20000234  _unlock                        
20000238  main_func_sp                   
ffffffff  __TI_pprof_out_hndl            
ffffffff  __TI_prof_data_size            
ffffffff  __TI_prof_data_start           
ffffffff  __binit__                      
ffffffff  __c_args__                     
ffffffff  binit                          
UNDEFED   SHT$$INIT_ARRAY$$Base          
UNDEFED   SHT$$INIT_ARRAY$$Limit         

[92 symbols]
