******************************************************************************
                  TI ARM Linker PC v16.9.6                     
******************************************************************************
>> Linked Sat Mar 23 13:38:45 2019

OUTPUT FILE NAME:   <combinedPWMSensor.out>
ENTRY POINT SYMBOL: "_c_int00"  address: 00000d19


MEMORY CONFIGURATION

         name            origin    length      used     unused   attr    fill
----------------------  --------  ---------  --------  --------  ----  --------
  FLASH                 00000000   00040000  00001258  0003eda8  R  X
  SRAM                  20000000   00008000  0000023c  00007dc4  RW X


SEGMENT ALLOCATION MAP

run origin  load origin   length   init length attrs members
----------  ----------- ---------- ----------- ----- -------
00000000    00000000    0000125c   0000125c    r-x
  00000000    00000000    0000026c   0000026c    r-- .intvecs
  0000026c    0000026c    00000e44   00000e44    r-x .text
  000010b0    000010b0    0000016c   0000016c    r-- .const
  00001220    00001220    0000003c   0000003c    r-- .cinit
20000000    20000000    0000023c   00000000    rw-
  20000000    20000000    00000200   00000000    rw- .stack
  20000200    20000200    0000003c   00000000    rw- .data


SECTION ALLOCATION MAP

 output                                  attributes/
section   page    origin      length       input sections
--------  ----  ----------  ----------   ----------------
.intvecs   0    00000000    0000026c     
                  00000000    0000026c     tm4c123gh6pm_startup_ccs.obj (.intvecs)

.text      0    0000026c    00000e44     
                  0000026c    000004e0     main.obj (.text)
                  0000074c    00000132     driverlib.lib : gpio.obj (.text:GPIOPadConfigSet)
                  0000087e    00000002     rtsv7M4_T_le_v4SPD16_eabi.lib : mpu_init.obj (.text)
                  00000880    00000110     driverlib.lib : sysctl.obj (.text:SysCtlClockGet)
                  00000990    000000f4                   : sysctl.obj (.text:SysCtlClockSet)
                  00000a84    0000009c     rtsv7M4_T_le_v4SPD16_eabi.lib : memcpy_t2.obj (.text)
                  00000b20    00000070                                   : autoinit.obj (.text)
                  00000b90    00000068     driverlib.lib : interrupt.obj (.text:IntEnable)
                  00000bf8    00000068     rtsv7M4_T_le_v4SPD16_eabi.lib : copy_decompress_lzss.obj (.text:decompress:lzss)
                  00000c60    00000060     driverlib.lib : timer.obj (.text:TimerConfigure)
                  00000cc0    00000056                   : gpio.obj (.text:GPIOIntTypeSet)
                  00000d16    00000002     rtsv7M4_T_le_v4SPD16_eabi.lib : startup.obj (.text)
                  00000d18    00000054                                   : boot.obj (.text)
                  00000d6c    00000054                                   : exit.obj (.text)
                  00000dc0    00000054                                   : ltoa.obj (.text)
                  00000e14    0000004c                                   : cpy_tbl.obj (.text)
                  00000e60    00000048     driverlib.lib : gpio.obj (.text:GPIOPinConfigure)
                  00000ea8    00000046                   : uart.obj (.text:UARTConfigSetExpClk)
                  00000eee    00000002     --HOLE-- [fill = 0]
                  00000ef0    00000034                   : sysctl.obj (.text:SysCtlPeripheralEnable)
                  00000f24    0000002a                   : gpio.obj (.text:GPIODirModeSet)
                  00000f4e    00000002     --HOLE-- [fill = 0]
                  00000f50    00000020                   : uart.obj (.text:UARTDisable)
                  00000f70    00000018                   : gpio.obj (.text:GPIOPinTypeGPIOOutput)
                  00000f88    00000018                   : timer.obj (.text:TimerDisable)
                  00000fa0    00000018     rtsv7M4_T_le_v4SPD16_eabi.lib : args_main.obj (.text)
                  00000fb8    00000014     driverlib.lib : uart.obj (.text:UARTEnable)
                  00000fcc    00000014     rtsv7M4_T_le_v4SPD16_eabi.lib : _lock.obj (.text)
                  00000fe0    00000012     driverlib.lib : gpio.obj (.text:GPIOPinTypeGPIOInput)
                  00000ff2    00000012                   : gpio.obj (.text:GPIOPinTypeUART)
                  00001004    00000012                   : timer.obj (.text:TimerLoadSet)
                  00001016    00000010                   : interrupt.obj (.text:IntMasterEnable)
                  00001026    0000000e                   : timer.obj (.text:TimerEnable)
                  00001034    0000000e                   : uart.obj (.text:UARTCharPutNonBlocking)
                  00001042    0000000e     rtsv7M4_T_le_v4SPD16_eabi.lib : copy_decompress_none.obj (.text:decompress:none)
                  00001050    0000000c     driverlib.lib : cpu.obj (.text:CPUcpsie)
                  0000105c    0000000c                   : gpio.obj (.text:GPIOIntEnable)
                  00001068    0000000c     tm4c123gh6pm_startup_ccs.obj (.text)
                  00001074    0000000a     driverlib.lib : timer.obj (.text:TimerValueGet)
                  0000107e    0000000a                   : uart.obj (.text:UARTCharPut)
                  00001088    00000008                   : timer.obj (.text:TimerIntEnable)
                  00001090    00000006                   : gpio.obj (.text:GPIOIntClear)
                  00001096    00000006                   : gpio.obj (.text:GPIOPinRead)
                  0000109c    00000006                   : gpio.obj (.text:GPIOPinWrite)
                  000010a2    00000006                   : sysctl.obj (.text:SysCtlDelay)
                  000010a8    00000004                   : timer.obj (.text:TimerIntClear)
                  000010ac    00000004     rtsv7M4_T_le_v4SPD16_eabi.lib : pre_init.obj (.text)

.const     0    000010b0    0000016c     
                  000010b0    00000090     driverlib.lib : gpio.obj (.const:g_pui32GPIOBaseAddrs)
                  00001140    00000070                   : interrupt.obj (.const)
                  000011b0    0000006c                   : sysctl.obj (.const:g_pui32Xtals)

.cinit     0    00001220    0000003c     
                  00001220    0000002b     (.cinit..data.load) [load image, compression = lzss]
                  0000124b    00000001     --HOLE-- [fill = 0]
                  0000124c    00000008     (__TI_handler_table)
                  00001254    00000008     (__TI_cinit_table)

.init_array 
*          0    00000000    00000000     UNINITIALIZED

.stack     0    20000000    00000200     UNINITIALIZED
                  20000000    00000200     --HOLE--

.data      0    20000200    0000003c     UNINITIALIZED
                  20000200    00000014     main.obj (.data)
                  20000214    0000000d     main.obj (.data:ui8WelcomeText)
                  20000221    00000003     --HOLE--
                  20000224    0000000c     rtsv7M4_T_le_v4SPD16_eabi.lib : exit.obj (.data:$O1$$)
                  20000230    00000008                                   : _lock.obj (.data:$O1$$)
                  20000238    00000004                                   : stkdepth_vars.obj (.data)

MODULE SUMMARY

       Module                         code   ro data   rw data
       ------                         ----   -------   -------
    .\
       main.obj                       1248   0         33     
       tm4c123gh6pm_startup_ccs.obj   12     620       0      
    +--+------------------------------+------+---------+---------+
       Total:                         1260   620       33     
                                                              
    C:/Users/brent/Desktop/TIVAWARE/TivaWare_C_Series-2.1.4.178/driverlib/ccs/Debug/driverlib.lib
       gpio.obj                       596    144       0      
       sysctl.obj                     574    108       0      
       interrupt.obj                  120    112       0      
       timer.obj                      174    0         0      
       uart.obj                       146    0         0      
       cpu.obj                        12     0         0      
    +--+------------------------------+------+---------+---------+
       Total:                         1622   364       0      
                                                              
    C:\ti\ccsv7\tools\compiler\ti-cgt-arm_16.9.6.LTS\lib\rtsv7M4_T_le_v4SPD16_eabi.lib
       memcpy_t2.obj                  156    0         0      
       autoinit.obj                   112    0         0      
       copy_decompress_lzss.obj       104    0         0      
       exit.obj                       84     0         12     
       boot.obj                       84     0         0      
       ltoa.obj                       84     0         0      
       cpy_tbl.obj                    76     0         0      
       _lock.obj                      20     0         8      
       args_main.obj                  24     0         0      
       copy_decompress_none.obj       14     0         0      
       pre_init.obj                   4      0         0      
       stkdepth_vars.obj              0      0         4      
       mpu_init.obj                   2      0         0      
       startup.obj                    2      0         0      
    +--+------------------------------+------+---------+---------+
       Total:                         766    0         24     
                                                              
       Stack:                         0      0         512    
       Linker Generated:              0      59        0      
    +--+------------------------------+------+---------+---------+
       Grand Total:                   3648   1043      569    


LINKER GENERATED COPY TABLES

__TI_cinit_table @ 00001254 records: 1, size/record: 8, table size: 8
	.data: load addr=00001220, load size=0000002b bytes, run addr=20000200, run size=0000003c bytes, compression=lzss


LINKER GENERATED HANDLER TABLE

__TI_handler_table @ 0000124c records: 2, size/record: 4, table size: 8
	index: 0, handler: __TI_decompress_lzss
	index: 1, handler: __TI_decompress_none


GLOBAL SYMBOLS: SORTED ALPHABETICALLY BY Name 

address   name                           
-------   ----                           
00000d6d  C$$EXIT                        
00001051  CPUcpsie                       
2000020c  ComparatorValue                
00000f25  GPIODirModeSet                 
00001091  GPIOIntClear                   
0000105d  GPIOIntEnable                  
00000cc1  GPIOIntTypeSet                 
0000074d  GPIOPadConfigSet               
00000e61  GPIOPinConfigure               
00001097  GPIOPinRead                    
00000fe1  GPIOPinTypeGPIOInput           
00000f71  GPIOPinTypeGPIOOutput          
00000ff3  GPIOPinTypeUART                
0000109d  GPIOPinWrite                   
00000b91  IntEnable                      
00001017  IntMasterEnable                
000005e5  PF4_Handler                    
00000473  PF4_Init                       
0000050b  PWM_Init                       
000003b7  PortAIntHandler                
00001069  ResetISR                       
UNDEFED   SHT$$INIT_ARRAY$$Base          
UNDEFED   SHT$$INIT_ARRAY$$Limit         
00000881  SysCtlClockGet                 
00000991  SysCtlClockSet                 
000010a3  SysCtlDelay                    
00000ef1  SysCtlPeripheralEnable         
0000064b  SysTick_Init                   
00000659  SysTick_Wait                   
00000685  SysTick_Wait10ms               
00000397  Timer0IntHandler               
00000c61  TimerConfigure                 
00000f89  TimerDisable                   
00001027  TimerEnable                    
000010a9  TimerIntClear                  
00001089  TimerIntEnable                 
00001005  TimerLoadSet                   
00001075  TimerValueGet                  
0000107f  UARTCharPut                    
00001035  UARTCharPutNonBlocking         
00000ea9  UARTConfigSetExpClk            
00000f51  UARTDisable                    
00000fb9  UARTEnable                     
20000200  __STACK_END                    
00000200  __STACK_SIZE                   
20000200  __STACK_TOP                    
00001254  __TI_CINIT_Base                
0000125c  __TI_CINIT_Limit               
0000124c  __TI_Handler_Table_Base        
00001254  __TI_Handler_Table_Limit       
00000b21  __TI_auto_init                 
20000224  __TI_cleanup_ptr               
00000bf9  __TI_decompress_lzss           
00001043  __TI_decompress_none           
20000228  __TI_dtors_ptr                 
2000022c  __TI_enable_exit_profile_output
ffffffff  __TI_pprof_out_hndl            
ffffffff  __TI_prof_data_size            
ffffffff  __TI_prof_data_start           
00000000  __TI_static_base__             
00000a85  __aeabi_memcpy                 
00000a85  __aeabi_memcpy4                
00000a85  __aeabi_memcpy8                
ffffffff  __binit__                      
ffffffff  __c_args__                     
0000087f  __mpu_init                     
20000000  __stack                        
00000fa1  _args_main                     
00000d19  _c_int00                       
20000230  _lock                          
00000fdb  _nop                           
00000fd3  _register_lock                 
00000fcd  _register_unlock               
00000d17  _system_post_cinit             
000010ad  _system_pre_init               
20000234  _unlock                        
20000210  a                              
00000d71  abort                          
ffffffff  binit                          
20000200  boolTrigCondition              
00000e15  copy_in                        
000005b9  disable_interrupts             
000005bf  enable_interrupts              
00000d79  exit                           
00000000  g_pfnVectors                   
00000dc1  ltoa                           
0000026d  main                           
20000238  main_func_sp                   
00000a85  memcpy                         
20000204  ui32EchoDuration               
20000208  ui32ObstacleDist               
20000214  ui8WelcomeText                 
000005c5  wait_for_interrupts            


GLOBAL SYMBOLS: SORTED BY Symbol Address 

address   name                           
-------   ----                           
00000000  __TI_static_base__             
00000000  g_pfnVectors                   
00000200  __STACK_SIZE                   
0000026d  main                           
00000397  Timer0IntHandler               
000003b7  PortAIntHandler                
00000473  PF4_Init                       
0000050b  PWM_Init                       
000005b9  disable_interrupts             
000005bf  enable_interrupts              
000005c5  wait_for_interrupts            
000005e5  PF4_Handler                    
0000064b  SysTick_Init                   
00000659  SysTick_Wait                   
00000685  SysTick_Wait10ms               
0000074d  GPIOPadConfigSet               
0000087f  __mpu_init                     
00000881  SysCtlClockGet                 
00000991  SysCtlClockSet                 
00000a85  __aeabi_memcpy                 
00000a85  __aeabi_memcpy4                
00000a85  __aeabi_memcpy8                
00000a85  memcpy                         
00000b21  __TI_auto_init                 
00000b91  IntEnable                      
00000bf9  __TI_decompress_lzss           
00000c61  TimerConfigure                 
00000cc1  GPIOIntTypeSet                 
00000d17  _system_post_cinit             
00000d19  _c_int00                       
00000d6d  C$$EXIT                        
00000d71  abort                          
00000d79  exit                           
00000dc1  ltoa                           
00000e15  copy_in                        
00000e61  GPIOPinConfigure               
00000ea9  UARTConfigSetExpClk            
00000ef1  SysCtlPeripheralEnable         
00000f25  GPIODirModeSet                 
00000f51  UARTDisable                    
00000f71  GPIOPinTypeGPIOOutput          
00000f89  TimerDisable                   
00000fa1  _args_main                     
00000fb9  UARTEnable                     
00000fcd  _register_unlock               
00000fd3  _register_lock                 
00000fdb  _nop                           
00000fe1  GPIOPinTypeGPIOInput           
00000ff3  GPIOPinTypeUART                
00001005  TimerLoadSet                   
00001017  IntMasterEnable                
00001027  TimerEnable                    
00001035  UARTCharPutNonBlocking         
00001043  __TI_decompress_none           
00001051  CPUcpsie                       
0000105d  GPIOIntEnable                  
00001069  ResetISR                       
00001075  TimerValueGet                  
0000107f  UARTCharPut                    
00001089  TimerIntEnable                 
00001091  GPIOIntClear                   
00001097  GPIOPinRead                    
0000109d  GPIOPinWrite                   
000010a3  SysCtlDelay                    
000010a9  TimerIntClear                  
000010ad  _system_pre_init               
0000124c  __TI_Handler_Table_Base        
00001254  __TI_CINIT_Base                
00001254  __TI_Handler_Table_Limit       
0000125c  __TI_CINIT_Limit               
20000000  __stack                        
20000200  __STACK_END                    
20000200  __STACK_TOP                    
20000200  boolTrigCondition              
20000204  ui32EchoDuration               
20000208  ui32ObstacleDist               
2000020c  ComparatorValue                
20000210  a                              
20000214  ui8WelcomeText                 
20000224  __TI_cleanup_ptr               
20000228  __TI_dtors_ptr                 
2000022c  __TI_enable_exit_profile_output
20000230  _lock                          
20000234  _unlock                        
20000238  main_func_sp                   
ffffffff  __TI_pprof_out_hndl            
ffffffff  __TI_prof_data_size            
ffffffff  __TI_prof_data_start           
ffffffff  __binit__                      
ffffffff  __c_args__                     
ffffffff  binit                          
UNDEFED   SHT$$INIT_ARRAY$$Base          
UNDEFED   SHT$$INIT_ARRAY$$Limit         

[93 symbols]
