******************************************************************************
                  TI ARM Linker PC v18.12.1                    
******************************************************************************
>> Linked Mon Mar 25 23:12:42 2019

OUTPUT FILE NAME:   <combinedPWMSensor.out>
ENTRY POINT SYMBOL: "_c_int00_noargs"  address: 00000d69


MEMORY CONFIGURATION

         name            origin    length      used     unused   attr    fill
----------------------  --------  ---------  --------  --------  ----  --------
  FLASH                 00000000   00040000  0000109c  0003ef64  R  X
  SRAM                  20000000   00008000  00000221  00007ddf  RW X


SEGMENT ALLOCATION MAP

run origin  load origin   length   init length attrs members
----------  ----------- ---------- ----------- ----- -------
00000000    00000000    000010a0   000010a0    r-x
  00000000    00000000    0000026c   0000026c    r-- .intvecs
  0000026c    0000026c    00000c94   00000c94    r-x .text
  00000f00    00000f00    0000016c   0000016c    r-- .const
  00001070    00001070    00000030   00000030    r-- .cinit
20000000    20000000    00000221   00000000    rw-
  20000000    20000000    00000200   00000000    rw- .stack
  20000200    20000200    00000021   00000000    rw- .data


SECTION ALLOCATION MAP

 output                                  attributes/
section   page    origin      length       input sections
--------  ----  ----------  ----------   ----------------
.intvecs   0    00000000    0000026c     
                  00000000    0000026c     tm4c123gh6pm_startup_ccs.obj (.intvecs)

.text      0    0000026c    00000c94     
                  0000026c    00000498     main.obj (.text)
                  00000704    00000132     driverlib.lib : gpio.obj (.text:GPIOPadConfigSet)
                  00000836    00000002     --HOLE-- [fill = 0]
                  00000838    00000110                   : sysctl.obj (.text:SysCtlClockGet)
                  00000948    000000f4                   : sysctl.obj (.text:SysCtlClockSet)
                  00000a3c    0000009c     rtsv7M4_T_le_v4SPD16_eabi.lib : memcpy_t2.asm.obj (.text)
                  00000ad8    00000068     driverlib.lib : interrupt.obj (.text:IntEnable)
                  00000b40    00000068     rtsv7M4_T_le_v4SPD16_eabi.lib : copy_decompress_lzss.c.obj (.text:decompress:lzss:__TI_decompress_lzss)
                  00000ba8    00000060     driverlib.lib : timer.obj (.text:TimerConfigure)
                  00000c08    00000056                   : gpio.obj (.text:GPIOIntTypeSet)
                  00000c5e    00000002     --HOLE-- [fill = 0]
                  00000c60    00000048                   : gpio.obj (.text:GPIOPinConfigure)
                  00000ca8    00000046                   : uart.obj (.text:UARTConfigSetExpClk)
                  00000cee    00000002     --HOLE-- [fill = 0]
                  00000cf0    00000044     rtsv7M4_T_le_v4SPD16_eabi.lib : autoinit.c.obj (.text:__TI_auto_init_nobinit_nopinit:__TI_auto_init_nobinit_nopinit)
                  00000d34    00000034     driverlib.lib : sysctl.obj (.text:SysCtlPeripheralEnable)
                  00000d68    00000034     rtsv7M4_T_le_v4SPD16_eabi.lib : boot_cortex_m.c.obj (.text:_c_int00_noargs:_c_int00_noargs)
                  00000d9c    0000002a     driverlib.lib : gpio.obj (.text:GPIODirModeSet)
                  00000dc6    00000002     --HOLE-- [fill = 0]
                  00000dc8    00000020                   : uart.obj (.text:UARTDisable)
                  00000de8    00000018                   : gpio.obj (.text:GPIOPinTypeGPIOOutput)
                  00000e00    00000018                   : timer.obj (.text:TimerDisable)
                  00000e18    00000014                   : uart.obj (.text:UARTEnable)
                  00000e2c    00000012                   : gpio.obj (.text:GPIOPinTypeGPIOInput)
                  00000e3e    00000012                   : gpio.obj (.text:GPIOPinTypeUART)
                  00000e50    00000012                   : timer.obj (.text:TimerLoadSet)
                  00000e62    00000010                   : interrupt.obj (.text:IntMasterEnable)
                  00000e72    0000000e                   : timer.obj (.text:TimerEnable)
                  00000e80    0000000e                   : uart.obj (.text:UARTCharPutNonBlocking)
                  00000e8e    0000000e     rtsv7M4_T_le_v4SPD16_eabi.lib : copy_decompress_none.c.obj (.text:decompress:none:__TI_decompress_none)
                  00000e9c    0000000c     driverlib.lib : cpu.obj (.text:CPUcpsie)
                  00000ea8    0000000c                   : gpio.obj (.text:GPIOIntEnable)
                  00000eb4    0000000c     tm4c123gh6pm_startup_ccs.obj (.text)
                  00000ec0    0000000a     driverlib.lib : timer.obj (.text:TimerValueGet)
                  00000eca    0000000a                   : uart.obj (.text:UARTCharPut)
                  00000ed4    00000008                   : timer.obj (.text:TimerIntEnable)
                  00000edc    00000006                   : gpio.obj (.text:GPIOIntClear)
                  00000ee2    00000006                   : gpio.obj (.text:GPIOPinRead)
                  00000ee8    00000006                   : gpio.obj (.text:GPIOPinWrite)
                  00000eee    00000006                   : sysctl.obj (.text:SysCtlDelay)
                  00000ef4    00000004                   : timer.obj (.text:TimerIntClear)
                  00000ef8    00000004     rtsv7M4_T_le_v4SPD16_eabi.lib : pre_init.c.obj (.text:_system_pre_init)
                  00000efc    00000004                                   : exit.c.obj (.text:abort:abort)

.const     0    00000f00    0000016c     
                  00000f00    00000090     driverlib.lib : gpio.obj (.const:g_pui32GPIOBaseAddrs)
                  00000f90    00000070                   : interrupt.obj (.const)
                  00001000    0000006c                   : sysctl.obj (.const:g_pui32Xtals)

.cinit     0    00001070    00000030     
                  00001070    0000001e     (.cinit..data.load) [load image, compression = lzss]
                  0000108e    00000002     --HOLE-- [fill = 0]
                  00001090    00000008     (__TI_handler_table)
                  00001098    00000008     (__TI_cinit_table)

.init_array 
*          0    00000000    00000000     UNINITIALIZED

.data      0    20000200    00000021     UNINITIALIZED
                  20000200    00000014     main.obj (.data)
                  20000214    0000000d     main.obj (.data:ui8WelcomeText)

.stack     0    20000000    00000200     UNINITIALIZED
                  20000000    00000004     rtsv7M4_T_le_v4SPD16_eabi.lib : boot_cortex_m.c.obj (.stack)
                  20000004    000001fc     --HOLE--

MODULE SUMMARY

       Module                         code   ro data   rw data
       ------                         ----   -------   -------
    .\
       main.obj                       1176   0         33     
       tm4c123gh6pm_startup_ccs.obj   12     620       0      
    +--+------------------------------+------+---------+---------+
       Total:                         1188   620       33     
                                                              
    C:/Users/harki/Desktop/TIVAWARE/TivaWare_C_Series-2.1.4.178/driverlib/ccs/Debug/driverlib.lib
       gpio.obj                       596    144       0      
       sysctl.obj                     574    108       0      
       interrupt.obj                  120    112       0      
       timer.obj                      174    0         0      
       uart.obj                       146    0         0      
       cpu.obj                        12     0         0      
    +--+------------------------------+------+---------+---------+
       Total:                         1622   364       0      
                                                              
    C:\ti\ccs900\ccs\tools\compiler\ti-cgt-arm_18.12.1.LTS\lib\rtsv7M4_T_le_v4SPD16_eabi.lib
       memcpy_t2.asm.obj              156    0         0      
       copy_decompress_lzss.c.obj     104    0         0      
       autoinit.c.obj                 68     0         0      
       boot_cortex_m.c.obj            52     0         0      
       copy_decompress_none.c.obj     14     0         0      
       exit.c.obj                     4      0         0      
       pre_init.c.obj                 4      0         0      
    +--+------------------------------+------+---------+---------+
       Total:                         402    0         0      
                                                              
       Stack:                         0      0         512    
       Linker Generated:              0      46        0      
    +--+------------------------------+------+---------+---------+
       Grand Total:                   3212   1030      545    


LINKER GENERATED COPY TABLES

__TI_cinit_table @ 00001098 records: 1, size/record: 8, table size: 8
	.data: load addr=00001070, load size=0000001e bytes, run addr=20000200, run size=00000021 bytes, compression=lzss


LINKER GENERATED HANDLER TABLE

__TI_handler_table @ 00001090 records: 2, size/record: 4, table size: 8
	index: 0, handler: __TI_decompress_lzss
	index: 1, handler: __TI_decompress_none


GLOBAL SYMBOLS: SORTED ALPHABETICALLY BY Name 

address   name                          
-------   ----                          
00000efd  C$$EXIT                       
00000e9d  CPUcpsie                      
2000020c  ComparatorValue               
00000d9d  GPIODirModeSet                
00000edd  GPIOIntClear                  
00000ea9  GPIOIntEnable                 
00000c09  GPIOIntTypeSet                
00000705  GPIOPadConfigSet              
00000c61  GPIOPinConfigure              
00000ee3  GPIOPinRead                   
00000e2d  GPIOPinTypeGPIOInput          
00000de9  GPIOPinTypeGPIOOutput         
00000e3f  GPIOPinTypeUART               
00000ee9  GPIOPinWrite                  
00000ad9  IntEnable                     
00000e63  IntMasterEnable               
00000581  PF4_Handler                   
00000429  PF4_Init                      
000004c1  PWM_Init                      
000003bf  PortAIntHandler               
00000eb5  ResetISR                      
00000839  SysCtlClockGet                
00000949  SysCtlClockSet                
00000eef  SysCtlDelay                   
00000d35  SysCtlPeripheralEnable        
000005e5  SysTick_Init                  
00000609  SysTick_Wait                  
00000631  SysTick_Wait10ms              
0000039f  Timer0IntHandler              
00000ba9  TimerConfigure                
00000e01  TimerDisable                  
00000e73  TimerEnable                   
00000ef5  TimerIntClear                 
00000ed5  TimerIntEnable                
00000e51  TimerLoadSet                  
00000ec1  TimerValueGet                 
00000ecb  UARTCharPut                   
00000e81  UARTCharPutNonBlocking        
00000ca9  UARTConfigSetExpClk           
00000dc9  UARTDisable                   
00000e19  UARTEnable                    
20000200  __STACK_END                   
00000200  __STACK_SIZE                  
20000200  __STACK_TOP                   
00001098  __TI_CINIT_Base               
000010a0  __TI_CINIT_Limit              
00001090  __TI_Handler_Table_Base       
00001098  __TI_Handler_Table_Limit      
00000cf1  __TI_auto_init_nobinit_nopinit
00000b41  __TI_decompress_lzss          
00000e8f  __TI_decompress_none          
ffffffff  __TI_pprof_out_hndl           
ffffffff  __TI_prof_data_size           
ffffffff  __TI_prof_data_start          
00000000  __TI_static_base__            
00000a3d  __aeabi_memcpy                
00000a3d  __aeabi_memcpy4               
00000a3d  __aeabi_memcpy8               
ffffffff  __binit__                     
ffffffff  __c_args__                    
UNDEFED   __mpu_init                    
20000000  __stack                       
00000d69  _c_int00_noargs               
UNDEFED   _system_post_cinit            
00000ef9  _system_pre_init              
20000210  a                             
00000efd  abort                         
ffffffff  binit                         
20000200  boolTrigCondition             
0000056f  disable_interrupts            
00000575  enable_interrupts             
00000000  g_pfnVectors                  
0000026d  main                          
00000a3d  memcpy                        
20000204  ui32EchoDuration              
20000208  ui32ObstacleDist              
20000214  ui8WelcomeText                
0000057b  wait_for_interrupts           


GLOBAL SYMBOLS: SORTED BY Symbol Address 

address   name                          
-------   ----                          
00000000  __TI_static_base__            
00000000  g_pfnVectors                  
00000200  __STACK_SIZE                  
0000026d  main                          
0000039f  Timer0IntHandler              
000003bf  PortAIntHandler               
00000429  PF4_Init                      
000004c1  PWM_Init                      
0000056f  disable_interrupts            
00000575  enable_interrupts             
0000057b  wait_for_interrupts           
00000581  PF4_Handler                   
000005e5  SysTick_Init                  
00000609  SysTick_Wait                  
00000631  SysTick_Wait10ms              
00000705  GPIOPadConfigSet              
00000839  SysCtlClockGet                
00000949  SysCtlClockSet                
00000a3d  __aeabi_memcpy                
00000a3d  __aeabi_memcpy4               
00000a3d  __aeabi_memcpy8               
00000a3d  memcpy                        
00000ad9  IntEnable                     
00000b41  __TI_decompress_lzss          
00000ba9  TimerConfigure                
00000c09  GPIOIntTypeSet                
00000c61  GPIOPinConfigure              
00000ca9  UARTConfigSetExpClk           
00000cf1  __TI_auto_init_nobinit_nopinit
00000d35  SysCtlPeripheralEnable        
00000d69  _c_int00_noargs               
00000d9d  GPIODirModeSet                
00000dc9  UARTDisable                   
00000de9  GPIOPinTypeGPIOOutput         
00000e01  TimerDisable                  
00000e19  UARTEnable                    
00000e2d  GPIOPinTypeGPIOInput          
00000e3f  GPIOPinTypeUART               
00000e51  TimerLoadSet                  
00000e63  IntMasterEnable               
00000e73  TimerEnable                   
00000e81  UARTCharPutNonBlocking        
00000e8f  __TI_decompress_none          
00000e9d  CPUcpsie                      
00000ea9  GPIOIntEnable                 
00000eb5  ResetISR                      
00000ec1  TimerValueGet                 
00000ecb  UARTCharPut                   
00000ed5  TimerIntEnable                
00000edd  GPIOIntClear                  
00000ee3  GPIOPinRead                   
00000ee9  GPIOPinWrite                  
00000eef  SysCtlDelay                   
00000ef5  TimerIntClear                 
00000ef9  _system_pre_init              
00000efd  C$$EXIT                       
00000efd  abort                         
00001090  __TI_Handler_Table_Base       
00001098  __TI_CINIT_Base               
00001098  __TI_Handler_Table_Limit      
000010a0  __TI_CINIT_Limit              
20000000  __stack                       
20000200  __STACK_END                   
20000200  __STACK_TOP                   
20000200  boolTrigCondition             
20000204  ui32EchoDuration              
20000208  ui32ObstacleDist              
2000020c  ComparatorValue               
20000210  a                             
20000214  ui8WelcomeText                
ffffffff  __TI_pprof_out_hndl           
ffffffff  __TI_prof_data_size           
ffffffff  __TI_prof_data_start          
ffffffff  __binit__                     
ffffffff  __c_args__                    
ffffffff  binit                         
UNDEFED   __mpu_init                    
UNDEFED   _system_post_cinit            

[78 symbols]
