<?xml version="1.0"?>
<link_info>
   <banner>TI ARM Linker PC v16.9.6.LTS</banner>
   <copyright>Copyright (c) 1996-2017 Texas Instruments Incorporated</copyright>
   <link_time>0x5c96d721</link_time>
   <link_errors>0x0</link_errors>
   <output_file>min to max speed.out</output_file>
   <entry_point>
      <name>_c_int00</name>
      <address>0xd81</address>
   </entry_point>
   <input_file_list>
      <input_file id="fl-2">
         <path>.\</path>
         <kind>object</kind>
         <file>main.obj</file>
         <name>main.obj</name>
      </input_file>
      <input_file id="fl-3">
         <path>.\</path>
         <kind>object</kind>
         <file>tm4c123gh6pm_startup_ccs.obj</file>
         <name>tm4c123gh6pm_startup_ccs.obj</name>
      </input_file>
      <input_file id="fl-8">
         <kind>object</kind>
         <file>&lt;internal&gt;</file>
         <name>&lt;internal&gt;</name>
      </input_file>
      <input_file id="fl-9">
         <path>C:\Users\brent\Desktop\Adaptive_Cruise_Control\TIVAWARE\TivaWare_C_Series-2.1.4.178\driverlib\ccs\Debug\</path>
         <kind>archive</kind>
         <file>driverlib.lib</file>
         <name>gpio.obj</name>
      </input_file>
      <input_file id="fl-a">
         <path>C:\Users\brent\Desktop\Adaptive_Cruise_Control\TIVAWARE\TivaWare_C_Series-2.1.4.178\driverlib\ccs\Debug\</path>
         <kind>archive</kind>
         <file>driverlib.lib</file>
         <name>interrupt.obj</name>
      </input_file>
      <input_file id="fl-b">
         <path>C:\Users\brent\Desktop\Adaptive_Cruise_Control\TIVAWARE\TivaWare_C_Series-2.1.4.178\driverlib\ccs\Debug\</path>
         <kind>archive</kind>
         <file>driverlib.lib</file>
         <name>sysctl.obj</name>
      </input_file>
      <input_file id="fl-c">
         <path>C:\Users\brent\Desktop\Adaptive_Cruise_Control\TIVAWARE\TivaWare_C_Series-2.1.4.178\driverlib\ccs\Debug\</path>
         <kind>archive</kind>
         <file>driverlib.lib</file>
         <name>timer.obj</name>
      </input_file>
      <input_file id="fl-d">
         <path>C:\Users\brent\Desktop\Adaptive_Cruise_Control\TIVAWARE\TivaWare_C_Series-2.1.4.178\driverlib\ccs\Debug\</path>
         <kind>archive</kind>
         <file>driverlib.lib</file>
         <name>uart.obj</name>
      </input_file>
      <input_file id="fl-e">
         <path>C:\Users\brent\Desktop\Adaptive_Cruise_Control\TIVAWARE\TivaWare_C_Series-2.1.4.178\driverlib\ccs\Debug\</path>
         <kind>archive</kind>
         <file>driverlib.lib</file>
         <name>cpu.obj</name>
      </input_file>
      <input_file id="fl-c4">
         <path>C:\ti\ccsv7\tools\compiler\ti-cgt-arm_16.9.6.LTS\lib\</path>
         <kind>archive</kind>
         <file>rtsv7M4_T_le_v4SPD16_eabi.lib</file>
         <name>boot.obj</name>
      </input_file>
      <input_file id="fl-c5">
         <path>C:\ti\ccsv7\tools\compiler\ti-cgt-arm_16.9.6.LTS\lib\</path>
         <kind>archive</kind>
         <file>rtsv7M4_T_le_v4SPD16_eabi.lib</file>
         <name>copy_decompress_lzss.obj</name>
      </input_file>
      <input_file id="fl-c6">
         <path>C:\ti\ccsv7\tools\compiler\ti-cgt-arm_16.9.6.LTS\lib\</path>
         <kind>archive</kind>
         <file>rtsv7M4_T_le_v4SPD16_eabi.lib</file>
         <name>copy_decompress_none.obj</name>
      </input_file>
      <input_file id="fl-c7">
         <path>C:\ti\ccsv7\tools\compiler\ti-cgt-arm_16.9.6.LTS\lib\</path>
         <kind>archive</kind>
         <file>rtsv7M4_T_le_v4SPD16_eabi.lib</file>
         <name>copy_zero_init.obj</name>
      </input_file>
      <input_file id="fl-c8">
         <path>C:\ti\ccsv7\tools\compiler\ti-cgt-arm_16.9.6.LTS\lib\</path>
         <kind>archive</kind>
         <file>rtsv7M4_T_le_v4SPD16_eabi.lib</file>
         <name>exit.obj</name>
      </input_file>
      <input_file id="fl-c9">
         <path>C:\ti\ccsv7\tools\compiler\ti-cgt-arm_16.9.6.LTS\lib\</path>
         <kind>archive</kind>
         <file>rtsv7M4_T_le_v4SPD16_eabi.lib</file>
         <name>ltoa.obj</name>
      </input_file>
      <input_file id="fl-ca">
         <path>C:\ti\ccsv7\tools\compiler\ti-cgt-arm_16.9.6.LTS\lib\</path>
         <kind>archive</kind>
         <file>rtsv7M4_T_le_v4SPD16_eabi.lib</file>
         <name>memcpy_t2.obj</name>
      </input_file>
      <input_file id="fl-cb">
         <path>C:\ti\ccsv7\tools\compiler\ti-cgt-arm_16.9.6.LTS\lib\</path>
         <kind>archive</kind>
         <file>rtsv7M4_T_le_v4SPD16_eabi.lib</file>
         <name>memset_t2.obj</name>
      </input_file>
      <input_file id="fl-cc">
         <path>C:\ti\ccsv7\tools\compiler\ti-cgt-arm_16.9.6.LTS\lib\</path>
         <kind>archive</kind>
         <file>rtsv7M4_T_le_v4SPD16_eabi.lib</file>
         <name>mpu_init.obj</name>
      </input_file>
      <input_file id="fl-cd">
         <path>C:\ti\ccsv7\tools\compiler\ti-cgt-arm_16.9.6.LTS\lib\</path>
         <kind>archive</kind>
         <file>rtsv7M4_T_le_v4SPD16_eabi.lib</file>
         <name>pre_init.obj</name>
      </input_file>
      <input_file id="fl-ce">
         <path>C:\ti\ccsv7\tools\compiler\ti-cgt-arm_16.9.6.LTS\lib\</path>
         <kind>archive</kind>
         <file>rtsv7M4_T_le_v4SPD16_eabi.lib</file>
         <name>stkdepth_vars.obj</name>
      </input_file>
      <input_file id="fl-cf">
         <path>C:\ti\ccsv7\tools\compiler\ti-cgt-arm_16.9.6.LTS\lib\</path>
         <kind>archive</kind>
         <file>rtsv7M4_T_le_v4SPD16_eabi.lib</file>
         <name>_lock.obj</name>
      </input_file>
      <input_file id="fl-d0">
         <path>C:\ti\ccsv7\tools\compiler\ti-cgt-arm_16.9.6.LTS\lib\</path>
         <kind>archive</kind>
         <file>rtsv7M4_T_le_v4SPD16_eabi.lib</file>
         <name>args_main.obj</name>
      </input_file>
      <input_file id="fl-d1">
         <path>C:\ti\ccsv7\tools\compiler\ti-cgt-arm_16.9.6.LTS\lib\</path>
         <kind>archive</kind>
         <file>rtsv7M4_T_le_v4SPD16_eabi.lib</file>
         <name>autoinit.obj</name>
      </input_file>
      <input_file id="fl-d2">
         <path>C:\ti\ccsv7\tools\compiler\ti-cgt-arm_16.9.6.LTS\lib\</path>
         <kind>archive</kind>
         <file>rtsv7M4_T_le_v4SPD16_eabi.lib</file>
         <name>cpy_tbl.obj</name>
      </input_file>
      <input_file id="fl-d3">
         <path>C:\ti\ccsv7\tools\compiler\ti-cgt-arm_16.9.6.LTS\lib\</path>
         <kind>archive</kind>
         <file>rtsv7M4_T_le_v4SPD16_eabi.lib</file>
         <name>startup.obj</name>
      </input_file>
   </input_file_list>
   <object_component_list>
      <object_component id="oc-f">
         <name>.intvecs</name>
         <load_address>0x0</load_address>
         <run_address>0x0</run_address>
         <size>0x26c</size>
         <input_file_ref idref="fl-3"/>
      </object_component>
      <object_component id="oc-31">
         <name>.text</name>
         <load_address>0x26c</load_address>
         <run_address>0x26c</run_address>
         <size>0x548</size>
         <input_file_ref idref="fl-2"/>
      </object_component>
      <object_component id="oc-bc">
         <name>.text:GPIOPadConfigSet</name>
         <load_address>0x7b4</load_address>
         <run_address>0x7b4</run_address>
         <size>0x132</size>
         <input_file_ref idref="fl-9"/>
      </object_component>
      <object_component id="oc-5d">
         <name>.text</name>
         <load_address>0x8e6</load_address>
         <run_address>0x8e6</run_address>
         <size>0x2</size>
         <input_file_ref idref="fl-cc"/>
      </object_component>
      <object_component id="oc-9e">
         <name>.text:SysCtlClockGet</name>
         <load_address>0x8e8</load_address>
         <run_address>0x8e8</run_address>
         <size>0x110</size>
         <input_file_ref idref="fl-b"/>
      </object_component>
      <object_component id="oc-80">
         <name>.text:SysCtlClockSet</name>
         <load_address>0x9f8</load_address>
         <run_address>0x9f8</run_address>
         <size>0xf4</size>
         <input_file_ref idref="fl-b"/>
      </object_component>
      <object_component id="oc-45">
         <name>.text</name>
         <load_address>0xaec</load_address>
         <run_address>0xaec</run_address>
         <size>0x9c</size>
         <input_file_ref idref="fl-ca"/>
      </object_component>
      <object_component id="oc-69">
         <name>.text</name>
         <load_address>0xb88</load_address>
         <run_address>0xb88</run_address>
         <size>0x70</size>
         <input_file_ref idref="fl-d1"/>
      </object_component>
      <object_component id="oc-c2">
         <name>.text:IntEnable</name>
         <load_address>0xbf8</load_address>
         <run_address>0xbf8</run_address>
         <size>0x68</size>
         <input_file_ref idref="fl-a"/>
      </object_component>
      <object_component id="oc-12">
         <name>.text:decompress:lzss</name>
         <load_address>0xc60</load_address>
         <run_address>0xc60</run_address>
         <size>0x68</size>
         <input_file_ref idref="fl-c5"/>
      </object_component>
      <object_component id="oc-d4">
         <name>.text:TimerConfigure</name>
         <load_address>0xcc8</load_address>
         <run_address>0xcc8</run_address>
         <size>0x60</size>
         <input_file_ref idref="fl-c"/>
      </object_component>
      <object_component id="oc-c8">
         <name>.text:GPIOIntTypeSet</name>
         <load_address>0xd28</load_address>
         <run_address>0xd28</run_address>
         <size>0x56</size>
         <input_file_ref idref="fl-9"/>
      </object_component>
      <object_component id="oc-14f">
         <name>.text</name>
         <load_address>0xd7e</load_address>
         <run_address>0xd7e</run_address>
         <size>0x2</size>
         <input_file_ref idref="fl-d3"/>
      </object_component>
      <object_component id="oc-24">
         <name>.text</name>
         <load_address>0xd80</load_address>
         <run_address>0xd80</run_address>
         <size>0x54</size>
         <input_file_ref idref="fl-c4"/>
      </object_component>
      <object_component id="oc-75">
         <name>.text</name>
         <load_address>0xdd4</load_address>
         <run_address>0xdd4</run_address>
         <size>0x54</size>
         <input_file_ref idref="fl-c8"/>
      </object_component>
      <object_component id="oc-116">
         <name>.text</name>
         <load_address>0xe28</load_address>
         <run_address>0xe28</run_address>
         <size>0x54</size>
         <input_file_ref idref="fl-c9"/>
      </object_component>
      <object_component id="oc-149">
         <name>.text</name>
         <load_address>0xe7c</load_address>
         <run_address>0xe7c</run_address>
         <size>0x4c</size>
         <input_file_ref idref="fl-d2"/>
      </object_component>
      <object_component id="oc-92">
         <name>.text:GPIOPinConfigure</name>
         <load_address>0xec8</load_address>
         <run_address>0xec8</run_address>
         <size>0x48</size>
         <input_file_ref idref="fl-9"/>
      </object_component>
      <object_component id="oc-a4">
         <name>.text:UARTConfigSetExpClk</name>
         <load_address>0xf10</load_address>
         <run_address>0xf10</run_address>
         <size>0x46</size>
         <input_file_ref idref="fl-d"/>
      </object_component>
      <object_component id="oc-86">
         <name>.text:SysCtlPeripheralEnable</name>
         <load_address>0xf58</load_address>
         <run_address>0xf58</run_address>
         <size>0x34</size>
         <input_file_ref idref="fl-b"/>
      </object_component>
      <object_component id="oc-174">
         <name>.text:GPIODirModeSet</name>
         <load_address>0xf8c</load_address>
         <run_address>0xf8c</run_address>
         <size>0x2a</size>
         <input_file_ref idref="fl-9"/>
      </object_component>
      <object_component id="oc-17f">
         <name>.text:UARTDisable</name>
         <load_address>0xfb8</load_address>
         <run_address>0xfb8</run_address>
         <size>0x20</size>
         <input_file_ref idref="fl-d"/>
      </object_component>
      <object_component id="oc-b0">
         <name>.text:GPIOPinTypeGPIOOutput</name>
         <load_address>0xfd8</load_address>
         <run_address>0xfd8</run_address>
         <size>0x18</size>
         <input_file_ref idref="fl-9"/>
      </object_component>
      <object_component id="oc-f8">
         <name>.text:TimerDisable</name>
         <load_address>0xff0</load_address>
         <run_address>0xff0</run_address>
         <size>0x18</size>
         <input_file_ref idref="fl-c"/>
      </object_component>
      <object_component id="oc-6f">
         <name>.text</name>
         <load_address>0x1008</load_address>
         <run_address>0x1008</run_address>
         <size>0x18</size>
         <input_file_ref idref="fl-d0"/>
      </object_component>
      <object_component id="oc-aa">
         <name>.text:UARTEnable</name>
         <load_address>0x1020</load_address>
         <run_address>0x1020</run_address>
         <size>0x14</size>
         <input_file_ref idref="fl-d"/>
      </object_component>
      <object_component id="oc-1c0">
         <name>.text</name>
         <load_address>0x1034</load_address>
         <run_address>0x1034</run_address>
         <size>0x14</size>
         <input_file_ref idref="fl-cf"/>
      </object_component>
      <object_component id="oc-b6">
         <name>.text:GPIOPinTypeGPIOInput</name>
         <load_address>0x1048</load_address>
         <run_address>0x1048</run_address>
         <size>0x12</size>
         <input_file_ref idref="fl-9"/>
      </object_component>
      <object_component id="oc-98">
         <name>.text:GPIOPinTypeUART</name>
         <load_address>0x105a</load_address>
         <run_address>0x105a</run_address>
         <size>0x12</size>
         <input_file_ref idref="fl-9"/>
      </object_component>
      <object_component id="oc-8c">
         <name>.text:IntMasterEnable</name>
         <load_address>0x106c</load_address>
         <run_address>0x106c</run_address>
         <size>0x10</size>
         <input_file_ref idref="fl-a"/>
      </object_component>
      <object_component id="oc-10a">
         <name>.text:TimerEnable</name>
         <load_address>0x107c</load_address>
         <run_address>0x107c</run_address>
         <size>0xe</size>
         <input_file_ref idref="fl-c"/>
      </object_component>
      <object_component id="oc-e0">
         <name>.text:UARTCharPutNonBlocking</name>
         <load_address>0x108a</load_address>
         <run_address>0x108a</run_address>
         <size>0xe</size>
         <input_file_ref idref="fl-d"/>
      </object_component>
      <object_component id="oc-18">
         <name>.text:decompress:none</name>
         <load_address>0x1098</load_address>
         <run_address>0x1098</run_address>
         <size>0xe</size>
         <input_file_ref idref="fl-c6"/>
      </object_component>
      <object_component id="oc-168">
         <name>.text:CPUcpsie</name>
         <load_address>0x10a6</load_address>
         <run_address>0x10a6</run_address>
         <size>0xc</size>
         <input_file_ref idref="fl-e"/>
      </object_component>
      <object_component id="oc-ce">
         <name>.text:GPIOIntEnable</name>
         <load_address>0x10b2</load_address>
         <run_address>0x10b2</run_address>
         <size>0xc</size>
         <input_file_ref idref="fl-9"/>
      </object_component>
      <object_component id="oc-2b">
         <name>.text</name>
         <load_address>0x10be</load_address>
         <run_address>0x10be</run_address>
         <size>0xc</size>
         <input_file_ref idref="fl-3"/>
      </object_component>
      <object_component id="oc-110">
         <name>.text:TimerValueGet</name>
         <load_address>0x10ca</load_address>
         <run_address>0x10ca</run_address>
         <size>0xa</size>
         <input_file_ref idref="fl-c"/>
      </object_component>
      <object_component id="oc-e6">
         <name>.text:UARTCharPut</name>
         <load_address>0x10d4</load_address>
         <run_address>0x10d4</run_address>
         <size>0xa</size>
         <input_file_ref idref="fl-d"/>
      </object_component>
      <object_component id="oc-da">
         <name>.text:TimerIntEnable</name>
         <load_address>0x10de</load_address>
         <run_address>0x10de</run_address>
         <size>0x8</size>
         <input_file_ref idref="fl-c"/>
      </object_component>
      <object_component id="oc-fe">
         <name>.text:GPIOIntClear</name>
         <load_address>0x10e6</load_address>
         <run_address>0x10e6</run_address>
         <size>0x6</size>
         <input_file_ref idref="fl-9"/>
      </object_component>
      <object_component id="oc-104">
         <name>.text:GPIOPinRead</name>
         <load_address>0x10ec</load_address>
         <run_address>0x10ec</run_address>
         <size>0x6</size>
         <input_file_ref idref="fl-9"/>
      </object_component>
      <object_component id="oc-ec">
         <name>.text:GPIOPinWrite</name>
         <load_address>0x10f2</load_address>
         <run_address>0x10f2</run_address>
         <size>0x6</size>
         <input_file_ref idref="fl-9"/>
      </object_component>
      <object_component id="oc-164">
         <name>.text:SysCtlDelay</name>
         <load_address>0x10f8</load_address>
         <run_address>0x10f8</run_address>
         <size>0x6</size>
         <input_file_ref idref="fl-b"/>
      </object_component>
      <object_component id="oc-f2">
         <name>.text:TimerIntClear</name>
         <load_address>0x10fe</load_address>
         <run_address>0x10fe</run_address>
         <size>0x4</size>
         <input_file_ref idref="fl-c"/>
      </object_component>
      <object_component id="oc-63">
         <name>.text</name>
         <load_address>0x1102</load_address>
         <run_address>0x1102</run_address>
         <size>0x4</size>
         <input_file_ref idref="fl-cd"/>
      </object_component>
      <object_component id="oc-16f">
         <name>.const:g_pui32GPIOBaseAddrs</name>
         <load_address>0x1108</load_address>
         <run_address>0x1108</run_address>
         <size>0x90</size>
         <input_file_ref idref="fl-9"/>
      </object_component>
      <object_component id="oc-18b">
         <name>.const</name>
         <load_address>0x1198</load_address>
         <run_address>0x1198</run_address>
         <size>0x70</size>
         <input_file_ref idref="fl-a"/>
      </object_component>
      <object_component id="oc-17b">
         <name>.const:g_pui32Xtals</name>
         <load_address>0x1208</load_address>
         <run_address>0x1208</run_address>
         <size>0x6c</size>
         <input_file_ref idref="fl-b"/>
      </object_component>
      <object_component id="oc-216">
         <name>.cinit..data.load</name>
         <load_address>0x1278</load_address>
         <run_address>0x1278</run_address>
         <size>0x2b</size>
      </object_component>
      <object_component id="oc-214">
         <name>__TI_handler_table</name>
         <load_address>0x12a4</load_address>
         <run_address>0x12a4</run_address>
         <size>0x8</size>
      </object_component>
      <object_component id="oc-215">
         <name>__TI_cinit_table</name>
         <load_address>0x12ac</load_address>
         <run_address>0x12ac</run_address>
         <size>0x8</size>
      </object_component>
      <object_component id="oc-11f">
         <name>.data</name>
         <load_address>0x20000200</load_address>
         <run_address>0x20000200</run_address>
         <size>0x14</size>
         <input_file_ref idref="fl-2"/>
      </object_component>
      <object_component id="oc-11c">
         <name>.data:ui8WelcomeText</name>
         <load_address>0x20000214</load_address>
         <run_address>0x20000214</run_address>
         <size>0xd</size>
         <input_file_ref idref="fl-2"/>
      </object_component>
      <object_component id="oc-159">
         <name>.data:$O1$$</name>
         <load_address>0x20000224</load_address>
         <run_address>0x20000224</run_address>
         <size>0xc</size>
         <input_file_ref idref="fl-c8"/>
      </object_component>
      <object_component id="oc-7b">
         <name>.data</name>
         <load_address>0x20000238</load_address>
         <run_address>0x20000238</run_address>
         <size>0x4</size>
         <input_file_ref idref="fl-ce"/>
      </object_component>
      <object_component id="oc-15c">
         <name>.data:$O1$$</name>
         <load_address>0x20000230</load_address>
         <run_address>0x20000230</run_address>
         <size>0x8</size>
         <input_file_ref idref="fl-cf"/>
      </object_component>
      <object_component id="oc-2a">
         <name>.stack</name>
         <uninitialized>true</uninitialized>
         <run_address>0x20000000</run_address>
         <size>0x0</size>
         <input_file_ref idref="fl-c4"/>
      </object_component>
      <object_component id="oc-217">
         <name>.stack</name>
         <uninitialized>true</uninitialized>
         <run_address>0x20000000</run_address>
         <size>0x0</size>
      </object_component>
      <object_component id="oc-12d">
         <name>.debug_info</name>
         <load_address>0x0</load_address>
         <run_address>0x0</run_address>
         <size>0x866</size>
         <input_file_ref idref="fl-2"/>
      </object_component>
      <object_component id="oc-120">
         <name>.debug_info</name>
         <load_address>0x866</load_address>
         <run_address>0x866</run_address>
         <size>0x198</size>
         <input_file_ref idref="fl-2"/>
      </object_component>
      <object_component id="oc-11d">
         <name>.debug_info</name>
         <load_address>0x9fe</load_address>
         <run_address>0x9fe</run_address>
         <size>0xee</size>
         <input_file_ref idref="fl-2"/>
      </object_component>
      <object_component id="oc-32">
         <name>.debug_info</name>
         <load_address>0xaec</load_address>
         <run_address>0xaec</run_address>
         <size>0x92b</size>
         <input_file_ref idref="fl-2"/>
      </object_component>
      <object_component id="oc-123">
         <name>.debug_info</name>
         <load_address>0x1417</load_address>
         <run_address>0x1417</run_address>
         <size>0x8b</size>
         <input_file_ref idref="fl-2"/>
      </object_component>
      <object_component id="oc-128">
         <name>.debug_info</name>
         <load_address>0x14a2</load_address>
         <run_address>0x14a2</run_address>
         <size>0x18b</size>
         <input_file_ref idref="fl-2"/>
      </object_component>
      <object_component id="oc-39">
         <name>.debug_info</name>
         <load_address>0x162d</load_address>
         <run_address>0x162d</run_address>
         <size>0x319</size>
         <input_file_ref idref="fl-3"/>
      </object_component>
      <object_component id="oc-10">
         <name>.debug_info</name>
         <load_address>0x1946</load_address>
         <run_address>0x1946</run_address>
         <size>0xfe</size>
         <input_file_ref idref="fl-3"/>
      </object_component>
      <object_component id="oc-2c">
         <name>.debug_info</name>
         <load_address>0x1a44</load_address>
         <run_address>0x1a44</run_address>
         <size>0x27a</size>
         <input_file_ref idref="fl-3"/>
      </object_component>
      <object_component id="oc-40">
         <name>.debug_info</name>
         <load_address>0x1cbe</load_address>
         <run_address>0x1cbe</run_address>
         <size>0x84</size>
         <input_file_ref idref="fl-3"/>
      </object_component>
      <object_component id="oc-173">
         <name>.debug_info</name>
         <load_address>0x1d42</load_address>
         <run_address>0x1d42</run_address>
         <size>0x240</size>
         <input_file_ref idref="fl-9"/>
      </object_component>
      <object_component id="oc-170">
         <name>.debug_info</name>
         <load_address>0x1f82</load_address>
         <run_address>0x1f82</run_address>
         <size>0x15b</size>
         <input_file_ref idref="fl-9"/>
      </object_component>
      <object_component id="oc-ed">
         <name>.debug_info</name>
         <load_address>0x20dd</load_address>
         <run_address>0x20dd</run_address>
         <size>0x2a3</size>
         <input_file_ref idref="fl-9"/>
      </object_component>
      <object_component id="oc-175">
         <name>.debug_info</name>
         <load_address>0x2380</load_address>
         <run_address>0x2380</run_address>
         <size>0x2b3</size>
         <input_file_ref idref="fl-9"/>
      </object_component>
      <object_component id="oc-bd">
         <name>.debug_info</name>
         <load_address>0x2633</load_address>
         <run_address>0x2633</run_address>
         <size>0x316</size>
         <input_file_ref idref="fl-9"/>
      </object_component>
      <object_component id="oc-99">
         <name>.debug_info</name>
         <load_address>0x2949</load_address>
         <run_address>0x2949</run_address>
         <size>0x27b</size>
         <input_file_ref idref="fl-9"/>
      </object_component>
      <object_component id="oc-b1">
         <name>.debug_info</name>
         <load_address>0x2bc4</load_address>
         <run_address>0x2bc4</run_address>
         <size>0x2b7</size>
         <input_file_ref idref="fl-9"/>
      </object_component>
      <object_component id="oc-b7">
         <name>.debug_info</name>
         <load_address>0x2e7b</load_address>
         <run_address>0x2e7b</run_address>
         <size>0x285</size>
         <input_file_ref idref="fl-9"/>
      </object_component>
      <object_component id="oc-105">
         <name>.debug_info</name>
         <load_address>0x3100</load_address>
         <run_address>0x3100</run_address>
         <size>0x27b</size>
         <input_file_ref idref="fl-9"/>
      </object_component>
      <object_component id="oc-93">
         <name>.debug_info</name>
         <load_address>0x337b</load_address>
         <run_address>0x337b</run_address>
         <size>0x280</size>
         <input_file_ref idref="fl-9"/>
      </object_component>
      <object_component id="oc-c9">
         <name>.debug_info</name>
         <load_address>0x35fb</load_address>
         <run_address>0x35fb</run_address>
         <size>0x2bb</size>
         <input_file_ref idref="fl-9"/>
      </object_component>
      <object_component id="oc-cf">
         <name>.debug_info</name>
         <load_address>0x38b6</load_address>
         <run_address>0x38b6</run_address>
         <size>0x28f</size>
         <input_file_ref idref="fl-9"/>
      </object_component>
      <object_component id="oc-ff">
         <name>.debug_info</name>
         <load_address>0x3b45</load_address>
         <run_address>0x3b45</run_address>
         <size>0x28d</size>
         <input_file_ref idref="fl-9"/>
      </object_component>
      <object_component id="oc-18f">
         <name>.debug_info</name>
         <load_address>0x3dd2</load_address>
         <run_address>0x3dd2</run_address>
         <size>0x20e</size>
         <input_file_ref idref="fl-a"/>
      </object_component>
      <object_component id="oc-18c">
         <name>.debug_info</name>
         <load_address>0x3fe0</load_address>
         <run_address>0x3fe0</run_address>
         <size>0x210</size>
         <input_file_ref idref="fl-a"/>
      </object_component>
      <object_component id="oc-8d">
         <name>.debug_info</name>
         <load_address>0x41f0</load_address>
         <run_address>0x41f0</run_address>
         <size>0x23e</size>
         <input_file_ref idref="fl-a"/>
      </object_component>
      <object_component id="oc-c3">
         <name>.debug_info</name>
         <load_address>0x442e</load_address>
         <run_address>0x442e</run_address>
         <size>0x268</size>
         <input_file_ref idref="fl-a"/>
      </object_component>
      <object_component id="oc-166">
         <name>.debug_info</name>
         <load_address>0x4696</load_address>
         <run_address>0x4696</run_address>
         <size>0x298</size>
         <input_file_ref idref="fl-b"/>
      </object_component>
      <object_component id="oc-17c">
         <name>.debug_info</name>
         <load_address>0x492e</load_address>
         <run_address>0x492e</run_address>
         <size>0x14d</size>
         <input_file_ref idref="fl-b"/>
      </object_component>
      <object_component id="oc-87">
         <name>.debug_info</name>
         <load_address>0x4a7b</load_address>
         <run_address>0x4a7b</run_address>
         <size>0x27d</size>
         <input_file_ref idref="fl-b"/>
      </object_component>
      <object_component id="oc-81">
         <name>.debug_info</name>
         <load_address>0x4cf8</load_address>
         <run_address>0x4cf8</run_address>
         <size>0x2db</size>
         <input_file_ref idref="fl-b"/>
      </object_component>
      <object_component id="oc-9f">
         <name>.debug_info</name>
         <load_address>0x4fd3</load_address>
         <run_address>0x4fd3</run_address>
         <size>0x2b5</size>
         <input_file_ref idref="fl-b"/>
      </object_component>
      <object_component id="oc-1ce">
         <name>.debug_info</name>
         <load_address>0x5288</load_address>
         <run_address>0x5288</run_address>
         <size>0x5f</size>
         <input_file_ref idref="fl-b"/>
      </object_component>
      <object_component id="oc-193">
         <name>.debug_info</name>
         <load_address>0x52e7</load_address>
         <run_address>0x52e7</run_address>
         <size>0x223</size>
         <input_file_ref idref="fl-c"/>
      </object_component>
      <object_component id="oc-112">
         <name>.debug_info</name>
         <load_address>0x550a</load_address>
         <run_address>0x550a</run_address>
         <size>0x28a</size>
         <input_file_ref idref="fl-c"/>
      </object_component>
      <object_component id="oc-dd">
         <name>.debug_info</name>
         <load_address>0x5794</load_address>
         <run_address>0x5794</run_address>
         <size>0x294</size>
         <input_file_ref idref="fl-c"/>
      </object_component>
      <object_component id="oc-f5">
         <name>.debug_info</name>
         <load_address>0x5a28</load_address>
         <run_address>0x5a28</run_address>
         <size>0x292</size>
         <input_file_ref idref="fl-c"/>
      </object_component>
      <object_component id="oc-10d">
         <name>.debug_info</name>
         <load_address>0x5cba</load_address>
         <run_address>0x5cba</run_address>
         <size>0x27f</size>
         <input_file_ref idref="fl-c"/>
      </object_component>
      <object_component id="oc-fb">
         <name>.debug_info</name>
         <load_address>0x5f39</load_address>
         <run_address>0x5f39</run_address>
         <size>0x281</size>
         <input_file_ref idref="fl-c"/>
      </object_component>
      <object_component id="oc-d7">
         <name>.debug_info</name>
         <load_address>0x61ba</load_address>
         <run_address>0x61ba</run_address>
         <size>0x28c</size>
         <input_file_ref idref="fl-c"/>
      </object_component>
      <object_component id="oc-186">
         <name>.debug_info</name>
         <load_address>0x6446</load_address>
         <run_address>0x6446</run_address>
         <size>0x227</size>
         <input_file_ref idref="fl-d"/>
      </object_component>
      <object_component id="oc-ab">
         <name>.debug_info</name>
         <load_address>0x666d</load_address>
         <run_address>0x666d</run_address>
         <size>0x247</size>
         <input_file_ref idref="fl-d"/>
      </object_component>
      <object_component id="oc-180">
         <name>.debug_info</name>
         <load_address>0x68b4</load_address>
         <run_address>0x68b4</run_address>
         <size>0x249</size>
         <input_file_ref idref="fl-d"/>
      </object_component>
      <object_component id="oc-a5">
         <name>.debug_info</name>
         <load_address>0x6afd</load_address>
         <run_address>0x6afd</run_address>
         <size>0x326</size>
         <input_file_ref idref="fl-d"/>
      </object_component>
      <object_component id="oc-e1">
         <name>.debug_info</name>
         <load_address>0x6e23</load_address>
         <run_address>0x6e23</run_address>
         <size>0x28d</size>
         <input_file_ref idref="fl-d"/>
      </object_component>
      <object_component id="oc-e7">
         <name>.debug_info</name>
         <load_address>0x70b0</load_address>
         <run_address>0x70b0</run_address>
         <size>0x273</size>
         <input_file_ref idref="fl-d"/>
      </object_component>
      <object_component id="oc-169">
         <name>.debug_info</name>
         <load_address>0x7323</load_address>
         <run_address>0x7323</run_address>
         <size>0x212</size>
         <input_file_ref idref="fl-e"/>
      </object_component>
      <object_component id="oc-27">
         <name>.debug_info</name>
         <load_address>0x7535</load_address>
         <run_address>0x7535</run_address>
         <size>0x160</size>
         <input_file_ref idref="fl-c4"/>
      </object_component>
      <object_component id="oc-136">
         <name>.debug_info</name>
         <load_address>0x7695</load_address>
         <run_address>0x7695</run_address>
         <size>0x293</size>
         <input_file_ref idref="fl-c5"/>
      </object_component>
      <object_component id="oc-13">
         <name>.debug_info</name>
         <load_address>0x7928</load_address>
         <run_address>0x7928</run_address>
         <size>0x245</size>
         <input_file_ref idref="fl-c5"/>
      </object_component>
      <object_component id="oc-3b">
         <name>.debug_info</name>
         <load_address>0x7b6d</load_address>
         <run_address>0x7b6d</run_address>
         <size>0x60</size>
         <input_file_ref idref="fl-c5"/>
      </object_component>
      <object_component id="oc-131">
         <name>.debug_info</name>
         <load_address>0x7bcd</load_address>
         <run_address>0x7bcd</run_address>
         <size>0x46</size>
         <input_file_ref idref="fl-c5"/>
      </object_component>
      <object_component id="oc-50">
         <name>.debug_info</name>
         <load_address>0x7c13</load_address>
         <run_address>0x7c13</run_address>
         <size>0x2da</size>
         <input_file_ref idref="fl-c6"/>
      </object_component>
      <object_component id="oc-19">
         <name>.debug_info</name>
         <load_address>0x7eed</load_address>
         <run_address>0x7eed</run_address>
         <size>0x1df</size>
         <input_file_ref idref="fl-c6"/>
      </object_component>
      <object_component id="oc-4b">
         <name>.debug_info</name>
         <load_address>0x80cc</load_address>
         <run_address>0x80cc</run_address>
         <size>0x46</size>
         <input_file_ref idref="fl-c6"/>
      </object_component>
      <object_component id="oc-138">
         <name>.debug_info</name>
         <load_address>0x8112</load_address>
         <run_address>0x8112</run_address>
         <size>0x2c</size>
         <input_file_ref idref="fl-c6"/>
      </object_component>
      <object_component id="oc-140">
         <name>.debug_info</name>
         <load_address>0x813e</load_address>
         <run_address>0x813e</run_address>
         <size>0x2c</size>
         <input_file_ref idref="fl-c7"/>
      </object_component>
      <object_component id="oc-160">
         <name>.debug_info</name>
         <load_address>0x816a</load_address>
         <run_address>0x816a</run_address>
         <size>0x3ce</size>
         <input_file_ref idref="fl-c8"/>
      </object_component>
      <object_component id="oc-15a">
         <name>.debug_info</name>
         <load_address>0x8538</load_address>
         <run_address>0x8538</run_address>
         <size>0x185</size>
         <input_file_ref idref="fl-c8"/>
      </object_component>
      <object_component id="oc-79">
         <name>.debug_info</name>
         <load_address>0x86bd</load_address>
         <run_address>0x86bd</run_address>
         <size>0x214</size>
         <input_file_ref idref="fl-c8"/>
      </object_component>
      <object_component id="oc-19f">
         <name>.debug_info</name>
         <load_address>0x88d1</load_address>
         <run_address>0x88d1</run_address>
         <size>0x2e6</size>
         <input_file_ref idref="fl-c9"/>
      </object_component>
      <object_component id="oc-119">
         <name>.debug_info</name>
         <load_address>0x8bb7</load_address>
         <run_address>0x8bb7</run_address>
         <size>0x1c2</size>
         <input_file_ref idref="fl-c9"/>
      </object_component>
      <object_component id="oc-46">
         <name>.debug_info</name>
         <load_address>0x8d79</load_address>
         <run_address>0x8d79</run_address>
         <size>0x111</size>
         <input_file_ref idref="fl-ca"/>
      </object_component>
      <object_component id="oc-5e">
         <name>.debug_info</name>
         <load_address>0x8e8a</load_address>
         <run_address>0x8e8a</run_address>
         <size>0x138</size>
         <input_file_ref idref="fl-cc"/>
      </object_component>
      <object_component id="oc-66">
         <name>.debug_info</name>
         <load_address>0x8fc2</load_address>
         <run_address>0x8fc2</run_address>
         <size>0x148</size>
         <input_file_ref idref="fl-cd"/>
      </object_component>
      <object_component id="oc-7c">
         <name>.debug_info</name>
         <load_address>0x910a</load_address>
         <run_address>0x910a</run_address>
         <size>0x109</size>
         <input_file_ref idref="fl-ce"/>
      </object_component>
      <object_component id="oc-1c8">
         <name>.debug_info</name>
         <load_address>0x9213</load_address>
         <run_address>0x9213</run_address>
         <size>0x2be</size>
         <input_file_ref idref="fl-cf"/>
      </object_component>
      <object_component id="oc-15d">
         <name>.debug_info</name>
         <load_address>0x94d1</load_address>
         <run_address>0x94d1</run_address>
         <size>0x113</size>
         <input_file_ref idref="fl-cf"/>
      </object_component>
      <object_component id="oc-1c4">
         <name>.debug_info</name>
         <load_address>0x95e4</load_address>
         <run_address>0x95e4</run_address>
         <size>0x21f</size>
         <input_file_ref idref="fl-cf"/>
      </object_component>
      <object_component id="oc-158">
         <name>.debug_info</name>
         <load_address>0x9803</load_address>
         <run_address>0x9803</run_address>
         <size>0x300</size>
         <input_file_ref idref="fl-d0"/>
      </object_component>
      <object_component id="oc-71">
         <name>.debug_info</name>
         <load_address>0x9b03</load_address>
         <run_address>0x9b03</run_address>
         <size>0x167</size>
         <input_file_ref idref="fl-d0"/>
      </object_component>
      <object_component id="oc-1b9">
         <name>.debug_info</name>
         <load_address>0x9c6a</load_address>
         <run_address>0x9c6a</run_address>
         <size>0x5e</size>
         <input_file_ref idref="fl-d0"/>
      </object_component>
      <object_component id="oc-156">
         <name>.debug_info</name>
         <load_address>0x9cc8</load_address>
         <run_address>0x9cc8</run_address>
         <size>0x483</size>
         <input_file_ref idref="fl-d1"/>
      </object_component>
      <object_component id="oc-6c">
         <name>.debug_info</name>
         <load_address>0xa14b</load_address>
         <run_address>0xa14b</run_address>
         <size>0x190</size>
         <input_file_ref idref="fl-d1"/>
      </object_component>
      <object_component id="oc-1ad">
         <name>.debug_info</name>
         <load_address>0xa2db</load_address>
         <run_address>0xa2db</run_address>
         <size>0x39</size>
         <input_file_ref idref="fl-d1"/>
      </object_component>
      <object_component id="oc-1ed">
         <name>.debug_info</name>
         <load_address>0xa314</load_address>
         <run_address>0xa314</run_address>
         <size>0x39</size>
         <input_file_ref idref="fl-d1"/>
      </object_component>
      <object_component id="oc-1b2">
         <name>.debug_info</name>
         <load_address>0xa34d</load_address>
         <run_address>0xa34d</run_address>
         <size>0xcd</size>
         <input_file_ref idref="fl-d1"/>
      </object_component>
      <object_component id="oc-1a9">
         <name>.debug_info</name>
         <load_address>0xa41a</load_address>
         <run_address>0xa41a</run_address>
         <size>0x37a</size>
         <input_file_ref idref="fl-d2"/>
      </object_component>
      <object_component id="oc-14a">
         <name>.debug_info</name>
         <load_address>0xa794</load_address>
         <run_address>0xa794</run_address>
         <size>0x183</size>
         <input_file_ref idref="fl-d2"/>
      </object_component>
      <object_component id="oc-1e8">
         <name>.debug_info</name>
         <load_address>0xa917</load_address>
         <run_address>0xa917</run_address>
         <size>0x2c</size>
         <input_file_ref idref="fl-d2"/>
      </object_component>
      <object_component id="oc-151">
         <name>.debug_info</name>
         <load_address>0xa943</load_address>
         <run_address>0xa943</run_address>
         <size>0x145</size>
         <input_file_ref idref="fl-d3"/>
      </object_component>
      <object_component id="oc-218">
         <name>.debug_info</name>
         <load_address>0xaa88</load_address>
         <run_address>0xaa88</run_address>
         <size>0xb4</size>
      </object_component>
      <object_component id="oc-1a5">
         <name>.debug_line</name>
         <load_address>0x0</load_address>
         <run_address>0x0</run_address>
         <size>0x282</size>
         <input_file_ref idref="fl-2"/>
      </object_component>
      <object_component id="oc-1a3">
         <name>.debug_line</name>
         <load_address>0x282</load_address>
         <run_address>0x282</run_address>
         <size>0x2d</size>
         <input_file_ref idref="fl-2"/>
      </object_component>
      <object_component id="oc-1a1">
         <name>.debug_line</name>
         <load_address>0x2af</load_address>
         <run_address>0x2af</run_address>
         <size>0x2d</size>
         <input_file_ref idref="fl-2"/>
      </object_component>
      <object_component id="oc-36">
         <name>.debug_line</name>
         <load_address>0x2dc</load_address>
         <run_address>0x2dc</run_address>
         <size>0x229</size>
         <input_file_ref idref="fl-2"/>
      </object_component>
      <object_component id="oc-126">
         <name>.debug_line</name>
         <load_address>0x505</load_address>
         <run_address>0x505</run_address>
         <size>0x20</size>
         <input_file_ref idref="fl-2"/>
      </object_component>
      <object_component id="oc-12b">
         <name>.debug_line</name>
         <load_address>0x525</load_address>
         <run_address>0x525</run_address>
         <size>0x65</size>
         <input_file_ref idref="fl-2"/>
      </object_component>
      <object_component id="oc-130">
         <name>.debug_line</name>
         <load_address>0x58a</load_address>
         <run_address>0x58a</run_address>
         <size>0x41</size>
         <input_file_ref idref="fl-3"/>
      </object_component>
      <object_component id="oc-38">
         <name>.debug_line</name>
         <load_address>0x5cb</load_address>
         <run_address>0x5cb</run_address>
         <size>0x41</size>
         <input_file_ref idref="fl-3"/>
      </object_component>
      <object_component id="oc-30">
         <name>.debug_line</name>
         <load_address>0x60c</load_address>
         <run_address>0x60c</run_address>
         <size>0xa1</size>
         <input_file_ref idref="fl-3"/>
      </object_component>
      <object_component id="oc-43">
         <name>.debug_line</name>
         <load_address>0x6ad</load_address>
         <run_address>0x6ad</run_address>
         <size>0x20</size>
         <input_file_ref idref="fl-3"/>
      </object_component>
      <object_component id="oc-1d7">
         <name>.debug_line</name>
         <load_address>0x6cd</load_address>
         <run_address>0x6cd</run_address>
         <size>0x82</size>
         <input_file_ref idref="fl-9"/>
      </object_component>
      <object_component id="oc-1d5">
         <name>.debug_line</name>
         <load_address>0x74f</load_address>
         <run_address>0x74f</run_address>
         <size>0x7d</size>
         <input_file_ref idref="fl-9"/>
      </object_component>
      <object_component id="oc-f0">
         <name>.debug_line</name>
         <load_address>0x7cc</load_address>
         <run_address>0x7cc</run_address>
         <size>0x92</size>
         <input_file_ref idref="fl-9"/>
      </object_component>
      <object_component id="oc-178">
         <name>.debug_line</name>
         <load_address>0x85e</load_address>
         <run_address>0x85e</run_address>
         <size>0x95</size>
         <input_file_ref idref="fl-9"/>
      </object_component>
      <object_component id="oc-c0">
         <name>.debug_line</name>
         <load_address>0x8f3</load_address>
         <run_address>0x8f3</run_address>
         <size>0xd1</size>
         <input_file_ref idref="fl-9"/>
      </object_component>
      <object_component id="oc-9c">
         <name>.debug_line</name>
         <load_address>0x9c4</load_address>
         <run_address>0x9c4</run_address>
         <size>0x93</size>
         <input_file_ref idref="fl-9"/>
      </object_component>
      <object_component id="oc-b4">
         <name>.debug_line</name>
         <load_address>0xa57</load_address>
         <run_address>0xa57</run_address>
         <size>0x99</size>
         <input_file_ref idref="fl-9"/>
      </object_component>
      <object_component id="oc-ba">
         <name>.debug_line</name>
         <load_address>0xaf0</load_address>
         <run_address>0xaf0</run_address>
         <size>0x93</size>
         <input_file_ref idref="fl-9"/>
      </object_component>
      <object_component id="oc-108">
         <name>.debug_line</name>
         <load_address>0xb83</load_address>
         <run_address>0xb83</run_address>
         <size>0x92</size>
         <input_file_ref idref="fl-9"/>
      </object_component>
      <object_component id="oc-96">
         <name>.debug_line</name>
         <load_address>0xc15</load_address>
         <run_address>0xc15</run_address>
         <size>0xa7</size>
         <input_file_ref idref="fl-9"/>
      </object_component>
      <object_component id="oc-cc">
         <name>.debug_line</name>
         <load_address>0xcbc</load_address>
         <run_address>0xcbc</run_address>
         <size>0x99</size>
         <input_file_ref idref="fl-9"/>
      </object_component>
      <object_component id="oc-d2">
         <name>.debug_line</name>
         <load_address>0xd55</load_address>
         <run_address>0xd55</run_address>
         <size>0x92</size>
         <input_file_ref idref="fl-9"/>
      </object_component>
      <object_component id="oc-102">
         <name>.debug_line</name>
         <load_address>0xde7</load_address>
         <run_address>0xde7</run_address>
         <size>0x92</size>
         <input_file_ref idref="fl-9"/>
      </object_component>
      <object_component id="oc-1e1">
         <name>.debug_line</name>
         <load_address>0xe79</load_address>
         <run_address>0xe79</run_address>
         <size>0x7c</size>
         <input_file_ref idref="fl-a"/>
      </object_component>
      <object_component id="oc-1df">
         <name>.debug_line</name>
         <load_address>0xef5</load_address>
         <run_address>0xef5</run_address>
         <size>0x82</size>
         <input_file_ref idref="fl-a"/>
      </object_component>
      <object_component id="oc-90">
         <name>.debug_line</name>
         <load_address>0xf77</load_address>
         <run_address>0xf77</run_address>
         <size>0x97</size>
         <input_file_ref idref="fl-a"/>
      </object_component>
      <object_component id="oc-c6">
         <name>.debug_line</name>
         <load_address>0x100e</load_address>
         <run_address>0x100e</run_address>
         <size>0xc2</size>
         <input_file_ref idref="fl-a"/>
      </object_component>
      <object_component id="oc-1cd">
         <name>.debug_line</name>
         <load_address>0x10d0</load_address>
         <run_address>0x10d0</run_address>
         <size>0x13d</size>
         <input_file_ref idref="fl-b"/>
      </object_component>
      <object_component id="oc-1da">
         <name>.debug_line</name>
         <load_address>0x120d</load_address>
         <run_address>0x120d</run_address>
         <size>0x7f</size>
         <input_file_ref idref="fl-b"/>
      </object_component>
      <object_component id="oc-8a">
         <name>.debug_line</name>
         <load_address>0x128c</load_address>
         <run_address>0x128c</run_address>
         <size>0x94</size>
         <input_file_ref idref="fl-b"/>
      </object_component>
      <object_component id="oc-84">
         <name>.debug_line</name>
         <load_address>0x1320</load_address>
         <run_address>0x1320</run_address>
         <size>0xee</size>
         <input_file_ref idref="fl-b"/>
      </object_component>
      <object_component id="oc-a2">
         <name>.debug_line</name>
         <load_address>0x140e</load_address>
         <run_address>0x140e</run_address>
         <size>0x11a</size>
         <input_file_ref idref="fl-b"/>
      </object_component>
      <object_component id="oc-1d1">
         <name>.debug_line</name>
         <load_address>0x1528</load_address>
         <run_address>0x1528</run_address>
         <size>0x7f</size>
         <input_file_ref idref="fl-b"/>
      </object_component>
      <object_component id="oc-1e3">
         <name>.debug_line</name>
         <load_address>0x15a7</load_address>
         <run_address>0x15a7</run_address>
         <size>0x82</size>
         <input_file_ref idref="fl-c"/>
      </object_component>
      <object_component id="oc-115">
         <name>.debug_line</name>
         <load_address>0x1629</load_address>
         <run_address>0x1629</run_address>
         <size>0x93</size>
         <input_file_ref idref="fl-c"/>
      </object_component>
      <object_component id="oc-dc">
         <name>.debug_line</name>
         <load_address>0x16bc</load_address>
         <run_address>0x16bc</run_address>
         <size>0x93</size>
         <input_file_ref idref="fl-c"/>
      </object_component>
      <object_component id="oc-f4">
         <name>.debug_line</name>
         <load_address>0x174f</load_address>
         <run_address>0x174f</run_address>
         <size>0x93</size>
         <input_file_ref idref="fl-c"/>
      </object_component>
      <object_component id="oc-10c">
         <name>.debug_line</name>
         <load_address>0x17e2</load_address>
         <run_address>0x17e2</run_address>
         <size>0x93</size>
         <input_file_ref idref="fl-c"/>
      </object_component>
      <object_component id="oc-fa">
         <name>.debug_line</name>
         <load_address>0x1875</load_address>
         <run_address>0x1875</run_address>
         <size>0x93</size>
         <input_file_ref idref="fl-c"/>
      </object_component>
      <object_component id="oc-d6">
         <name>.debug_line</name>
         <load_address>0x1908</load_address>
         <run_address>0x1908</run_address>
         <size>0xb7</size>
         <input_file_ref idref="fl-c"/>
      </object_component>
      <object_component id="oc-1dd">
         <name>.debug_line</name>
         <load_address>0x19bf</load_address>
         <run_address>0x19bf</run_address>
         <size>0x82</size>
         <input_file_ref idref="fl-d"/>
      </object_component>
      <object_component id="oc-ae">
         <name>.debug_line</name>
         <load_address>0x1a41</load_address>
         <run_address>0x1a41</run_address>
         <size>0x93</size>
         <input_file_ref idref="fl-d"/>
      </object_component>
      <object_component id="oc-183">
         <name>.debug_line</name>
         <load_address>0x1ad4</load_address>
         <run_address>0x1ad4</run_address>
         <size>0x96</size>
         <input_file_ref idref="fl-d"/>
      </object_component>
      <object_component id="oc-a8">
         <name>.debug_line</name>
         <load_address>0x1b6a</load_address>
         <run_address>0x1b6a</run_address>
         <size>0xb3</size>
         <input_file_ref idref="fl-d"/>
      </object_component>
      <object_component id="oc-e4">
         <name>.debug_line</name>
         <load_address>0x1c1d</load_address>
         <run_address>0x1c1d</run_address>
         <size>0x97</size>
         <input_file_ref idref="fl-d"/>
      </object_component>
      <object_component id="oc-ea">
         <name>.debug_line</name>
         <load_address>0x1cb4</load_address>
         <run_address>0x1cb4</run_address>
         <size>0x93</size>
         <input_file_ref idref="fl-d"/>
      </object_component>
      <object_component id="oc-16c">
         <name>.debug_line</name>
         <load_address>0x1d47</load_address>
         <run_address>0x1d47</run_address>
         <size>0x91</size>
         <input_file_ref idref="fl-e"/>
      </object_component>
      <object_component id="oc-26">
         <name>.debug_line</name>
         <load_address>0x1dd8</load_address>
         <run_address>0x1dd8</run_address>
         <size>0x53</size>
         <input_file_ref idref="fl-c4"/>
      </object_component>
      <object_component id="oc-1a7">
         <name>.debug_line</name>
         <load_address>0x1e2b</load_address>
         <run_address>0x1e2b</run_address>
         <size>0x20</size>
         <input_file_ref idref="fl-c5"/>
      </object_component>
      <object_component id="oc-17">
         <name>.debug_line</name>
         <load_address>0x1e4b</load_address>
         <run_address>0x1e4b</run_address>
         <size>0xa9</size>
         <input_file_ref idref="fl-c5"/>
      </object_component>
      <object_component id="oc-3e">
         <name>.debug_line</name>
         <load_address>0x1ef4</load_address>
         <run_address>0x1ef4</run_address>
         <size>0x3a</size>
         <input_file_ref idref="fl-c5"/>
      </object_component>
      <object_component id="oc-134">
         <name>.debug_line</name>
         <load_address>0x1f2e</load_address>
         <run_address>0x1f2e</run_address>
         <size>0x8a</size>
         <input_file_ref idref="fl-c5"/>
      </object_component>
      <object_component id="oc-13e">
         <name>.debug_line</name>
         <load_address>0x1fb8</load_address>
         <run_address>0x1fb8</run_address>
         <size>0x8a</size>
         <input_file_ref idref="fl-c6"/>
      </object_component>
      <object_component id="oc-1c">
         <name>.debug_line</name>
         <load_address>0x2042</load_address>
         <run_address>0x2042</run_address>
         <size>0x55</size>
         <input_file_ref idref="fl-c6"/>
      </object_component>
      <object_component id="oc-4e">
         <name>.debug_line</name>
         <load_address>0x2097</load_address>
         <run_address>0x2097</run_address>
         <size>0x3a</size>
         <input_file_ref idref="fl-c6"/>
      </object_component>
      <object_component id="oc-13b">
         <name>.debug_line</name>
         <load_address>0x20d1</load_address>
         <run_address>0x20d1</run_address>
         <size>0x8a</size>
         <input_file_ref idref="fl-c6"/>
      </object_component>
      <object_component id="oc-143">
         <name>.debug_line</name>
         <load_address>0x215b</load_address>
         <run_address>0x215b</run_address>
         <size>0x8a</size>
         <input_file_ref idref="fl-c7"/>
      </object_component>
      <object_component id="oc-1cb">
         <name>.debug_line</name>
         <load_address>0x21e5</load_address>
         <run_address>0x21e5</run_address>
         <size>0xf2</size>
         <input_file_ref idref="fl-c8"/>
      </object_component>
      <object_component id="oc-1bf">
         <name>.debug_line</name>
         <load_address>0x22d7</load_address>
         <run_address>0x22d7</run_address>
         <size>0x2a</size>
         <input_file_ref idref="fl-c8"/>
      </object_component>
      <object_component id="oc-78">
         <name>.debug_line</name>
         <load_address>0x2301</load_address>
         <run_address>0x2301</run_address>
         <size>0x86</size>
         <input_file_ref idref="fl-c8"/>
      </object_component>
      <object_component id="oc-1e5">
         <name>.debug_line</name>
         <load_address>0x2387</load_address>
         <run_address>0x2387</run_address>
         <size>0x8a</size>
         <input_file_ref idref="fl-c9"/>
      </object_component>
      <object_component id="oc-117">
         <name>.debug_line</name>
         <load_address>0x2411</load_address>
         <run_address>0x2411</run_address>
         <size>0x66</size>
         <input_file_ref idref="fl-c9"/>
      </object_component>
      <object_component id="oc-49">
         <name>.debug_line</name>
         <load_address>0x2477</load_address>
         <run_address>0x2477</run_address>
         <size>0x88</size>
         <input_file_ref idref="fl-ca"/>
      </object_component>
      <object_component id="oc-62">
         <name>.debug_line</name>
         <load_address>0x24ff</load_address>
         <run_address>0x24ff</run_address>
         <size>0x3d</size>
         <input_file_ref idref="fl-cc"/>
      </object_component>
      <object_component id="oc-68">
         <name>.debug_line</name>
         <load_address>0x253c</load_address>
         <run_address>0x253c</run_address>
         <size>0x40</size>
         <input_file_ref idref="fl-cd"/>
      </object_component>
      <object_component id="oc-163">
         <name>.debug_line</name>
         <load_address>0x257c</load_address>
         <run_address>0x257c</run_address>
         <size>0x33</size>
         <input_file_ref idref="fl-ce"/>
      </object_component>
      <object_component id="oc-1f4">
         <name>.debug_line</name>
         <load_address>0x25af</load_address>
         <run_address>0x25af</run_address>
         <size>0x20</size>
         <input_file_ref idref="fl-cf"/>
      </object_component>
      <object_component id="oc-1c7">
         <name>.debug_line</name>
         <load_address>0x25cf</load_address>
         <run_address>0x25cf</run_address>
         <size>0x2b</size>
         <input_file_ref idref="fl-cf"/>
      </object_component>
      <object_component id="oc-1c1">
         <name>.debug_line</name>
         <load_address>0x25fa</load_address>
         <run_address>0x25fa</run_address>
         <size>0x68</size>
         <input_file_ref idref="fl-cf"/>
      </object_component>
      <object_component id="oc-1b8">
         <name>.debug_line</name>
         <load_address>0x2662</load_address>
         <run_address>0x2662</run_address>
         <size>0x2b</size>
         <input_file_ref idref="fl-d0"/>
      </object_component>
      <object_component id="oc-74">
         <name>.debug_line</name>
         <load_address>0x268d</load_address>
         <run_address>0x268d</run_address>
         <size>0x4a</size>
         <input_file_ref idref="fl-d0"/>
      </object_component>
      <object_component id="oc-1bc">
         <name>.debug_line</name>
         <load_address>0x26d7</load_address>
         <run_address>0x26d7</run_address>
         <size>0x2b</size>
         <input_file_ref idref="fl-d0"/>
      </object_component>
      <object_component id="oc-1ac">
         <name>.debug_line</name>
         <load_address>0x2702</load_address>
         <run_address>0x2702</run_address>
         <size>0xa9</size>
         <input_file_ref idref="fl-d1"/>
      </object_component>
      <object_component id="oc-6b">
         <name>.debug_line</name>
         <load_address>0x27ab</load_address>
         <run_address>0x27ab</run_address>
         <size>0x8b</size>
         <input_file_ref idref="fl-d1"/>
      </object_component>
      <object_component id="oc-1b0">
         <name>.debug_line</name>
         <load_address>0x2836</load_address>
         <run_address>0x2836</run_address>
         <size>0x2e</size>
         <input_file_ref idref="fl-d1"/>
      </object_component>
      <object_component id="oc-1f0">
         <name>.debug_line</name>
         <load_address>0x2864</load_address>
         <run_address>0x2864</run_address>
         <size>0x8a</size>
         <input_file_ref idref="fl-d1"/>
      </object_component>
      <object_component id="oc-1b5">
         <name>.debug_line</name>
         <load_address>0x28ee</load_address>
         <run_address>0x28ee</run_address>
         <size>0x8b</size>
         <input_file_ref idref="fl-d1"/>
      </object_component>
      <object_component id="oc-1e7">
         <name>.debug_line</name>
         <load_address>0x2979</load_address>
         <run_address>0x2979</run_address>
         <size>0x98</size>
         <input_file_ref idref="fl-d2"/>
      </object_component>
      <object_component id="oc-14d">
         <name>.debug_line</name>
         <load_address>0x2a11</load_address>
         <run_address>0x2a11</run_address>
         <size>0x68</size>
         <input_file_ref idref="fl-d2"/>
      </object_component>
      <object_component id="oc-1eb">
         <name>.debug_line</name>
         <load_address>0x2a79</load_address>
         <run_address>0x2a79</run_address>
         <size>0x2e</size>
         <input_file_ref idref="fl-d2"/>
      </object_component>
      <object_component id="oc-154">
         <name>.debug_line</name>
         <load_address>0x2aa7</load_address>
         <run_address>0x2aa7</run_address>
         <size>0x3c</size>
         <input_file_ref idref="fl-d3"/>
      </object_component>
      <object_component id="oc-35">
         <name>.debug_frame</name>
         <load_address>0x0</load_address>
         <run_address>0x0</run_address>
         <size>0x160</size>
         <input_file_ref idref="fl-2"/>
      </object_component>
      <object_component id="oc-2f">
         <name>.debug_frame</name>
         <load_address>0x160</load_address>
         <run_address>0x160</run_address>
         <size>0x90</size>
         <input_file_ref idref="fl-3"/>
      </object_component>
      <object_component id="oc-f1">
         <name>.debug_frame</name>
         <load_address>0x614</load_address>
         <run_address>0x614</run_address>
         <size>0x7f</size>
         <input_file_ref idref="fl-9"/>
      </object_component>
      <object_component id="oc-179">
         <name>.debug_frame</name>
         <load_address>0x693</load_address>
         <run_address>0x693</run_address>
         <size>0x7f</size>
         <input_file_ref idref="fl-9"/>
      </object_component>
      <object_component id="oc-c1">
         <name>.debug_frame</name>
         <load_address>0x712</load_address>
         <run_address>0x712</run_address>
         <size>0x8f</size>
         <input_file_ref idref="fl-9"/>
      </object_component>
      <object_component id="oc-9d">
         <name>.debug_frame</name>
         <load_address>0x7a1</load_address>
         <run_address>0x7a1</run_address>
         <size>0x86</size>
         <input_file_ref idref="fl-9"/>
      </object_component>
      <object_component id="oc-b5">
         <name>.debug_frame</name>
         <load_address>0x827</load_address>
         <run_address>0x827</run_address>
         <size>0x8a</size>
         <input_file_ref idref="fl-9"/>
      </object_component>
      <object_component id="oc-bb">
         <name>.debug_frame</name>
         <load_address>0x8b1</load_address>
         <run_address>0x8b1</run_address>
         <size>0x86</size>
         <input_file_ref idref="fl-9"/>
      </object_component>
      <object_component id="oc-109">
         <name>.debug_frame</name>
         <load_address>0x937</load_address>
         <run_address>0x937</run_address>
         <size>0x7f</size>
         <input_file_ref idref="fl-9"/>
      </object_component>
      <object_component id="oc-97">
         <name>.debug_frame</name>
         <load_address>0x9b6</load_address>
         <run_address>0x9b6</run_address>
         <size>0x86</size>
         <input_file_ref idref="fl-9"/>
      </object_component>
      <object_component id="oc-cd">
         <name>.debug_frame</name>
         <load_address>0xa3c</load_address>
         <run_address>0xa3c</run_address>
         <size>0x7f</size>
         <input_file_ref idref="fl-9"/>
      </object_component>
      <object_component id="oc-d3">
         <name>.debug_frame</name>
         <load_address>0xabb</load_address>
         <run_address>0xabb</run_address>
         <size>0x7f</size>
         <input_file_ref idref="fl-9"/>
      </object_component>
      <object_component id="oc-103">
         <name>.debug_frame</name>
         <load_address>0xb3a</load_address>
         <run_address>0xb3a</run_address>
         <size>0x7f</size>
         <input_file_ref idref="fl-9"/>
      </object_component>
      <object_component id="oc-91">
         <name>.debug_frame</name>
         <load_address>0xbb9</load_address>
         <run_address>0xbb9</run_address>
         <size>0x86</size>
         <input_file_ref idref="fl-a"/>
      </object_component>
      <object_component id="oc-c7">
         <name>.debug_frame</name>
         <load_address>0xc3f</load_address>
         <run_address>0xc3f</run_address>
         <size>0x7f</size>
         <input_file_ref idref="fl-a"/>
      </object_component>
      <object_component id="oc-8b">
         <name>.debug_frame</name>
         <load_address>0xcbe</load_address>
         <run_address>0xcbe</run_address>
         <size>0x7f</size>
         <input_file_ref idref="fl-b"/>
      </object_component>
      <object_component id="oc-85">
         <name>.debug_frame</name>
         <load_address>0xd3d</load_address>
         <run_address>0xd3d</run_address>
         <size>0x93</size>
         <input_file_ref idref="fl-b"/>
      </object_component>
      <object_component id="oc-a3">
         <name>.debug_frame</name>
         <load_address>0xdd0</load_address>
         <run_address>0xdd0</run_address>
         <size>0x8e</size>
         <input_file_ref idref="fl-b"/>
      </object_component>
      <object_component id="oc-111">
         <name>.debug_frame</name>
         <load_address>0xe5e</load_address>
         <run_address>0xe5e</run_address>
         <size>0x7f</size>
         <input_file_ref idref="fl-c"/>
      </object_component>
      <object_component id="oc-db">
         <name>.debug_frame</name>
         <load_address>0xedd</load_address>
         <run_address>0xedd</run_address>
         <size>0x7f</size>
         <input_file_ref idref="fl-c"/>
      </object_component>
      <object_component id="oc-f3">
         <name>.debug_frame</name>
         <load_address>0xf5c</load_address>
         <run_address>0xf5c</run_address>
         <size>0x7f</size>
         <input_file_ref idref="fl-c"/>
      </object_component>
      <object_component id="oc-10b">
         <name>.debug_frame</name>
         <load_address>0xfdb</load_address>
         <run_address>0xfdb</run_address>
         <size>0x7f</size>
         <input_file_ref idref="fl-c"/>
      </object_component>
      <object_component id="oc-f9">
         <name>.debug_frame</name>
         <load_address>0x105a</load_address>
         <run_address>0x105a</run_address>
         <size>0x86</size>
         <input_file_ref idref="fl-c"/>
      </object_component>
      <object_component id="oc-d5">
         <name>.debug_frame</name>
         <load_address>0x10e0</load_address>
         <run_address>0x10e0</run_address>
         <size>0x86</size>
         <input_file_ref idref="fl-c"/>
      </object_component>
      <object_component id="oc-af">
         <name>.debug_frame</name>
         <load_address>0x1166</load_address>
         <run_address>0x1166</run_address>
         <size>0x7f</size>
         <input_file_ref idref="fl-d"/>
      </object_component>
      <object_component id="oc-184">
         <name>.debug_frame</name>
         <load_address>0x11e5</load_address>
         <run_address>0x11e5</run_address>
         <size>0x7f</size>
         <input_file_ref idref="fl-d"/>
      </object_component>
      <object_component id="oc-a9">
         <name>.debug_frame</name>
         <load_address>0x1264</load_address>
         <run_address>0x1264</run_address>
         <size>0x8a</size>
         <input_file_ref idref="fl-d"/>
      </object_component>
      <object_component id="oc-e5">
         <name>.debug_frame</name>
         <load_address>0x12ee</load_address>
         <run_address>0x12ee</run_address>
         <size>0x7f</size>
         <input_file_ref idref="fl-d"/>
      </object_component>
      <object_component id="oc-eb">
         <name>.debug_frame</name>
         <load_address>0x136d</load_address>
         <run_address>0x136d</run_address>
         <size>0x7f</size>
         <input_file_ref idref="fl-d"/>
      </object_component>
      <object_component id="oc-16d">
         <name>.debug_frame</name>
         <load_address>0x13ec</load_address>
         <run_address>0x13ec</run_address>
         <size>0x7f</size>
         <input_file_ref idref="fl-e"/>
      </object_component>
      <object_component id="oc-16">
         <name>.debug_frame</name>
         <load_address>0x1f0</load_address>
         <run_address>0x1f0</run_address>
         <size>0x60</size>
         <input_file_ref idref="fl-c5"/>
      </object_component>
      <object_component id="oc-1d">
         <name>.debug_frame</name>
         <load_address>0x250</load_address>
         <run_address>0x250</run_address>
         <size>0x54</size>
         <input_file_ref idref="fl-c6"/>
      </object_component>
      <object_component id="oc-77">
         <name>.debug_frame</name>
         <load_address>0x2a4</load_address>
         <run_address>0x2a4</run_address>
         <size>0x88</size>
         <input_file_ref idref="fl-c8"/>
      </object_component>
      <object_component id="oc-118">
         <name>.debug_frame</name>
         <load_address>0x32c</load_address>
         <run_address>0x32c</run_address>
         <size>0x60</size>
         <input_file_ref idref="fl-c9"/>
      </object_component>
      <object_component id="oc-61">
         <name>.debug_frame</name>
         <load_address>0x38c</load_address>
         <run_address>0x38c</run_address>
         <size>0x54</size>
         <input_file_ref idref="fl-cc"/>
      </object_component>
      <object_component id="oc-64">
         <name>.debug_frame</name>
         <load_address>0x3e0</load_address>
         <run_address>0x3e0</run_address>
         <size>0x54</size>
         <input_file_ref idref="fl-cd"/>
      </object_component>
      <object_component id="oc-1c2">
         <name>.debug_frame</name>
         <load_address>0x434</load_address>
         <run_address>0x434</run_address>
         <size>0x7c</size>
         <input_file_ref idref="fl-cf"/>
      </object_component>
      <object_component id="oc-73">
         <name>.debug_frame</name>
         <load_address>0x4b0</load_address>
         <run_address>0x4b0</run_address>
         <size>0x54</size>
         <input_file_ref idref="fl-d0"/>
      </object_component>
      <object_component id="oc-6a">
         <name>.debug_frame</name>
         <load_address>0x504</load_address>
         <run_address>0x504</run_address>
         <size>0x5c</size>
         <input_file_ref idref="fl-d1"/>
      </object_component>
      <object_component id="oc-14e">
         <name>.debug_frame</name>
         <load_address>0x560</load_address>
         <run_address>0x560</run_address>
         <size>0x60</size>
         <input_file_ref idref="fl-d2"/>
      </object_component>
      <object_component id="oc-150">
         <name>.debug_frame</name>
         <load_address>0x5c0</load_address>
         <run_address>0x5c0</run_address>
         <size>0x54</size>
         <input_file_ref idref="fl-d3"/>
      </object_component>
      <object_component id="oc-1a4">
         <name>.debug_abbrev</name>
         <load_address>0x0</load_address>
         <run_address>0x0</run_address>
         <size>0x122</size>
         <input_file_ref idref="fl-2"/>
      </object_component>
      <object_component id="oc-1a2">
         <name>.debug_abbrev</name>
         <load_address>0x122</load_address>
         <run_address>0x122</run_address>
         <size>0x29</size>
         <input_file_ref idref="fl-2"/>
      </object_component>
      <object_component id="oc-1a0">
         <name>.debug_abbrev</name>
         <load_address>0x14b</load_address>
         <run_address>0x14b</run_address>
         <size>0x29</size>
         <input_file_ref idref="fl-2"/>
      </object_component>
      <object_component id="oc-122">
         <name>.debug_abbrev</name>
         <load_address>0x174</load_address>
         <run_address>0x174</run_address>
         <size>0xe1</size>
         <input_file_ref idref="fl-2"/>
      </object_component>
      <object_component id="oc-125">
         <name>.debug_abbrev</name>
         <load_address>0x255</load_address>
         <run_address>0x255</run_address>
         <size>0x1f</size>
         <input_file_ref idref="fl-2"/>
      </object_component>
      <object_component id="oc-12a">
         <name>.debug_abbrev</name>
         <load_address>0x274</load_address>
         <run_address>0x274</run_address>
         <size>0x35</size>
         <input_file_ref idref="fl-2"/>
      </object_component>
      <object_component id="oc-12f">
         <name>.debug_abbrev</name>
         <load_address>0x2a9</load_address>
         <run_address>0x2a9</run_address>
         <size>0x73</size>
         <input_file_ref idref="fl-3"/>
      </object_component>
      <object_component id="oc-37">
         <name>.debug_abbrev</name>
         <load_address>0x31c</load_address>
         <run_address>0x31c</run_address>
         <size>0x29</size>
         <input_file_ref idref="fl-3"/>
      </object_component>
      <object_component id="oc-7f">
         <name>.debug_abbrev</name>
         <load_address>0x345</load_address>
         <run_address>0x345</run_address>
         <size>0x79</size>
         <input_file_ref idref="fl-3"/>
      </object_component>
      <object_component id="oc-42">
         <name>.debug_abbrev</name>
         <load_address>0x3be</load_address>
         <run_address>0x3be</run_address>
         <size>0x1f</size>
         <input_file_ref idref="fl-3"/>
      </object_component>
      <object_component id="oc-1d6">
         <name>.debug_abbrev</name>
         <load_address>0x3dd</load_address>
         <run_address>0x3dd</run_address>
         <size>0x72</size>
         <input_file_ref idref="fl-9"/>
      </object_component>
      <object_component id="oc-1d4">
         <name>.debug_abbrev</name>
         <load_address>0x44f</load_address>
         <run_address>0x44f</run_address>
         <size>0x27</size>
         <input_file_ref idref="fl-9"/>
      </object_component>
      <object_component id="oc-197">
         <name>.debug_abbrev</name>
         <load_address>0x476</load_address>
         <run_address>0x476</run_address>
         <size>0x6c</size>
         <input_file_ref idref="fl-9"/>
      </object_component>
      <object_component id="oc-1d8">
         <name>.debug_abbrev</name>
         <load_address>0x4e2</load_address>
         <run_address>0x4e2</run_address>
         <size>0x6c</size>
         <input_file_ref idref="fl-9"/>
      </object_component>
      <object_component id="oc-18a">
         <name>.debug_abbrev</name>
         <load_address>0x54e</load_address>
         <run_address>0x54e</run_address>
         <size>0x6c</size>
         <input_file_ref idref="fl-9"/>
      </object_component>
      <object_component id="oc-17a">
         <name>.debug_abbrev</name>
         <load_address>0x5ba</load_address>
         <run_address>0x5ba</run_address>
         <size>0x6c</size>
         <input_file_ref idref="fl-9"/>
      </object_component>
      <object_component id="oc-188">
         <name>.debug_abbrev</name>
         <load_address>0x626</load_address>
         <run_address>0x626</run_address>
         <size>0x7a</size>
         <input_file_ref idref="fl-9"/>
      </object_component>
      <object_component id="oc-189">
         <name>.debug_abbrev</name>
         <load_address>0x6a0</load_address>
         <run_address>0x6a0</run_address>
         <size>0x6c</size>
         <input_file_ref idref="fl-9"/>
      </object_component>
      <object_component id="oc-19b">
         <name>.debug_abbrev</name>
         <load_address>0x70c</load_address>
         <run_address>0x70c</run_address>
         <size>0x6e</size>
         <input_file_ref idref="fl-9"/>
      </object_component>
      <object_component id="oc-172">
         <name>.debug_abbrev</name>
         <load_address>0x77a</load_address>
         <run_address>0x77a</run_address>
         <size>0x6c</size>
         <input_file_ref idref="fl-9"/>
      </object_component>
      <object_component id="oc-190">
         <name>.debug_abbrev</name>
         <load_address>0x7e6</load_address>
         <run_address>0x7e6</run_address>
         <size>0x6c</size>
         <input_file_ref idref="fl-9"/>
      </object_component>
      <object_component id="oc-191">
         <name>.debug_abbrev</name>
         <load_address>0x852</load_address>
         <run_address>0x852</run_address>
         <size>0x6c</size>
         <input_file_ref idref="fl-9"/>
      </object_component>
      <object_component id="oc-19a">
         <name>.debug_abbrev</name>
         <load_address>0x8be</load_address>
         <run_address>0x8be</run_address>
         <size>0x6c</size>
         <input_file_ref idref="fl-9"/>
      </object_component>
      <object_component id="oc-1e0">
         <name>.debug_abbrev</name>
         <load_address>0x92a</load_address>
         <run_address>0x92a</run_address>
         <size>0x8e</size>
         <input_file_ref idref="fl-a"/>
      </object_component>
      <object_component id="oc-1de">
         <name>.debug_abbrev</name>
         <load_address>0x9b8</load_address>
         <run_address>0x9b8</run_address>
         <size>0x27</size>
         <input_file_ref idref="fl-a"/>
      </object_component>
      <object_component id="oc-16e">
         <name>.debug_abbrev</name>
         <load_address>0x9df</load_address>
         <run_address>0x9df</run_address>
         <size>0x60</size>
         <input_file_ref idref="fl-a"/>
      </object_component>
      <object_component id="oc-18e">
         <name>.debug_abbrev</name>
         <load_address>0xa3f</load_address>
         <run_address>0xa3f</run_address>
         <size>0x6c</size>
         <input_file_ref idref="fl-a"/>
      </object_component>
      <object_component id="oc-1cc">
         <name>.debug_abbrev</name>
         <load_address>0xaab</load_address>
         <run_address>0xaab</run_address>
         <size>0xb0</size>
         <input_file_ref idref="fl-b"/>
      </object_component>
      <object_component id="oc-1d9">
         <name>.debug_abbrev</name>
         <load_address>0xb5b</load_address>
         <run_address>0xb5b</run_address>
         <size>0x27</size>
         <input_file_ref idref="fl-b"/>
      </object_component>
      <object_component id="oc-167">
         <name>.debug_abbrev</name>
         <load_address>0xb82</load_address>
         <run_address>0xb82</run_address>
         <size>0x6c</size>
[...]
            <object_component_ref idref="oc-e9"/>
            <object_component_ref idref="oc-16a"/>
            <object_component_ref idref="oc-28"/>
            <object_component_ref idref="oc-14"/>
            <object_component_ref idref="oc-1b"/>
            <object_component_ref idref="oc-15b"/>
            <object_component_ref idref="oc-7a"/>
            <object_component_ref idref="oc-11a"/>
            <object_component_ref idref="oc-48"/>
            <object_component_ref idref="oc-60"/>
            <object_component_ref idref="oc-67"/>
            <object_component_ref idref="oc-7d"/>
            <object_component_ref idref="oc-15e"/>
            <object_component_ref idref="oc-1c5"/>
            <object_component_ref idref="oc-72"/>
            <object_component_ref idref="oc-6d"/>
            <object_component_ref idref="oc-14b"/>
            <object_component_ref idref="oc-152"/>
         </contents>
      </logical_group>
      <logical_group id="lg-212" display="never" color="cyan">
         <name>.debug_pubtypes</name>
         <load_address>0x0</load_address>
         <run_address>0x0</run_address>
         <size>0x625</size>
         <contents>
            <object_component_ref idref="oc-124"/>
            <object_component_ref idref="oc-129"/>
            <object_component_ref idref="oc-41"/>
            <object_component_ref idref="oc-1cf"/>
            <object_component_ref idref="oc-3c"/>
            <object_component_ref idref="oc-132"/>
            <object_component_ref idref="oc-4c"/>
            <object_component_ref idref="oc-139"/>
            <object_component_ref idref="oc-141"/>
            <object_component_ref idref="oc-161"/>
            <object_component_ref idref="oc-1c9"/>
            <object_component_ref idref="oc-1ba"/>
            <object_component_ref idref="oc-1ae"/>
            <object_component_ref idref="oc-1ee"/>
            <object_component_ref idref="oc-1b3"/>
            <object_component_ref idref="oc-1e9"/>
         </contents>
      </logical_group>
      <load_segment id="lg-21d" display="no" color="cyan">
         <name>SEGMENT_0</name>
         <load_address>0x0</load_address>
         <run_address>0x0</run_address>
         <size>0x12b4</size>
         <flags>0x5</flags>
         <contents>
            <logical_group_ref idref="lg-3"/>
            <logical_group_ref idref="lg-4"/>
            <logical_group_ref idref="lg-5"/>
            <logical_group_ref idref="lg-6"/>
         </contents>
      </load_segment>
      <load_segment id="lg-21e" display="no" color="cyan">
         <name>SEGMENT_1</name>
         <run_address>0x20000000</run_address>
         <size>0x23c</size>
         <flags>0x6</flags>
         <contents>
            <logical_group_ref idref="lg-d"/>
            <logical_group_ref idref="lg-a"/>
         </contents>
      </load_segment>
   </logical_group_list>
   <placement_map>
      <memory_area display="yes" color="green">
         <name>FLASH</name>
         <page_id>0x0</page_id>
         <origin>0x0</origin>
         <length>0x40000</length>
         <used_space>0x12ae</used_space>
         <unused_space>0x3ed52</unused_space>
         <attributes>RX</attributes>
         <usage_details>
            <allocated_space>
               <start_address>0x0</start_address>
               <size>0x26c</size>
               <logical_group_ref idref="lg-3"/>
            </allocated_space>
            <allocated_space>
               <start_address>0x26c</start_address>
               <size>0xe9a</size>
               <logical_group_ref idref="lg-4"/>
            </allocated_space>
            <available_space>
               <start_address>0x1106</start_address>
               <size>0x2</size>
            </available_space>
            <allocated_space>
               <start_address>0x1108</start_address>
               <size>0x16c</size>
               <logical_group_ref idref="lg-5"/>
            </allocated_space>
            <available_space>
               <start_address>0x1274</start_address>
               <size>0x4</size>
            </available_space>
            <allocated_space>
               <start_address>0x1278</start_address>
               <size>0x3c</size>
               <logical_group_ref idref="lg-6"/>
            </allocated_space>
            <available_space>
               <start_address>0x12b4</start_address>
               <size>0x3ed4c</size>
            </available_space>
         </usage_details>
      </memory_area>
      <memory_area display="yes" color="green">
         <name>SRAM</name>
         <page_id>0x0</page_id>
         <origin>0x20000000</origin>
         <length>0x8000</length>
         <used_space>0x23c</used_space>
         <unused_space>0x7dc4</unused_space>
         <attributes>RWX</attributes>
         <usage_details>
            <allocated_space>
               <start_address>0x20000000</start_address>
               <size>0x200</size>
               <logical_group_ref idref="lg-d"/>
            </allocated_space>
            <allocated_space>
               <start_address>0x20000200</start_address>
               <size>0x3c</size>
               <logical_group_ref idref="lg-a"/>
            </allocated_space>
            <available_space>
               <start_address>0x2000023c</start_address>
               <size>0x7dc4</size>
            </available_space>
         </usage_details>
      </memory_area>
   </placement_map>
   <cptbl_list>
      <cptbl>
         <name>__TI_cinit_table</name>
         <cprec>
            <name>.data</name>
            <load_address>0x1278</load_address>
            <load_size>0x2b</load_size>
            <run_address>0x20000200</run_address>
            <run_size>0x3c</run_size>
            <compression>lzss</compression>
         </cprec>
      </cptbl>
   </cptbl_list>
   <handler_table>
      <handler_table_name>__TI_handler_table</handler_table_name>
      <handler>
         <index>0x0</index>
         <name>__TI_decompress_lzss</name>
      </handler>
      <handler>
         <index>0x1</index>
         <name>__TI_decompress_none</name>
      </handler>
   </handler_table>
   <symbol_table>
      <symbol id="sm-1">
         <name>__STACK_TOP</name>
         <value>0x20000200</value>
      </symbol>
      <symbol id="sm-2">
         <name>__TI_CINIT_Base</name>
         <value>0x12ac</value>
      </symbol>
      <symbol id="sm-3">
         <name>__TI_CINIT_Limit</name>
         <value>0x12b4</value>
      </symbol>
      <symbol id="sm-4">
         <name>__TI_Handler_Table_Base</name>
         <value>0x12a4</value>
      </symbol>
      <symbol id="sm-5">
         <name>__TI_Handler_Table_Limit</name>
         <value>0x12ac</value>
      </symbol>
      <symbol id="sm-6">
         <name>binit</name>
         <value>0xffffffff</value>
      </symbol>
      <symbol id="sm-7">
         <name>__binit__</name>
         <value>0xffffffff</value>
      </symbol>
      <symbol id="sm-8">
         <name>__STACK_SIZE</name>
         <value>0x200</value>
      </symbol>
      <symbol id="sm-9">
         <name>__STACK_END</name>
         <value>0x20000200</value>
      </symbol>
      <symbol id="sm-a">
         <name>__c_args__</name>
         <value>0xffffffff</value>
      </symbol>
      <symbol id="sm-b">
         <name>__TI_pprof_out_hndl</name>
         <value>0xffffffff</value>
      </symbol>
      <symbol id="sm-c">
         <name>__TI_prof_data_start</name>
         <value>0xffffffff</value>
      </symbol>
      <symbol id="sm-d">
         <name>__TI_prof_data_size</name>
         <value>0xffffffff</value>
      </symbol>
      <symbol id="sm-a3">
         <name>ui8WelcomeText</name>
         <value>0x20000214</value>
         <object_component_ref idref="oc-11c"/>
      </symbol>
      <symbol id="sm-a4">
         <name>boolTrigCondition</name>
         <value>0x20000200</value>
         <object_component_ref idref="oc-11f"/>
      </symbol>
      <symbol id="sm-a5">
         <name>ui32EchoDuration</name>
         <value>0x20000204</value>
         <object_component_ref idref="oc-11f"/>
      </symbol>
      <symbol id="sm-a6">
         <name>wait_for_interrupts</name>
         <value>0x641</value>
         <object_component_ref idref="oc-31"/>
      </symbol>
      <symbol id="sm-a7">
         <name>disable_interrupts</name>
         <value>0x635</value>
         <object_component_ref idref="oc-31"/>
      </symbol>
      <symbol id="sm-a8">
         <name>a</name>
         <value>0x20000210</value>
         <object_component_ref idref="oc-11f"/>
      </symbol>
      <symbol id="sm-a9">
         <name>PF4_Handler</name>
         <value>0x65d</value>
         <object_component_ref idref="oc-31"/>
      </symbol>
      <symbol id="sm-aa">
         <name>SysTick_Wait</name>
         <value>0x6dd</value>
         <object_component_ref idref="oc-31"/>
      </symbol>
      <symbol id="sm-ab">
         <name>main</name>
         <value>0x26d</value>
         <object_component_ref idref="oc-31"/>
      </symbol>
      <symbol id="sm-ac">
         <name>ComparatorValue</name>
         <value>0x2000020c</value>
         <object_component_ref idref="oc-11f"/>
      </symbol>
      <symbol id="sm-ad">
         <name>PWM_Init</name>
         <value>0x56d</value>
         <object_component_ref idref="oc-31"/>
      </symbol>
      <symbol id="sm-ae">
         <name>PortAIntHandler</name>
         <value>0x419</value>
         <object_component_ref idref="oc-31"/>
      </symbol>
      <symbol id="sm-af">
         <name>ui32ObstacleDist</name>
         <value>0x20000208</value>
         <object_component_ref idref="oc-11f"/>
      </symbol>
      <symbol id="sm-b0">
         <name>SysTick_Wait10ms</name>
         <value>0x6fd</value>
         <object_component_ref idref="oc-31"/>
      </symbol>
      <symbol id="sm-b1">
         <name>PF4_Init</name>
         <value>0x4d5</value>
         <object_component_ref idref="oc-31"/>
      </symbol>
      <symbol id="sm-b2">
         <name>enable_interrupts</name>
         <value>0x63b</value>
         <object_component_ref idref="oc-31"/>
      </symbol>
      <symbol id="sm-b3">
         <name>Timer0IntHandler</name>
         <value>0x3f9</value>
         <object_component_ref idref="oc-31"/>
      </symbol>
      <symbol id="sm-b4">
         <name>SysTick_Init</name>
         <value>0x6c1</value>
         <object_component_ref idref="oc-31"/>
      </symbol>
      <symbol id="sm-d5">
         <name>ResetISR</name>
         <value>0x10bf</value>
         <object_component_ref idref="oc-2b"/>
      </symbol>
      <symbol id="sm-d6">
         <name>g_pfnVectors</name>
         <value>0x0</value>
         <object_component_ref idref="oc-f"/>
      </symbol>
      <symbol id="sm-140">
         <name>GPIOPinConfigure</name>
         <value>0xec9</value>
         <object_component_ref idref="oc-92"/>
      </symbol>
      <symbol id="sm-141">
         <name>GPIOIntEnable</name>
         <value>0x10b3</value>
         <object_component_ref idref="oc-ce"/>
      </symbol>
      <symbol id="sm-142">
         <name>GPIOIntTypeSet</name>
         <value>0xd29</value>
         <object_component_ref idref="oc-c8"/>
      </symbol>
      <symbol id="sm-143">
         <name>GPIOPinTypeGPIOInput</name>
         <value>0x1049</value>
         <object_component_ref idref="oc-b6"/>
      </symbol>
      <symbol id="sm-144">
         <name>GPIOIntClear</name>
         <value>0x10e7</value>
         <object_component_ref idref="oc-fe"/>
      </symbol>
      <symbol id="sm-145">
         <name>GPIOPinTypeUART</name>
         <value>0x105b</value>
         <object_component_ref idref="oc-98"/>
      </symbol>
      <symbol id="sm-146">
         <name>GPIOPinTypeGPIOOutput</name>
         <value>0xfd9</value>
         <object_component_ref idref="oc-b0"/>
      </symbol>
      <symbol id="sm-147">
         <name>GPIOPinRead</name>
         <value>0x10ed</value>
         <object_component_ref idref="oc-104"/>
      </symbol>
      <symbol id="sm-148">
         <name>GPIODirModeSet</name>
         <value>0xf8d</value>
         <object_component_ref idref="oc-174"/>
      </symbol>
      <symbol id="sm-149">
         <name>GPIOPinWrite</name>
         <value>0x10f3</value>
         <object_component_ref idref="oc-ec"/>
      </symbol>
      <symbol id="sm-14a">
         <name>GPIOPadConfigSet</name>
         <value>0x7b5</value>
         <object_component_ref idref="oc-bc"/>
      </symbol>
      <symbol id="sm-17a">
         <name>IntEnable</name>
         <value>0xbf9</value>
         <object_component_ref idref="oc-c2"/>
      </symbol>
      <symbol id="sm-17b">
         <name>IntMasterEnable</name>
         <value>0x106d</value>
         <object_component_ref idref="oc-8c"/>
      </symbol>
      <symbol id="sm-1cd">
         <name>SysCtlClockSet</name>
         <value>0x9f9</value>
         <object_component_ref idref="oc-80"/>
      </symbol>
      <symbol id="sm-1ce">
         <name>SysCtlDelay</name>
         <value>0x10f9</value>
         <object_component_ref idref="oc-164"/>
      </symbol>
      <symbol id="sm-1cf">
         <name>SysCtlPeripheralEnable</name>
         <value>0xf59</value>
         <object_component_ref idref="oc-86"/>
      </symbol>
      <symbol id="sm-1d0">
         <name>SysCtlClockGet</name>
         <value>0x8e9</value>
         <object_component_ref idref="oc-9e"/>
      </symbol>
      <symbol id="sm-20e">
         <name>TimerDisable</name>
         <value>0xff1</value>
         <object_component_ref idref="oc-f8"/>
      </symbol>
      <symbol id="sm-20f">
         <name>TimerEnable</name>
         <value>0x107d</value>
         <object_component_ref idref="oc-10a"/>
      </symbol>
      <symbol id="sm-210">
         <name>TimerValueGet</name>
         <value>0x10cb</value>
         <object_component_ref idref="oc-110"/>
      </symbol>
      <symbol id="sm-211">
         <name>TimerIntEnable</name>
         <value>0x10df</value>
         <object_component_ref idref="oc-da"/>
      </symbol>
      <symbol id="sm-212">
         <name>TimerConfigure</name>
         <value>0xcc9</value>
         <object_component_ref idref="oc-d4"/>
      </symbol>
      <symbol id="sm-213">
         <name>TimerIntClear</name>
         <value>0x10ff</value>
         <object_component_ref idref="oc-f2"/>
      </symbol>
      <symbol id="sm-245">
         <name>UARTCharPutNonBlocking</name>
         <value>0x108b</value>
         <object_component_ref idref="oc-e0"/>
      </symbol>
      <symbol id="sm-246">
         <name>UARTConfigSetExpClk</name>
         <value>0xf11</value>
         <object_component_ref idref="oc-a4"/>
      </symbol>
      <symbol id="sm-247">
         <name>UARTDisable</name>
         <value>0xfb9</value>
         <object_component_ref idref="oc-17f"/>
      </symbol>
      <symbol id="sm-248">
         <name>UARTCharPut</name>
         <value>0x10d5</value>
         <object_component_ref idref="oc-e6"/>
      </symbol>
      <symbol id="sm-249">
         <name>UARTEnable</name>
         <value>0x1021</value>
         <object_component_ref idref="oc-aa"/>
      </symbol>
      <symbol id="sm-253">
         <name>CPUcpsie</name>
         <value>0x10a7</value>
         <object_component_ref idref="oc-168"/>
      </symbol>
      <symbol id="sm-264">
         <name>_c_int00</name>
         <value>0xd81</value>
         <object_component_ref idref="oc-24"/>
      </symbol>
      <symbol id="sm-265">
         <name>__stack</name>
         <value>0x20000000</value>
         <object_component_ref idref="oc-2a"/>
      </symbol>
      <symbol id="sm-283">
         <name>__TI_decompress_lzss</name>
         <value>0xc61</value>
         <object_component_ref idref="oc-12"/>
      </symbol>
      <symbol id="sm-29a">
         <name>__TI_decompress_none</name>
         <value>0x1099</value>
         <object_component_ref idref="oc-18"/>
      </symbol>
      <symbol id="sm-2c1">
         <name>C$$EXIT</name>
         <value>0xdd5</value>
         <object_component_ref idref="oc-75"/>
      </symbol>
      <symbol id="sm-2c2">
         <name>abort</name>
         <value>0xdd9</value>
         <object_component_ref idref="oc-75"/>
      </symbol>
      <symbol id="sm-2c3">
         <name>exit</name>
         <value>0xde1</value>
         <object_component_ref idref="oc-75"/>
      </symbol>
      <symbol id="sm-2c4">
         <name>__TI_dtors_ptr</name>
         <value>0x20000228</value>
         <object_component_ref idref="oc-159"/>
      </symbol>
      <symbol id="sm-2c5">
         <name>__TI_cleanup_ptr</name>
         <value>0x20000224</value>
         <object_component_ref idref="oc-159"/>
      </symbol>
      <symbol id="sm-2c6">
         <name>__TI_enable_exit_profile_output</name>
         <value>0x2000022c</value>
         <object_component_ref idref="oc-159"/>
      </symbol>
      <symbol id="sm-2d5">
         <name>ltoa</name>
         <value>0xe29</value>
         <object_component_ref idref="oc-116"/>
      </symbol>
      <symbol id="sm-2f0">
         <name>memcpy</name>
         <value>0xaed</value>
         <object_component_ref idref="oc-45"/>
      </symbol>
      <symbol id="sm-2f1">
         <name>__aeabi_memcpy</name>
         <value>0xaed</value>
         <object_component_ref idref="oc-45"/>
      </symbol>
      <symbol id="sm-2f2">
         <name>__aeabi_memcpy8</name>
         <value>0xaed</value>
         <object_component_ref idref="oc-45"/>
      </symbol>
      <symbol id="sm-2f3">
         <name>__aeabi_memcpy4</name>
         <value>0xaed</value>
         <object_component_ref idref="oc-45"/>
      </symbol>
      <symbol id="sm-2fe">
         <name>__mpu_init</name>
         <value>0x8e7</value>
         <object_component_ref idref="oc-5d"/>
      </symbol>
      <symbol id="sm-308">
         <name>_system_pre_init</name>
         <value>0x1103</value>
         <object_component_ref idref="oc-63"/>
      </symbol>
      <symbol id="sm-310">
         <name>main_func_sp</name>
         <value>0x20000238</value>
         <object_component_ref idref="oc-7b"/>
      </symbol>
      <symbol id="sm-329">
         <name>_nop</name>
         <value>0x1043</value>
         <object_component_ref idref="oc-1c0"/>
      </symbol>
      <symbol id="sm-32a">
         <name>_lock</name>
         <value>0x20000230</value>
         <object_component_ref idref="oc-15c"/>
      </symbol>
      <symbol id="sm-32b">
         <name>_unlock</name>
         <value>0x20000234</value>
         <object_component_ref idref="oc-15c"/>
      </symbol>
      <symbol id="sm-32c">
         <name>_register_lock</name>
         <value>0x103b</value>
         <object_component_ref idref="oc-1c0"/>
      </symbol>
      <symbol id="sm-32d">
         <name>_register_unlock</name>
         <value>0x1035</value>
         <object_component_ref idref="oc-1c0"/>
      </symbol>
      <symbol id="sm-341">
         <name>_args_main</name>
         <value>0x1009</value>
         <object_component_ref idref="oc-6f"/>
      </symbol>
      <symbol id="sm-36b">
         <name>__TI_auto_init</name>
         <value>0xb89</value>
         <object_component_ref idref="oc-69"/>
      </symbol>
      <symbol id="sm-385">
         <name>copy_in</name>
         <value>0xe7d</value>
         <object_component_ref idref="oc-149"/>
      </symbol>
      <symbol id="sm-38f">
         <name>_system_post_cinit</name>
         <value>0xd7f</value>
         <object_component_ref idref="oc-14f"/>
      </symbol>
      <symbol id="sm-390">
         <name>__TI_static_base__</name>
         <value>0x0</value>
      </symbol>
      <symbol id="sm-393">
         <name>SHT$$INIT_ARRAY$$Limit</name>
         <value>0x0</value>
      </symbol>
      <symbol id="sm-394">
         <name>SHT$$INIT_ARRAY$$Base</name>
         <value>0x0</value>
      </symbol>
   </symbol_table>
   <title>Link successful</title>
</link_info>
