******************************************************************************
                  TI ARM Linker PC v16.9.6                     
******************************************************************************
>> Linked Sat Mar 23 18:02:25 2019

OUTPUT FILE NAME:   <min to max speed.out>
ENTRY POINT SYMBOL: "_c_int00"  address: 00000d81


MEMORY CONFIGURATION

         name            origin    length      used     unused   attr    fill
----------------------  --------  ---------  --------  --------  ----  --------
  FLASH                 00000000   00040000  000012ae  0003ed52  R  X
  SRAM                  20000000   00008000  0000023c  00007dc4  RW X


SEGMENT ALLOCATION MAP

run origin  load origin   length   init length attrs members
----------  ----------- ---------- ----------- ----- -------
00000000    00000000    000012b4   000012b4    r-x
  00000000    00000000    0000026c   0000026c    r-- .intvecs
  0000026c    0000026c    00000e9a   00000e9a    r-x .text
  00001108    00001108    0000016c   0000016c    r-- .const
  00001278    00001278    0000003c   0000003c    r-- .cinit
20000000    20000000    0000023c   00000000    rw-
  20000000    20000000    00000200   00000000    rw- .stack
  20000200    20000200    0000003c   00000000    rw- .data


SECTION ALLOCATION MAP

 output                                  attributes/
section   page    origin      length       input sections
--------  ----  ----------  ----------   ----------------
.intvecs   0    00000000    0000026c     
                  00000000    0000026c     tm4c123gh6pm_startup_ccs.obj (.intvecs)

.text      0    0000026c    00000e9a     
                  0000026c    00000548     main.obj (.text)
                  000007b4    00000132     driverlib.lib : gpio.obj (.text:GPIOPadConfigSet)
                  000008e6    00000002     rtsv7M4_T_le_v4SPD16_eabi.lib : mpu_init.obj (.text)
                  000008e8    00000110     driverlib.lib : sysctl.obj (.text:SysCtlClockGet)
                  000009f8    000000f4                   : sysctl.obj (.text:SysCtlClockSet)
                  00000aec    0000009c     rtsv7M4_T_le_v4SPD16_eabi.lib : memcpy_t2.obj (.text)
                  00000b88    00000070                                   : autoinit.obj (.text)
                  00000bf8    00000068     driverlib.lib : interrupt.obj (.text:IntEnable)
                  00000c60    00000068     rtsv7M4_T_le_v4SPD16_eabi.lib : copy_decompress_lzss.obj (.text:decompress:lzss)
                  00000cc8    00000060     driverlib.lib : timer.obj (.text:TimerConfigure)
                  00000d28    00000056                   : gpio.obj (.text:GPIOIntTypeSet)
                  00000d7e    00000002     rtsv7M4_T_le_v4SPD16_eabi.lib : startup.obj (.text)
                  00000d80    00000054                                   : boot.obj (.text)
                  00000dd4    00000054                                   : exit.obj (.text)
                  00000e28    00000054                                   : ltoa.obj (.text)
                  00000e7c    0000004c                                   : cpy_tbl.obj (.text)
                  00000ec8    00000048     driverlib.lib : gpio.obj (.text:GPIOPinConfigure)
                  00000f10    00000046                   : uart.obj (.text:UARTConfigSetExpClk)
                  00000f56    00000002     --HOLE-- [fill = 0]
                  00000f58    00000034                   : sysctl.obj (.text:SysCtlPeripheralEnable)
                  00000f8c    0000002a                   : gpio.obj (.text:GPIODirModeSet)
                  00000fb6    00000002     --HOLE-- [fill = 0]
                  00000fb8    00000020                   : uart.obj (.text:UARTDisable)
                  00000fd8    00000018                   : gpio.obj (.text:GPIOPinTypeGPIOOutput)
                  00000ff0    00000018                   : timer.obj (.text:TimerDisable)
                  00001008    00000018     rtsv7M4_T_le_v4SPD16_eabi.lib : args_main.obj (.text)
                  00001020    00000014     driverlib.lib : uart.obj (.text:UARTEnable)
                  00001034    00000014     rtsv7M4_T_le_v4SPD16_eabi.lib : _lock.obj (.text)
                  00001048    00000012     driverlib.lib : gpio.obj (.text:GPIOPinTypeGPIOInput)
                  0000105a    00000012                   : gpio.obj (.text:GPIOPinTypeUART)
                  0000106c    00000010                   : interrupt.obj (.text:IntMasterEnable)
                  0000107c    0000000e                   : timer.obj (.text:TimerEnable)
                  0000108a    0000000e                   : uart.obj (.text:UARTCharPutNonBlocking)
                  00001098    0000000e     rtsv7M4_T_le_v4SPD16_eabi.lib : copy_decompress_none.obj (.text:decompress:none)
                  000010a6    0000000c     driverlib.lib : cpu.obj (.text:CPUcpsie)
                  000010b2    0000000c                   : gpio.obj (.text:GPIOIntEnable)
                  000010be    0000000c     tm4c123gh6pm_startup_ccs.obj (.text)
                  000010ca    0000000a     driverlib.lib : timer.obj (.text:TimerValueGet)
                  000010d4    0000000a                   : uart.obj (.text:UARTCharPut)
                  000010de    00000008                   : timer.obj (.text:TimerIntEnable)
                  000010e6    00000006                   : gpio.obj (.text:GPIOIntClear)
                  000010ec    00000006                   : gpio.obj (.text:GPIOPinRead)
                  000010f2    00000006                   : gpio.obj (.text:GPIOPinWrite)
                  000010f8    00000006                   : sysctl.obj (.text:SysCtlDelay)
                  000010fe    00000004                   : timer.obj (.text:TimerIntClear)
                  00001102    00000004     rtsv7M4_T_le_v4SPD16_eabi.lib : pre_init.obj (.text)

.const     0    00001108    0000016c     
                  00001108    00000090     driverlib.lib : gpio.obj (.const:g_pui32GPIOBaseAddrs)
                  00001198    00000070                   : interrupt.obj (.const)
                  00001208    0000006c                   : sysctl.obj (.const:g_pui32Xtals)

.cinit     0    00001278    0000003c     
                  00001278    0000002b     (.cinit..data.load) [load image, compression = lzss]
                  000012a3    00000001     --HOLE-- [fill = 0]
                  000012a4    00000008     (__TI_handler_table)
                  000012ac    00000008     (__TI_cinit_table)

.init_array 
*          0    00000000    00000000     UNINITIALIZED

.stack     0    20000000    00000200     UNINITIALIZED
                  20000000    00000200     --HOLE--

.data      0    20000200    0000003c     UNINITIALIZED
                  20000200    00000014     main.obj (.data)
                  20000214    0000000d     main.obj (.data:ui8WelcomeText)
                  20000221    00000003     --HOLE--
                  20000224    0000000c     rtsv7M4_T_le_v4SPD16_eabi.lib : exit.obj (.data:$O1$$)
                  20000230    00000008                                   : _lock.obj (.data:$O1$$)
                  20000238    00000004                                   : stkdepth_vars.obj (.data)

MODULE SUMMARY

       Module                         code   ro data   rw data
       ------                         ----   -------   -------
    .\
       main.obj                       1352   0         33     
       tm4c123gh6pm_startup_ccs.obj   12     620       0      
    +--+------------------------------+------+---------+---------+
       Total:                         1364   620       33     
                                                              
    C:/Users/brent/Desktop/Adaptive_Cruise_Control/TIVAWARE/TivaWare_C_Series-2.1.4.178/driverlib/ccs/Debug/driverlib.lib
       gpio.obj                       596    144       0      
       sysctl.obj                     574    108       0      
       interrupt.obj                  120    112       0      
       timer.obj                      156    0         0      
       uart.obj                       146    0         0      
       cpu.obj                        12     0         0      
    +--+------------------------------+------+---------+---------+
       Total:                         1604   364       0      
                                                              
    C:\ti\ccsv7\tools\compiler\ti-cgt-arm_16.9.6.LTS\lib\rtsv7M4_T_le_v4SPD16_eabi.lib
       memcpy_t2.obj                  156    0         0      
       autoinit.obj                   112    0         0      
       copy_decompress_lzss.obj       104    0         0      
       exit.obj                       84     0         12     
       boot.obj                       84     0         0      
       ltoa.obj                       84     0         0      
       cpy_tbl.obj                    76     0         0      
       _lock.obj                      20     0         8      
       args_main.obj                  24     0         0      
       copy_decompress_none.obj       14     0         0      
       pre_init.obj                   4      0         0      
       stkdepth_vars.obj              0      0         4      
       mpu_init.obj                   2      0         0      
       startup.obj                    2      0         0      
    +--+------------------------------+------+---------+---------+
       Total:                         766    0         24     
                                                              
       Stack:                         0      0         512    
       Linker Generated:              0      59        0      
    +--+------------------------------+------+---------+---------+
       Grand Total:                   3734   1043      569    


LINKER GENERATED COPY TABLES

__TI_cinit_table @ 000012ac records: 1, size/record: 8, table size: 8
	.data: load addr=00001278, load size=0000002b bytes, run addr=20000200, run size=0000003c bytes, compression=lzss


LINKER GENERATED HANDLER TABLE

__TI_handler_table @ 000012a4 records: 2, size/record: 4, table size: 8
	index: 0, handler: __TI_decompress_lzss
	index: 1, handler: __TI_decompress_none


GLOBAL SYMBOLS: SORTED ALPHABETICALLY BY Name 

address   name                           
-------   ----                           
00000dd5  C$$EXIT                        
000010a7  CPUcpsie                       
2000020c  ComparatorValue                
00000f8d  GPIODirModeSet                 
000010e7  GPIOIntClear                   
000010b3  GPIOIntEnable                  
00000d29  GPIOIntTypeSet                 
000007b5  GPIOPadConfigSet               
00000ec9  GPIOPinConfigure               
000010ed  GPIOPinRead                    
00001049  GPIOPinTypeGPIOInput           
00000fd9  GPIOPinTypeGPIOOutput          
0000105b  GPIOPinTypeUART                
000010f3  GPIOPinWrite                   
00000bf9  IntEnable                      
0000106d  IntMasterEnable                
0000065d  PF4_Handler                    
000004d5  PF4_Init                       
0000056d  PWM_Init                       
00000419  PortAIntHandler                
000010bf  ResetISR                       
UNDEFED   SHT$$INIT_ARRAY$$Base          
UNDEFED   SHT$$INIT_ARRAY$$Limit         
000008e9  SysCtlClockGet                 
000009f9  SysCtlClockSet                 
000010f9  SysCtlDelay                    
00000f59  SysCtlPeripheralEnable         
000006c1  SysTick_Init                   
000006dd  SysTick_Wait                   
000006fd  SysTick_Wait10ms               
000003f9  Timer0IntHandler               
00000cc9  TimerConfigure                 
00000ff1  TimerDisable                   
0000107d  TimerEnable                    
000010ff  TimerIntClear                  
000010df  TimerIntEnable                 
000010cb  TimerValueGet                  
000010d5  UARTCharPut                    
0000108b  UARTCharPutNonBlocking         
00000f11  UARTConfigSetExpClk            
00000fb9  UARTDisable                    
00001021  UARTEnable                     
20000200  __STACK_END                    
00000200  __STACK_SIZE                   
20000200  __STACK_TOP                    
000012ac  __TI_CINIT_Base                
000012b4  __TI_CINIT_Limit               
000012a4  __TI_Handler_Table_Base        
000012ac  __TI_Handler_Table_Limit       
00000b89  __TI_auto_init                 
20000224  __TI_cleanup_ptr               
00000c61  __TI_decompress_lzss           
00001099  __TI_decompress_none           
20000228  __TI_dtors_ptr                 
2000022c  __TI_enable_exit_profile_output
ffffffff  __TI_pprof_out_hndl            
ffffffff  __TI_prof_data_size            
ffffffff  __TI_prof_data_start           
00000000  __TI_static_base__             
00000aed  __aeabi_memcpy                 
00000aed  __aeabi_memcpy4                
00000aed  __aeabi_memcpy8                
ffffffff  __binit__                      
ffffffff  __c_args__                     
000008e7  __mpu_init                     
20000000  __stack                        
00001009  _args_main                     
00000d81  _c_int00                       
20000230  _lock                          
00001043  _nop                           
0000103b  _register_lock                 
00001035  _register_unlock               
00000d7f  _system_post_cinit             
00001103  _system_pre_init               
20000234  _unlock                        
20000210  a                              
00000dd9  abort                          
ffffffff  binit                          
20000200  boolTrigCondition              
00000e7d  copy_in                        
00000635  disable_interrupts             
0000063b  enable_interrupts              
00000de1  exit                           
00000000  g_pfnVectors                   
00000e29  ltoa                           
0000026d  main                           
20000238  main_func_sp                   
00000aed  memcpy                         
20000204  ui32EchoDuration               
20000208  ui32ObstacleDist               
20000214  ui8WelcomeText                 
00000641  wait_for_interrupts            


GLOBAL SYMBOLS: SORTED BY Symbol Address 

address   name                           
-------   ----                           
00000000  __TI_static_base__             
00000000  g_pfnVectors                   
00000200  __STACK_SIZE                   
0000026d  main                           
000003f9  Timer0IntHandler               
00000419  PortAIntHandler                
000004d5  PF4_Init                       
0000056d  PWM_Init                       
00000635  disable_interrupts             
0000063b  enable_interrupts              
00000641  wait_for_interrupts            
0000065d  PF4_Handler                    
000006c1  SysTick_Init                   
000006dd  SysTick_Wait                   
000006fd  SysTick_Wait10ms               
000007b5  GPIOPadConfigSet               
000008e7  __mpu_init                     
000008e9  SysCtlClockGet                 
000009f9  SysCtlClockSet                 
00000aed  __aeabi_memcpy                 
00000aed  __aeabi_memcpy4                
00000aed  __aeabi_memcpy8                
00000aed  memcpy                         
00000b89  __TI_auto_init                 
00000bf9  IntEnable                      
00000c61  __TI_decompress_lzss           
00000cc9  TimerConfigure                 
00000d29  GPIOIntTypeSet                 
00000d7f  _system_post_cinit             
00000d81  _c_int00                       
00000dd5  C$$EXIT                        
00000dd9  abort                          
00000de1  exit                           
00000e29  ltoa                           
00000e7d  copy_in                        
00000ec9  GPIOPinConfigure               
00000f11  UARTConfigSetExpClk            
00000f59  SysCtlPeripheralEnable         
00000f8d  GPIODirModeSet                 
00000fb9  UARTDisable                    
00000fd9  GPIOPinTypeGPIOOutput          
00000ff1  TimerDisable                   
00001009  _args_main                     
00001021  UARTEnable                     
00001035  _register_unlock               
0000103b  _register_lock                 
00001043  _nop                           
00001049  GPIOPinTypeGPIOInput           
0000105b  GPIOPinTypeUART                
0000106d  IntMasterEnable                
0000107d  TimerEnable                    
0000108b  UARTCharPutNonBlocking         
00001099  __TI_decompress_none           
000010a7  CPUcpsie                       
000010b3  GPIOIntEnable                  
000010bf  ResetISR                       
000010cb  TimerValueGet                  
000010d5  UARTCharPut                    
000010df  TimerIntEnable                 
000010e7  GPIOIntClear                   
000010ed  GPIOPinRead                    
000010f3  GPIOPinWrite                   
000010f9  SysCtlDelay                    
000010ff  TimerIntClear                  
00001103  _system_pre_init               
000012a4  __TI_Handler_Table_Base        
000012ac  __TI_CINIT_Base                
000012ac  __TI_Handler_Table_Limit       
000012b4  __TI_CINIT_Limit               
20000000  __stack                        
20000200  __STACK_END                    
20000200  __STACK_TOP                    
20000200  boolTrigCondition              
20000204  ui32EchoDuration               
20000208  ui32ObstacleDist               
2000020c  ComparatorValue                
20000210  a                              
20000214  ui8WelcomeText                 
20000224  __TI_cleanup_ptr               
20000228  __TI_dtors_ptr                 
2000022c  __TI_enable_exit_profile_output
20000230  _lock                          
20000234  _unlock                        
20000238  main_func_sp                   
ffffffff  __TI_pprof_out_hndl            
ffffffff  __TI_prof_data_size            
ffffffff  __TI_prof_data_start           
ffffffff  __binit__                      
ffffffff  __c_args__                     
ffffffff  binit                          
UNDEFED   SHT$$INIT_ARRAY$$Base          
UNDEFED   SHT$$INIT_ARRAY$$Limit         

[92 symbols]
