******************************************************************************
                  TI ARM Linker PC v18.12.1                    
******************************************************************************
>> Linked Mon Mar 25 23:10:52 2019

OUTPUT FILE NAME:   <combinedPWMSensor_v2.out>
ENTRY POINT SYMBOL: "_c_int00_noargs"  address: 00000685


MEMORY CONFIGURATION

         name            origin    length      used     unused   attr    fill
----------------------  --------  ---------  --------  --------  ----  --------
  FLASH                 00000000   00040000  00000778  0003f888  R  X
  SRAM                  20000000   00008000  00000210  00007df0  RW X


SEGMENT ALLOCATION MAP

run origin  load origin   length   init length attrs members
----------  ----------- ---------- ----------- ----- -------
00000000    00000000    0000077c   0000077c    r-x
  00000000    00000000    0000026c   0000026c    r-- .intvecs
  0000026c    0000026c    000004f8   000004f8    r-x .text
  00000768    00000768    00000014   00000014    r-- .cinit
20000000    20000000    00000210   00000000    rw-
  20000000    20000000    00000200   00000000    rw- .stack
  20000200    20000200    00000010   00000000    rw- .bss


SECTION ALLOCATION MAP

 output                                  attributes/
section   page    origin      length       input sections
--------  ----  ----------  ----------   ----------------
.intvecs   0    00000000    0000026c     
                  00000000    0000026c     tm4c123gh6pm_startup_ccs.obj (.intvecs)

.text      0    0000026c    000004f8     
                  0000026c    00000178     main.v2.obj (.text)
                  000003e4    00000132     driverlib.lib : gpio.obj (.text:GPIOPadConfigSet)
                  00000516    00000002     --HOLE-- [fill = 0]
                  00000518    000000f4                   : sysctl.obj (.text:SysCtlClockSet)
                  0000060c    00000044     rtsv7M4_T_le_v4SPD16_eabi.lib : autoinit.c.obj (.text:__TI_auto_init_nobinit_nopinit:__TI_auto_init_nobinit_nopinit)
                  00000650    00000034     driverlib.lib : sysctl.obj (.text:SysCtlPeripheralEnable)
                  00000684    00000034     rtsv7M4_T_le_v4SPD16_eabi.lib : boot_cortex_m.c.obj (.text:_c_int00_noargs:_c_int00_noargs)
                  000006b8    0000002a     driverlib.lib : gpio.obj (.text:GPIODirModeSet)
                  000006e2    00000020     rtsv7M4_T_le_v4SPD16_eabi.lib : u_tofd_t2.asm.obj (.text)
                  00000702    00000018     driverlib.lib : gpio.obj (.text:GPIOPinTypeGPIOOutput)
                  0000071a    00000012                   : gpio.obj (.text:GPIOPinTypeGPIOInput)
                  0000072c    00000012     rtsv7M4_T_le_v4SPD16_eabi.lib : copy_zero_init.c.obj (.text:decompress:ZI:__TI_zero_init_nomemset:__TI_zero_init_nomemset)
                  0000073e    0000000c     tm4c123gh6pm_startup_ccs.obj (.text)
                  0000074a    00000006     driverlib.lib : gpio.obj (.text:GPIOPinRead)
                  00000750    00000006                   : gpio.obj (.text:GPIOPinWrite)
                  00000756    00000006                   : sysctl.obj (.text:SysCtlDelay)
                  0000075c    00000004     rtsv7M4_T_le_v4SPD16_eabi.lib : pre_init.c.obj (.text:_system_pre_init)
                  00000760    00000004                                   : exit.c.obj (.text:abort:abort)

.cinit     0    00000768    00000014     
                  00000768    00000008     (.cinit..bss.load) [load image, compression = zero_init]
                  00000770    00000004     (__TI_handler_table)
                  00000774    00000008     (__TI_cinit_table)

.init_array 
*          0    00000000    00000000     UNINITIALIZED

.bss       0    20000200    00000010     UNINITIALIZED
                  20000200    00000008     (.common:dist)
                  20000208    00000004     (.common:counter)
                  2000020c    00000004     (.common:debug)

.stack     0    20000000    00000200     UNINITIALIZED
                  20000000    00000004     rtsv7M4_T_le_v4SPD16_eabi.lib : boot_cortex_m.c.obj (.stack)
                  20000004    000001fc     --HOLE--

MODULE SUMMARY

       Module                         code   ro data   rw data
       ------                         ----   -------   -------
    .\
       tm4c123gh6pm_startup_ccs.obj   12     620       0      
       main.v2.obj                    376    0         16     
    +--+------------------------------+------+---------+---------+
       Total:                         388    620       16     
                                                              
    C:/Users/harki/Desktop/TIVAWARE/TivaWare_C_Series-2.1.4.178/driverlib/ccs/Debug/driverlib.lib
       gpio.obj                       402    0         0      
       sysctl.obj                     302    0         0      
    +--+------------------------------+------+---------+---------+
       Total:                         704    0         0      
                                                              
    C:\ti\ccs900\ccs\tools\compiler\ti-cgt-arm_18.12.1.LTS\lib\rtsv7M4_T_le_v4SPD16_eabi.lib
       autoinit.c.obj                 68     0         0      
       boot_cortex_m.c.obj            52     0         0      
       u_tofd_t2.asm.obj              32     0         0      
       copy_zero_init.c.obj           18     0         0      
       exit.c.obj                     4      0         0      
       pre_init.c.obj                 4      0         0      
    +--+------------------------------+------+---------+---------+
       Total:                         178    0         0      
                                                              
       Stack:                         0      0         512    
       Linker Generated:              0      20        0      
    +--+------------------------------+------+---------+---------+
       Grand Total:                   1270   640       528    


LINKER GENERATED COPY TABLES

__TI_cinit_table @ 00000774 records: 1, size/record: 8, table size: 8
	.bss: load addr=00000768, load size=00000008 bytes, run addr=20000200, run size=00000010 bytes, compression=zero_init


LINKER GENERATED HANDLER TABLE

__TI_handler_table @ 00000770 records: 1, size/record: 4, table size: 4
	index: 0, handler: __TI_zero_init


GLOBAL SYMBOLS: SORTED ALPHABETICALLY BY Name 

address   name                          
-------   ----                          
00000761  C$$EXIT                       
000006b9  GPIODirModeSet                
000003e5  GPIOPadConfigSet              
0000074b  GPIOPinRead                   
0000071b  GPIOPinTypeGPIOInput          
00000703  GPIOPinTypeGPIOOutput         
00000751  GPIOPinWrite                  
UNDEFED   PF4_Handler                   
UNDEFED   PortAIntHandler               
0000073f  ResetISR                      
00000519  SysCtlClockSet                
00000757  SysCtlDelay                   
00000651  SysCtlPeripheralEnable        
0000036f  SysTick_Init                  
0000037d  SysTick_Wait                  
0000039d  SysTick_Wait1micro_s          
UNDEFED   Timer0IntHandler              
20000200  __STACK_END                   
00000200  __STACK_SIZE                  
20000200  __STACK_TOP                   
00000774  __TI_CINIT_Base               
0000077c  __TI_CINIT_Limit              
00000770  __TI_Handler_Table_Base       
00000774  __TI_Handler_Table_Limit      
0000060d  __TI_auto_init_nobinit_nopinit
ffffffff  __TI_pprof_out_hndl           
ffffffff  __TI_prof_data_size           
ffffffff  __TI_prof_data_start          
00000000  __TI_static_base__            
0000072d  __TI_zero_init_nomemset       
000006e3  __aeabi_ui2d                  
ffffffff  __binit__                     
ffffffff  __c_args__                    
UNDEFED   __mpu_init                    
20000000  __stack                       
00000685  _c_int00_noargs               
UNDEFED   _system_post_cinit            
0000075d  _system_pre_init              
00000761  abort                         
ffffffff  binit                         
20000208  counter                       
2000020c  debug                         
20000200  dist                          
00000000  g_pfnVectors                  
0000026d  getRelDistance                
0000030d  main                          


GLOBAL SYMBOLS: SORTED BY Symbol Address 

address   name                          
-------   ----                          
00000000  __TI_static_base__            
00000000  g_pfnVectors                  
00000200  __STACK_SIZE                  
0000026d  getRelDistance                
0000030d  main                          
0000036f  SysTick_Init                  
0000037d  SysTick_Wait                  
0000039d  SysTick_Wait1micro_s          
000003e5  GPIOPadConfigSet              
00000519  SysCtlClockSet                
0000060d  __TI_auto_init_nobinit_nopinit
00000651  SysCtlPeripheralEnable        
00000685  _c_int00_noargs               
000006b9  GPIODirModeSet                
000006e3  __aeabi_ui2d                  
00000703  GPIOPinTypeGPIOOutput         
0000071b  GPIOPinTypeGPIOInput          
0000072d  __TI_zero_init_nomemset       
0000073f  ResetISR                      
0000074b  GPIOPinRead                   
00000751  GPIOPinWrite                  
00000757  SysCtlDelay                   
0000075d  _system_pre_init              
00000761  C$$EXIT                       
00000761  abort                         
00000770  __TI_Handler_Table_Base       
00000774  __TI_CINIT_Base               
00000774  __TI_Handler_Table_Limit      
0000077c  __TI_CINIT_Limit              
20000000  __stack                       
20000200  __STACK_END                   
20000200  __STACK_TOP                   
20000200  dist                          
20000208  counter                       
2000020c  debug                         
ffffffff  __TI_pprof_out_hndl           
ffffffff  __TI_prof_data_size           
ffffffff  __TI_prof_data_start          
ffffffff  __binit__                     
ffffffff  __c_args__                    
ffffffff  binit                         
UNDEFED   PF4_Handler                   
UNDEFED   PortAIntHandler               
UNDEFED   Timer0IntHandler              
UNDEFED   __mpu_init                    
UNDEFED   _system_post_cinit            

[46 symbols]
