******************************************************************************
                  TI ARM Linker PC v16.9.6                     
******************************************************************************
>> Linked Sat Mar 23 19:37:28 2019

OUTPUT FILE NAME:   <combinedPWMSensor_v2.out>
ENTRY POINT SYMBOL: "_c_int00"  address: 00000d65


MEMORY CONFIGURATION

         name            origin    length      used     unused   attr    fill
----------------------  --------  ---------  --------  --------  ----  --------
  FLASH                 00000000   00040000  000012a4  0003ed5c  R  X
  SRAM                  20000000   00008000  00000254  00007dac  RW X


SEGMENT ALLOCATION MAP

run origin  load origin   length   init length attrs members
----------  ----------- ---------- ----------- ----- -------
00000000    00000000    000012a4   000012a4    r-x
  00000000    00000000    0000026c   0000026c    r-- .intvecs
  0000026c    0000026c    00000e90   00000e90    r-x .text
  000010fc    000010fc    0000016c   0000016c    r-- .const
  00001268    00001268    0000003c   0000003c    r-- .cinit
20000000    20000000    00000254   00000000    rw-
  20000000    20000000    00000200   00000000    rw- .stack
  20000200    20000200    00000054   00000000    rw- .data


SECTION ALLOCATION MAP

 output                                  attributes/
section   page    origin      length       input sections
--------  ----  ----------  ----------   ----------------
.intvecs   0    00000000    0000026c     
                  00000000    0000026c     tm4c123gh6pm_startup_ccs.obj (.intvecs)

.text      0    0000026c    00000e90     
                  0000026c    0000052c     main.v2.obj (.text)
                  00000798    00000132     driverlib.lib : gpio.obj (.text:GPIOPadConfigSet)
                  000008ca    00000002     rtsv7M4_T_le_v4SPD16_eabi.lib : mpu_init.obj (.text)
                  000008cc    00000110     driverlib.lib : sysctl.obj (.text:SysCtlClockGet)
                  000009dc    000000f4                   : sysctl.obj (.text:SysCtlClockSet)
                  00000ad0    0000009c     rtsv7M4_T_le_v4SPD16_eabi.lib : memcpy_t2.obj (.text)
                  00000b6c    00000070                                   : autoinit.obj (.text)
                  00000bdc    00000068     driverlib.lib : interrupt.obj (.text:IntEnable)
                  00000c44    00000068     rtsv7M4_T_le_v4SPD16_eabi.lib : copy_decompress_lzss.obj (.text:decompress:lzss)
                  00000cac    00000060     driverlib.lib : timer.obj (.text:TimerConfigure)
                  00000d0c    00000056                   : gpio.obj (.text:GPIOIntTypeSet)
                  00000d62    00000002     rtsv7M4_T_le_v4SPD16_eabi.lib : startup.obj (.text)
                  00000d64    00000054                                   : boot.obj (.text)
                  00000db8    00000054                                   : exit.obj (.text)
                  00000e0c    00000054                                   : ltoa.obj (.text)
                  00000e60    0000004c                                   : cpy_tbl.obj (.text)
                  00000eac    00000048     driverlib.lib : gpio.obj (.text:GPIOPinConfigure)
                  00000ef4    00000046                   : uart.obj (.text:UARTConfigSetExpClk)
                  00000f3a    00000002     --HOLE-- [fill = 0]
                  00000f3c    00000034                   : sysctl.obj (.text:SysCtlPeripheralEnable)
                  00000f70    0000002a                   : gpio.obj (.text:GPIODirModeSet)
                  00000f9a    00000002     --HOLE-- [fill = 0]
                  00000f9c    00000020                   : uart.obj (.text:UARTDisable)
                  00000fbc    00000018                   : gpio.obj (.text:GPIOPinTypeGPIOOutput)
                  00000fd4    00000018                   : timer.obj (.text:TimerDisable)
                  00000fec    00000018     rtsv7M4_T_le_v4SPD16_eabi.lib : args_main.obj (.text)
                  00001004    00000014     driverlib.lib : uart.obj (.text:UARTEnable)
                  00001018    00000014     rtsv7M4_T_le_v4SPD16_eabi.lib : _lock.obj (.text)
                  0000102c    00000012     driverlib.lib : gpio.obj (.text:GPIOPinTypeGPIOInput)
                  0000103e    00000012                   : gpio.obj (.text:GPIOPinTypeUART)
                  00001050    00000012                   : timer.obj (.text:TimerLoadSet)
                  00001062    00000010                   : interrupt.obj (.text:IntMasterEnable)
                  00001072    0000000e                   : timer.obj (.text:TimerEnable)
                  00001080    0000000e                   : uart.obj (.text:UARTCharPutNonBlocking)
                  0000108e    0000000e     rtsv7M4_T_le_v4SPD16_eabi.lib : copy_decompress_none.obj (.text:decompress:none)
                  0000109c    0000000c     driverlib.lib : cpu.obj (.text:CPUcpsie)
                  000010a8    0000000c                   : gpio.obj (.text:GPIOIntEnable)
                  000010b4    0000000c     tm4c123gh6pm_startup_ccs.obj (.text)
                  000010c0    0000000a     driverlib.lib : timer.obj (.text:TimerValueGet)
                  000010ca    0000000a                   : uart.obj (.text:UARTCharPut)
                  000010d4    00000008                   : timer.obj (.text:TimerIntEnable)
                  000010dc    00000006                   : gpio.obj (.text:GPIOIntClear)
                  000010e2    00000006                   : gpio.obj (.text:GPIOPinRead)
                  000010e8    00000006                   : gpio.obj (.text:GPIOPinWrite)
                  000010ee    00000006                   : sysctl.obj (.text:SysCtlDelay)
                  000010f4    00000004                   : timer.obj (.text:TimerIntClear)
                  000010f8    00000004     rtsv7M4_T_le_v4SPD16_eabi.lib : pre_init.obj (.text)

.const     0    000010fc    0000016c     
                  000010fc    00000090     driverlib.lib : gpio.obj (.const:g_pui32GPIOBaseAddrs)
                  0000118c    00000070                   : interrupt.obj (.const)
                  000011fc    0000006c                   : sysctl.obj (.const:g_pui32Xtals)

.cinit     0    00001268    0000003c     
                  00001268    0000002c     (.cinit..data.load) [load image, compression = lzss]
                  00001294    00000008     (__TI_handler_table)
                  0000129c    00000008     (__TI_cinit_table)

.init_array 
*          0    00000000    00000000     UNINITIALIZED

.stack     0    20000000    00000200     UNINITIALIZED
                  20000000    00000200     --HOLE--

.data      0    20000200    00000054     UNINITIALIZED
                  20000200    0000002e     main.v2.obj (.data)
                  2000022e    0000000d     main.v2.obj (.data:ui8WelcomeText)
                  2000023b    00000001     --HOLE--
                  2000023c    0000000c     rtsv7M4_T_le_v4SPD16_eabi.lib : exit.obj (.data:$O1$$)
                  20000248    00000008                                   : _lock.obj (.data:$O1$$)
                  20000250    00000004                                   : stkdepth_vars.obj (.data)

MODULE SUMMARY

       Module                         code   ro data   rw data
       ------                         ----   -------   -------
    .\
       main.v2.obj                    1324   0         59     
       tm4c123gh6pm_startup_ccs.obj   12     620       0      
    +--+------------------------------+------+---------+---------+
       Total:                         1336   620       59     
                                                              
    C:/Users/brent/Desktop/Adaptive_Cruise_Control/TIVAWARE/TivaWare_C_Series-2.1.4.178/driverlib/ccs/Debug/driverlib.lib
       gpio.obj                       596    144       0      
       sysctl.obj                     574    108       0      
       interrupt.obj                  120    112       0      
       timer.obj                      174    0         0      
       uart.obj                       146    0         0      
       cpu.obj                        12     0         0      
    +--+------------------------------+------+---------+---------+
       Total:                         1622   364       0      
                                                              
    C:\ti\ccsv7\tools\compiler\ti-cgt-arm_16.9.6.LTS\lib\rtsv7M4_T_le_v4SPD16_eabi.lib
       memcpy_t2.obj                  156    0         0      
       autoinit.obj                   112    0         0      
       copy_decompress_lzss.obj       104    0         0      
       exit.obj                       84     0         12     
       boot.obj                       84     0         0      
       ltoa.obj                       84     0         0      
       cpy_tbl.obj                    76     0         0      
       _lock.obj                      20     0         8      
       args_main.obj                  24     0         0      
       copy_decompress_none.obj       14     0         0      
       pre_init.obj                   4      0         0      
       stkdepth_vars.obj              0      0         4      
       mpu_init.obj                   2      0         0      
       startup.obj                    2      0         0      
    +--+------------------------------+------+---------+---------+
       Total:                         766    0         24     
                                                              
       Stack:                         0      0         512    
       Linker Generated:              0      60        0      
    +--+------------------------------+------+---------+---------+
       Grand Total:                   3724   1044      595    


LINKER GENERATED COPY TABLES

__TI_cinit_table @ 0000129c records: 1, size/record: 8, table size: 8
	.data: load addr=00001268, load size=0000002c bytes, run addr=20000200, run size=00000054 bytes, compression=lzss


LINKER GENERATED HANDLER TABLE

__TI_handler_table @ 00001294 records: 2, size/record: 4, table size: 8
	index: 0, handler: __TI_decompress_lzss
	index: 1, handler: __TI_decompress_none


GLOBAL SYMBOLS: SORTED ALPHABETICALLY BY Name 

address   name                           
-------   ----                           
00000db9  C$$EXIT                        
0000109d  CPUcpsie                       
2000020c  ComparatorValue                
20000228  Desired_Dis                    
00000f71  GPIODirModeSet                 
000010dd  GPIOIntClear                   
000010a9  GPIOIntEnable                  
00000d0d  GPIOIntTypeSet                 
00000799  GPIOPadConfigSet               
00000ead  GPIOPinConfigure               
000010e3  GPIOPinRead                    
0000102d  GPIOPinTypeGPIOInput           
00000fbd  GPIOPinTypeGPIOOutput          
0000103f  GPIOPinTypeUART                
000010e9  GPIOPinWrite                   
20000220  Host_Speed                     
00000bdd  IntEnable                      
00001063  IntMasterEnable                
20000224  Lead_Speed                     
20000214  ObstacleDist_1                 
20000218  ObstacleDist_2                 
00000629  PF4_Handler                    
000004ad  PF4_Init                       
00000545  PWM_Init                       
000003b7  PortAIntHandler                
2000021c  Rel_Speed                      
000010b5  ResetISR                       
UNDEFED   SHT$$INIT_ARRAY$$Base          
UNDEFED   SHT$$INIT_ARRAY$$Limit         
UNDEFED   SetDesiredDidtance             
UNDEFED   SetHostSPeed                   
UNDEFED   SetLeadSpead                   
UNDEFED   SetRelSpeed                    
000008cd  SysCtlClockGet                 
000009dd  SysCtlClockSet                 
000010ef  SysCtlDelay                    
00000f3d  SysCtlPeripheralEnable         
0000068d  SysTick_Init                   
000006a5  SysTick_Wait                   
000006c9  SysTick_Wait10ms               
00000397  Timer0IntHandler               
00000cad  TimerConfigure                 
00000fd5  TimerDisable                   
00001073  TimerEnable                    
000010f5  TimerIntClear                  
000010d5  TimerIntEnable                 
00001051  TimerLoadSet                   
000010c1  TimerValueGet                  
000010cb  UARTCharPut                    
00001081  UARTCharPutNonBlocking         
00000ef5  UARTConfigSetExpClk            
00000f9d  UARTDisable                    
00001005  UARTEnable                     
20000200  __STACK_END                    
00000200  __STACK_SIZE                   
20000200  __STACK_TOP                    
0000129c  __TI_CINIT_Base                
000012a4  __TI_CINIT_Limit               
00001294  __TI_Handler_Table_Base        
0000129c  __TI_Handler_Table_Limit       
00000b6d  __TI_auto_init                 
2000023c  __TI_cleanup_ptr               
00000c45  __TI_decompress_lzss           
0000108f  __TI_decompress_none           
20000240  __TI_dtors_ptr                 
20000244  __TI_enable_exit_profile_output
ffffffff  __TI_pprof_out_hndl            
ffffffff  __TI_prof_data_size            
ffffffff  __TI_prof_data_start           
00000000  __TI_static_base__             
00000ad1  __aeabi_memcpy                 
00000ad1  __aeabi_memcpy4                
00000ad1  __aeabi_memcpy8                
ffffffff  __binit__                      
ffffffff  __c_args__                     
000008cb  __mpu_init                     
20000000  __stack                        
00000fed  _args_main                     
00000d65  _c_int00                       
20000248  _lock                          
00001027  _nop                           
0000101f  _register_lock                 
00001019  _register_unlock               
00000d63  _system_post_cinit             
000010f9  _system_pre_init               
2000024c  _unlock                        
20000210  a                              
00000dbd  abort                          
ffffffff  binit                          
20000200  boolTrigCondition              
00000e61  copy_in                        
2000022c  dis1_filled                    
2000022d  dis2_filled                    
000005f3  disable_interrupts             
000005f9  enable_interrupts              
00000dc5  exit                           
00000000  g_pfnVectors                   
00000e0d  ltoa                           
0000026d  main                           
20000250  main_func_sp                   
00000ad1  memcpy                         
20000204  ui32EchoDuration               
20000208  ui32ObstacleDist               
2000022e  ui8WelcomeText                 
00000615  wait_for_interrupts            


GLOBAL SYMBOLS: SORTED BY Symbol Address 

address   name                           
-------   ----                           
00000000  __TI_static_base__             
00000000  g_pfnVectors                   
00000200  __STACK_SIZE                   
0000026d  main                           
00000397  Timer0IntHandler               
000003b7  PortAIntHandler                
000004ad  PF4_Init                       
00000545  PWM_Init                       
000005f3  disable_interrupts             
000005f9  enable_interrupts              
00000615  wait_for_interrupts            
00000629  PF4_Handler                    
0000068d  SysTick_Init                   
000006a5  SysTick_Wait                   
000006c9  SysTick_Wait10ms               
00000799  GPIOPadConfigSet               
000008cb  __mpu_init                     
000008cd  SysCtlClockGet                 
000009dd  SysCtlClockSet                 
00000ad1  __aeabi_memcpy                 
00000ad1  __aeabi_memcpy4                
00000ad1  __aeabi_memcpy8                
00000ad1  memcpy                         
00000b6d  __TI_auto_init                 
00000bdd  IntEnable                      
00000c45  __TI_decompress_lzss           
00000cad  TimerConfigure                 
00000d0d  GPIOIntTypeSet                 
00000d63  _system_post_cinit             
00000d65  _c_int00                       
00000db9  C$$EXIT                        
00000dbd  abort                          
00000dc5  exit                           
00000e0d  ltoa                           
00000e61  copy_in                        
00000ead  GPIOPinConfigure               
00000ef5  UARTConfigSetExpClk            
00000f3d  SysCtlPeripheralEnable         
00000f71  GPIODirModeSet                 
00000f9d  UARTDisable                    
00000fbd  GPIOPinTypeGPIOOutput          
00000fd5  TimerDisable                   
00000fed  _args_main                     
00001005  UARTEnable                     
00001019  _register_unlock               
0000101f  _register_lock                 
00001027  _nop                           
0000102d  GPIOPinTypeGPIOInput           
0000103f  GPIOPinTypeUART                
00001051  TimerLoadSet                   
00001063  IntMasterEnable                
00001073  TimerEnable                    
00001081  UARTCharPutNonBlocking         
0000108f  __TI_decompress_none           
0000109d  CPUcpsie                       
000010a9  GPIOIntEnable                  
000010b5  ResetISR                       
000010c1  TimerValueGet                  
000010cb  UARTCharPut                    
000010d5  TimerIntEnable                 
000010dd  GPIOIntClear                   
000010e3  GPIOPinRead                    
000010e9  GPIOPinWrite                   
000010ef  SysCtlDelay                    
000010f5  TimerIntClear                  
000010f9  _system_pre_init               
00001294  __TI_Handler_Table_Base        
0000129c  __TI_CINIT_Base                
0000129c  __TI_Handler_Table_Limit       
000012a4  __TI_CINIT_Limit               
20000000  __stack                        
20000200  __STACK_END                    
20000200  __STACK_TOP                    
20000200  boolTrigCondition              
20000204  ui32EchoDuration               
20000208  ui32ObstacleDist               
2000020c  ComparatorValue                
20000210  a                              
20000214  ObstacleDist_1                 
20000218  ObstacleDist_2                 
2000021c  Rel_Speed                      
20000220  Host_Speed                     
20000224  Lead_Speed                     
20000228  Desired_Dis                    
2000022c  dis1_filled                    
2000022d  dis2_filled                    
2000022e  ui8WelcomeText                 
2000023c  __TI_cleanup_ptr               
20000240  __TI_dtors_ptr                 
20000244  __TI_enable_exit_profile_output
20000248  _lock                          
2000024c  _unlock                        
20000250  main_func_sp                   
ffffffff  __TI_pprof_out_hndl            
ffffffff  __TI_prof_data_size            
ffffffff  __TI_prof_data_start           
ffffffff  __binit__                      
ffffffff  __c_args__                     
ffffffff  binit                          
UNDEFED   SHT$$INIT_ARRAY$$Base          
UNDEFED   SHT$$INIT_ARRAY$$Limit         
UNDEFED   SetDesiredDidtance             
UNDEFED   SetHostSPeed                   
UNDEFED   SetLeadSpead                   
UNDEFED   SetRelSpeed                    

[105 symbols]
