******************************************************************************
                  TI ARM Linker PC v18.12.1                    
******************************************************************************
>> Linked Mon Mar 25 21:21:00 2019

OUTPUT FILE NAME:   <combinedPWMSensor_v2.out>
ENTRY POINT SYMBOL: "_c_int00_noargs"  address: 00000e8d


MEMORY CONFIGURATION

         name            origin    length      used     unused   attr    fill
----------------------  --------  ---------  --------  --------  ----  --------
  FLASH                 00000000   00040000  000011c8  0003ee38  R  X
  SRAM                  20000000   00008000  00000245  00007dbb  RW X


SEGMENT ALLOCATION MAP

run origin  load origin   length   init length attrs members
----------  ----------- ---------- ----------- ----- -------
00000000    00000000    000011c8   000011c8    r-x
  00000000    00000000    0000026c   0000026c    r-- .intvecs
  0000026c    0000026c    00000db8   00000db8    r-x .text
  00001024    00001024    0000016c   0000016c    r-- .const
  00001190    00001190    00000038   00000038    r-- .cinit
20000000    20000000    00000245   00000000    rw-
  20000000    20000000    00000200   00000000    rw- .stack
  20000200    20000200    00000045   00000000    rw- .data


SECTION ALLOCATION MAP

 output                                  attributes/
section   page    origin      length       input sections
--------  ----  ----------  ----------   ----------------
.intvecs   0    00000000    0000026c     
                  00000000    0000026c     tm4c123gh6pm_startup_ccs.obj (.intvecs)

.text      0    0000026c    00000db8     
                  0000026c    00000568     main.v2.obj (.text)
                  000007d4    00000132     driverlib.lib : gpio.obj (.text:GPIOPadConfigSet)
                  00000906    00000002     --HOLE-- [fill = 0]
                  00000908    00000110                   : sysctl.obj (.text:SysCtlClockGet)
                  00000a18    000000f4                   : sysctl.obj (.text:SysCtlClockSet)
                  00000b0c    0000009c     rtsv7M4_T_le_v4SPD16_eabi.lib : memcpy_t2.asm.obj (.text)
                  00000ba8    00000068     driverlib.lib : interrupt.obj (.text:IntEnable)
                  00000c10    00000068     rtsv7M4_T_le_v4SPD16_eabi.lib : copy_decompress_lzss.c.obj (.text:decompress:lzss:__TI_decompress_lzss)
                  00000c78    00000060     driverlib.lib : timer.obj (.text:TimerConfigure)
                  00000cd8    00000056                   : gpio.obj (.text:GPIOIntTypeSet)
                  00000d2e    00000054     rtsv7M4_T_le_v4SPD16_eabi.lib : ltoa.c.obj (.text:ltoa)
                  00000d82    00000002     --HOLE-- [fill = 0]
                  00000d84    00000048     driverlib.lib : gpio.obj (.text:GPIOPinConfigure)
                  00000dcc    00000046                   : uart.obj (.text:UARTConfigSetExpClk)
                  00000e12    00000002     --HOLE-- [fill = 0]
                  00000e14    00000044     rtsv7M4_T_le_v4SPD16_eabi.lib : autoinit.c.obj (.text:__TI_auto_init_nobinit_nopinit:__TI_auto_init_nobinit_nopinit)
                  00000e58    00000034     driverlib.lib : sysctl.obj (.text:SysCtlPeripheralEnable)
                  00000e8c    00000034     rtsv7M4_T_le_v4SPD16_eabi.lib : boot_cortex_m.c.obj (.text:_c_int00_noargs:_c_int00_noargs)
                  00000ec0    0000002a     driverlib.lib : gpio.obj (.text:GPIODirModeSet)
                  00000eea    00000002     --HOLE-- [fill = 0]
                  00000eec    00000020                   : uart.obj (.text:UARTDisable)
                  00000f0c    00000018                   : gpio.obj (.text:GPIOPinTypeGPIOOutput)
                  00000f24    00000018                   : timer.obj (.text:TimerDisable)
                  00000f3c    00000014                   : uart.obj (.text:UARTEnable)
                  00000f50    00000012                   : gpio.obj (.text:GPIOPinTypeGPIOInput)
                  00000f62    00000012                   : gpio.obj (.text:GPIOPinTypeUART)
                  00000f74    00000012                   : timer.obj (.text:TimerLoadSet)
                  00000f86    00000010                   : interrupt.obj (.text:IntMasterEnable)
                  00000f96    0000000e                   : timer.obj (.text:TimerEnable)
                  00000fa4    0000000e                   : uart.obj (.text:UARTCharPutNonBlocking)
                  00000fb2    0000000e     rtsv7M4_T_le_v4SPD16_eabi.lib : copy_decompress_none.c.obj (.text:decompress:none:__TI_decompress_none)
                  00000fc0    0000000c     driverlib.lib : cpu.obj (.text:CPUcpsie)
                  00000fcc    0000000c                   : gpio.obj (.text:GPIOIntEnable)
                  00000fd8    0000000c     tm4c123gh6pm_startup_ccs.obj (.text)
                  00000fe4    0000000a     driverlib.lib : timer.obj (.text:TimerValueGet)
                  00000fee    0000000a                   : uart.obj (.text:UARTCharPut)
                  00000ff8    00000008                   : timer.obj (.text:TimerIntEnable)
                  00001000    00000006                   : gpio.obj (.text:GPIOIntClear)
                  00001006    00000006                   : gpio.obj (.text:GPIOPinRead)
                  0000100c    00000006                   : gpio.obj (.text:GPIOPinWrite)
                  00001012    00000006                   : sysctl.obj (.text:SysCtlDelay)
                  00001018    00000004                   : timer.obj (.text:TimerIntClear)
                  0000101c    00000004     rtsv7M4_T_le_v4SPD16_eabi.lib : pre_init.c.obj (.text:_system_pre_init)
                  00001020    00000004                                   : exit.c.obj (.text:abort:abort)

.const     0    00001024    0000016c     
                  00001024    00000090     driverlib.lib : gpio.obj (.const:g_pui32GPIOBaseAddrs)
                  000010b4    00000070                   : interrupt.obj (.const)
                  00001124    0000006c                   : sysctl.obj (.const:g_pui32Xtals)

.cinit     0    00001190    00000038     
                  00001190    00000026     (.cinit..data.load) [load image, compression = lzss]
                  000011b6    00000002     --HOLE-- [fill = 0]
                  000011b8    00000008     (__TI_handler_table)
                  000011c0    00000008     (__TI_cinit_table)

.init_array 
*          0    00000000    00000000     UNINITIALIZED

.data      0    20000200    00000045     UNINITIALIZED
                  20000200    00000038     main.v2.obj (.data)
                  20000238    0000000d     main.v2.obj (.data:ui8WelcomeText)

.stack     0    20000000    00000200     UNINITIALIZED
                  20000000    00000004     rtsv7M4_T_le_v4SPD16_eabi.lib : boot_cortex_m.c.obj (.stack)
                  20000004    000001fc     --HOLE--

MODULE SUMMARY

       Module                         code   ro data   rw data
       ------                         ----   -------   -------
    .\
       main.v2.obj                    1384   0         69     
       tm4c123gh6pm_startup_ccs.obj   12     620       0      
    +--+------------------------------+------+---------+---------+
       Total:                         1396   620       69     
                                                              
    C:/Users/harki/Desktop/TIVAWARE/TivaWare_C_Series-2.1.4.178/driverlib/ccs/Debug/driverlib.lib
       gpio.obj                       596    144       0      
       sysctl.obj                     574    108       0      
       interrupt.obj                  120    112       0      
       timer.obj                      174    0         0      
       uart.obj                       146    0         0      
       cpu.obj                        12     0         0      
    +--+------------------------------+------+---------+---------+
       Total:                         1622   364       0      
                                                              
    C:\ti\ccs900\ccs\tools\compiler\ti-cgt-arm_18.12.1.LTS\lib\rtsv7M4_T_le_v4SPD16_eabi.lib
       memcpy_t2.asm.obj              156    0         0      
       copy_decompress_lzss.c.obj     104    0         0      
       ltoa.c.obj                     84     0         0      
       autoinit.c.obj                 68     0         0      
       boot_cortex_m.c.obj            52     0         0      
       copy_decompress_none.c.obj     14     0         0      
       exit.c.obj                     4      0         0      
       pre_init.c.obj                 4      0         0      
    +--+------------------------------+------+---------+---------+
       Total:                         486    0         0      
                                                              
       Stack:                         0      0         512    
       Linker Generated:              0      54        0      
    +--+------------------------------+------+---------+---------+
       Grand Total:                   3504   1038      581    


LINKER GENERATED COPY TABLES

__TI_cinit_table @ 000011c0 records: 1, size/record: 8, table size: 8
	.data: load addr=00001190, load size=00000026 bytes, run addr=20000200, run size=00000045 bytes, compression=lzss


LINKER GENERATED HANDLER TABLE

__TI_handler_table @ 000011b8 records: 2, size/record: 4, table size: 8
	index: 0, handler: __TI_decompress_lzss
	index: 1, handler: __TI_decompress_none


GLOBAL SYMBOLS: SORTED ALPHABETICALLY BY Name 

address   name                          
-------   ----                          
00001021  C$$EXIT                       
00000fc1  CPUcpsie                      
2000020c  ComparatorValue               
20000228  Desired_Dis                   
00000ec1  GPIODirModeSet                
00001001  GPIOIntClear                  
00000fcd  GPIOIntEnable                 
00000cd9  GPIOIntTypeSet                
000007d5  GPIOPadConfigSet              
00000d85  GPIOPinConfigure              
00001007  GPIOPinRead                   
00000f51  GPIOPinTypeGPIOInput          
00000f0d  GPIOPinTypeGPIOOutput         
00000f63  GPIOPinTypeUART               
0000100d  GPIOPinWrite                  
20000220  Host_Speed                    
00000ba9  IntEnable                     
00000f87  IntMasterEnable               
20000224  Lead_Speed                    
20000214  ObstacleDist_1                
20000218  ObstacleDist_2                
00000531  PF4_Handler                   
000003d9  PF4_Init                      
00000471  PWM_Init                      
000003bf  PortAIntHandler               
20000230  RelSpeed                      
2000021c  Rel_Speed                     
00000fd9  ResetISR                      
00000615  SetRelDis                     
00000705  SetRelSpeed                   
00000909  SysCtlClockGet                
00000a19  SysCtlClockSet                
00001013  SysCtlDelay                   
00000e59  SysCtlPeripheralEnable        
00000595  SysTick_Init                  
000005a3  SysTick_Wait                  
000005c3  SysTick_Wait10ms              
0000039f  Timer0IntHandler              
00000c79  TimerConfigure                
00000f25  TimerDisable                  
00000f97  TimerEnable                   
00001019  TimerIntClear                 
00000ff9  TimerIntEnable                
00000f75  TimerLoadSet                  
00000fe5  TimerValueGet                 
00000fef  UARTCharPut                   
00000fa5  UARTCharPutNonBlocking        
00000dcd  UARTConfigSetExpClk           
00000eed  UARTDisable                   
00000f3d  UARTEnable                    
20000200  __STACK_END                   
00000200  __STACK_SIZE                  
20000200  __STACK_TOP                   
000011c0  __TI_CINIT_Base               
000011c8  __TI_CINIT_Limit              
000011b8  __TI_Handler_Table_Base       
000011c0  __TI_Handler_Table_Limit      
00000e15  __TI_auto_init_nobinit_nopinit
00000c11  __TI_decompress_lzss          
00000fb3  __TI_decompress_none          
ffffffff  __TI_pprof_out_hndl           
ffffffff  __TI_prof_data_size           
ffffffff  __TI_prof_data_start          
00000000  __TI_static_base__            
00000b0d  __aeabi_memcpy                
00000b0d  __aeabi_memcpy4               
00000b0d  __aeabi_memcpy8               
ffffffff  __binit__                     
ffffffff  __c_args__                    
UNDEFED   __mpu_init                    
20000000  __stack                       
00000e8d  _c_int00_noargs               
UNDEFED   _system_post_cinit            
0000101d  _system_pre_init              
20000210  a                             
00001021  abort                         
ffffffff  binit                         
20000200  boolTrigCondition             
20000234  deltaT                        
2000022c  dis1_filled                   
2000022d  dis2_filled                   
0000051f  disable_interrupts            
00000525  enable_interrupts             
00000000  g_pfnVectors                  
00000d2f  ltoa                          
0000026d  main                          
00000b0d  memcpy                        
20000204  ui32EchoDuration              
20000208  ui32ObstacleDist              
20000238  ui8WelcomeText                
0000052b  wait_for_interrupts           


GLOBAL SYMBOLS: SORTED BY Symbol Address 

address   name                          
-------   ----                          
00000000  __TI_static_base__            
00000000  g_pfnVectors                  
00000200  __STACK_SIZE                  
0000026d  main                          
0000039f  Timer0IntHandler              
000003bf  PortAIntHandler               
000003d9  PF4_Init                      
00000471  PWM_Init                      
0000051f  disable_interrupts            
00000525  enable_interrupts             
0000052b  wait_for_interrupts           
00000531  PF4_Handler                   
00000595  SysTick_Init                  
000005a3  SysTick_Wait                  
000005c3  SysTick_Wait10ms              
00000615  SetRelDis                     
00000705  SetRelSpeed                   
000007d5  GPIOPadConfigSet              
00000909  SysCtlClockGet                
00000a19  SysCtlClockSet                
00000b0d  __aeabi_memcpy                
00000b0d  __aeabi_memcpy4               
00000b0d  __aeabi_memcpy8               
00000b0d  memcpy                        
00000ba9  IntEnable                     
00000c11  __TI_decompress_lzss          
00000c79  TimerConfigure                
00000cd9  GPIOIntTypeSet                
00000d2f  ltoa                          
00000d85  GPIOPinConfigure              
00000dcd  UARTConfigSetExpClk           
00000e15  __TI_auto_init_nobinit_nopinit
00000e59  SysCtlPeripheralEnable        
00000e8d  _c_int00_noargs               
00000ec1  GPIODirModeSet                
00000eed  UARTDisable                   
00000f0d  GPIOPinTypeGPIOOutput         
00000f25  TimerDisable                  
00000f3d  UARTEnable                    
00000f51  GPIOPinTypeGPIOInput          
00000f63  GPIOPinTypeUART               
00000f75  TimerLoadSet                  
00000f87  IntMasterEnable               
00000f97  TimerEnable                   
00000fa5  UARTCharPutNonBlocking        
00000fb3  __TI_decompress_none          
00000fc1  CPUcpsie                      
00000fcd  GPIOIntEnable                 
00000fd9  ResetISR                      
00000fe5  TimerValueGet                 
00000fef  UARTCharPut                   
00000ff9  TimerIntEnable                
00001001  GPIOIntClear                  
00001007  GPIOPinRead                   
0000100d  GPIOPinWrite                  
00001013  SysCtlDelay                   
00001019  TimerIntClear                 
0000101d  _system_pre_init              
00001021  C$$EXIT                       
00001021  abort                         
000011b8  __TI_Handler_Table_Base       
000011c0  __TI_CINIT_Base               
000011c0  __TI_Handler_Table_Limit      
000011c8  __TI_CINIT_Limit              
20000000  __stack                       
20000200  __STACK_END                   
20000200  __STACK_TOP                   
20000200  boolTrigCondition             
20000204  ui32EchoDuration              
20000208  ui32ObstacleDist              
2000020c  ComparatorValue               
20000210  a                             
20000214  ObstacleDist_1                
20000218  ObstacleDist_2                
2000021c  Rel_Speed                     
20000220  Host_Speed                    
20000224  Lead_Speed                    
20000228  Desired_Dis                   
2000022c  dis1_filled                   
2000022d  dis2_filled                   
20000230  RelSpeed                      
20000234  deltaT                        
20000238  ui8WelcomeText                
ffffffff  __TI_pprof_out_hndl           
ffffffff  __TI_prof_data_size           
ffffffff  __TI_prof_data_start          
ffffffff  __binit__                     
ffffffff  __c_args__                    
ffffffff  binit                         
UNDEFED   __mpu_init                    
UNDEFED   _system_post_cinit            

[91 symbols]
