******************************************************************************
                  TI ARM Linker PC v16.9.6                     
******************************************************************************
>> Linked Sun Mar 03 11:44:15 2019

OUTPUT FILE NAME:   <Sample_1.out>
ENTRY POINT SYMBOL: "_c_int00"  address: 00000521


MEMORY CONFIGURATION

         name            origin    length      used     unused   attr    fill
----------------------  --------  ---------  --------  --------  ----  --------
  FLASH                 00000000   00040000  000006a4  0003f95c  R  X
  SRAM                  20000000   00008000  00000220  00007de0  RW X


SEGMENT ALLOCATION MAP

run origin  load origin   length   init length attrs members
----------  ----------- ---------- ----------- ----- -------
00000000    00000000    000006a8   000006a8    r-x
  00000000    00000000    0000026c   0000026c    r-- .intvecs
  0000026c    0000026c    00000400   00000400    r-x .text
  00000670    00000670    00000038   00000038    r-- .cinit
20000000    20000000    00000220   00000000    rw-
  20000000    20000000    00000200   00000000    rw- .stack
  20000200    20000200    00000018   00000000    rw- .data
  20000218    20000218    00000008   00000000    rw- .bss


SECTION ALLOCATION MAP

 output                                  attributes/
section   page    origin      length       input sections
--------  ----  ----------  ----------   ----------------
.intvecs   0    00000000    0000026c     
                  00000000    0000026c     tm4c123gh6pm_startup_ccs.obj (.intvecs)

.text      0    0000026c    00000400     
                  0000026c    000000c4     main.obj (.text)
                  00000330    0000009c     rtsv7M4_T_le_v4SPD16_eabi.lib : memcpy_t2.obj (.text)
                  000003cc    0000007a                                   : memset_t2.obj (.text)
                  00000446    00000002                                   : mpu_init.obj (.text)
                  00000448    00000070                                   : autoinit.obj (.text)
                  000004b8    00000068                                   : copy_decompress_lzss.obj (.text:decompress:lzss)
                  00000520    00000054                                   : boot.obj (.text)
                  00000574    00000054                                   : exit.obj (.text)
                  000005c8    0000004c                                   : cpy_tbl.obj (.text)
                  00000614    00000018                                   : args_main.obj (.text)
                  0000062c    00000014                                   : _lock.obj (.text)
                  00000640    0000000e                                   : copy_decompress_none.obj (.text:decompress:none)
                  0000064e    0000000c                                   : copy_zero_init.obj (.text:decompress:ZI)
                  0000065a    0000000c     tm4c123gh6pm_startup_ccs.obj (.text)
                  00000666    00000004     rtsv7M4_T_le_v4SPD16_eabi.lib : pre_init.obj (.text)
                  0000066a    00000002                                   : startup.obj (.text)

.cinit     0    00000670    00000038     
                  00000670    00000011     (.cinit..data.load) [load image, compression = lzss]
                  00000681    00000003     --HOLE-- [fill = 0]
                  00000684    0000000c     (__TI_handler_table)
                  00000690    00000008     (.cinit..bss.load) [load image, compression = zero_init]
                  00000698    00000010     (__TI_cinit_table)

.init_array 
*          0    00000000    00000000     UNINITIALIZED

.stack     0    20000000    00000200     UNINITIALIZED
                  20000000    00000200     --HOLE--

.data      0    20000200    00000018     UNINITIALIZED
                  20000200    0000000c     rtsv7M4_T_le_v4SPD16_eabi.lib : exit.obj (.data:$O1$$)
                  2000020c    00000008                                   : _lock.obj (.data:$O1$$)
                  20000214    00000004                                   : stkdepth_vars.obj (.data)

.bss       0    20000218    00000008     UNINITIALIZED
                  20000218    00000004     (.common:In)
                  2000021c    00000004     (.common:Out)

MODULE SUMMARY

       Module                         code   ro data   rw data
       ------                         ----   -------   -------
    .\
       tm4c123gh6pm_startup_ccs.obj   12     620       0      
       main.obj                       196    0         8      
    +--+------------------------------+------+---------+---------+
       Total:                         208    620       8      
                                                              
    C:\ti\ccsv7\tools\compiler\ti-cgt-arm_16.9.6.LTS\lib\rtsv7M4_T_le_v4SPD16_eabi.lib
       memcpy_t2.obj                  156    0         0      
       memset_t2.obj                  122    0         0      
       autoinit.obj                   112    0         0      
       copy_decompress_lzss.obj       104    0         0      
       exit.obj                       84     0         12     
       boot.obj                       84     0         0      
       cpy_tbl.obj                    76     0         0      
       _lock.obj                      20     0         8      
       args_main.obj                  24     0         0      
       copy_decompress_none.obj       14     0         0      
       copy_zero_init.obj             12     0         0      
       pre_init.obj                   4      0         0      
       stkdepth_vars.obj              0      0         4      
       mpu_init.obj                   2      0         0      
       startup.obj                    2      0         0      
    +--+------------------------------+------+---------+---------+
       Total:                         816    0         24     
                                                              
       Stack:                         0      0         512    
       Linker Generated:              0      53        0      
    +--+------------------------------+------+---------+---------+
       Grand Total:                   1024   673       544    


LINKER GENERATED COPY TABLES

__TI_cinit_table @ 00000698 records: 2, size/record: 8, table size: 16
	.data: load addr=00000670, load size=00000011 bytes, run addr=20000200, run size=00000018 bytes, compression=lzss
	.bss: load addr=00000690, load size=00000008 bytes, run addr=20000218, run size=00000008 bytes, compression=zero_init


LINKER GENERATED HANDLER TABLE

__TI_handler_table @ 00000684 records: 3, size/record: 4, table size: 12
	index: 0, handler: __TI_decompress_lzss
	index: 1, handler: __TI_decompress_none
	index: 2, handler: __TI_zero_init


GLOBAL SYMBOLS: SORTED ALPHABETICALLY BY Name 

address   name                           
-------   ----                           
00000575  C$$EXIT                        
20000218  In                             
2000021c  Out                            
000002b5  PortF_Init                     
0000065b  ResetISR                       
UNDEFED   SHT$$INIT_ARRAY$$Base          
UNDEFED   SHT$$INIT_ARRAY$$Limit         
20000200  __STACK_END                    
00000200  __STACK_SIZE                   
20000200  __STACK_TOP                    
00000698  __TI_CINIT_Base                
000006a8  __TI_CINIT_Limit               
00000684  __TI_Handler_Table_Base        
00000690  __TI_Handler_Table_Limit       
00000449  __TI_auto_init                 
20000200  __TI_cleanup_ptr               
000004b9  __TI_decompress_lzss           
00000641  __TI_decompress_none           
20000204  __TI_dtors_ptr                 
20000208  __TI_enable_exit_profile_output
ffffffff  __TI_pprof_out_hndl            
ffffffff  __TI_prof_data_size            
ffffffff  __TI_prof_data_start           
00000000  __TI_static_base__             
0000064f  __TI_zero_init                 
000003cd  __aeabi_memclr                 
000003cd  __aeabi_memclr4                
000003cd  __aeabi_memclr8                
00000331  __aeabi_memcpy                 
00000331  __aeabi_memcpy4                
00000331  __aeabi_memcpy8                
000003cf  __aeabi_memset                 
000003cf  __aeabi_memset4                
000003cf  __aeabi_memset8                
ffffffff  __binit__                      
ffffffff  __c_args__                     
00000447  __mpu_init                     
20000000  __stack                        
00000615  _args_main                     
00000521  _c_int00                       
2000020c  _lock                          
0000063b  _nop                           
00000633  _register_lock                 
0000062d  _register_unlock               
0000066b  _system_post_cinit             
00000667  _system_pre_init               
20000210  _unlock                        
00000579  abort                          
ffffffff  binit                          
000005c9  copy_in                        
00000581  exit                           
00000000  g_pfnVectors                   
0000026d  main                           
20000214  main_func_sp                   
00000331  memcpy                         
000003d5  memset                         


GLOBAL SYMBOLS: SORTED BY Symbol Address 

address   name                           
-------   ----                           
00000000  __TI_static_base__             
00000000  g_pfnVectors                   
00000200  __STACK_SIZE                   
0000026d  main                           
000002b5  PortF_Init                     
00000331  __aeabi_memcpy                 
00000331  __aeabi_memcpy4                
00000331  __aeabi_memcpy8                
00000331  memcpy                         
000003cd  __aeabi_memclr                 
000003cd  __aeabi_memclr4                
000003cd  __aeabi_memclr8                
000003cf  __aeabi_memset                 
000003cf  __aeabi_memset4                
000003cf  __aeabi_memset8                
000003d5  memset                         
00000447  __mpu_init                     
00000449  __TI_auto_init                 
000004b9  __TI_decompress_lzss           
00000521  _c_int00                       
00000575  C$$EXIT                        
00000579  abort                          
00000581  exit                           
000005c9  copy_in                        
00000615  _args_main                     
0000062d  _register_unlock               
00000633  _register_lock                 
0000063b  _nop                           
00000641  __TI_decompress_none           
0000064f  __TI_zero_init                 
0000065b  ResetISR                       
00000667  _system_pre_init               
0000066b  _system_post_cinit             
00000684  __TI_Handler_Table_Base        
00000690  __TI_Handler_Table_Limit       
00000698  __TI_CINIT_Base                
000006a8  __TI_CINIT_Limit               
20000000  __stack                        
20000200  __STACK_END                    
20000200  __STACK_TOP                    
20000200  __TI_cleanup_ptr               
20000204  __TI_dtors_ptr                 
20000208  __TI_enable_exit_profile_output
2000020c  _lock                          
20000210  _unlock                        
20000214  main_func_sp                   
20000218  In                             
2000021c  Out                            
ffffffff  __TI_pprof_out_hndl            
ffffffff  __TI_prof_data_size            
ffffffff  __TI_prof_data_start           
ffffffff  __binit__                      
ffffffff  __c_args__                     
ffffffff  binit                          
UNDEFED   SHT$$INIT_ARRAY$$Base          
UNDEFED   SHT$$INIT_ARRAY$$Limit         

[56 symbols]
